#
# A fatal error has been detected by the Java Runtime Environment:
#
#  SIGBUS (0x7) at pc=0x0000715715698d6f (sent by kill), pid=116675, tid=116675
#
# JRE version: OpenJDK Runtime Environment (21.0.11+10) (build 21.0.11+10-1-24.04.2-Ubuntu)
# Java VM: OpenJDK 64-Bit Server VM (21.0.11+10-1-24.04.2-Ubuntu, mixed mode, emulated-client, sharing, tiered, compressed oops, compressed class ptrs, g1 gc, linux-amd64)
# Problematic frame:
# C  [libc.so.6+0x98d6f]
#
# Core dump will be written. Default location: Core dumps may be processed with "/usr/share/apport/apport -p%p -s%s -c%c -d%d -P%P -u%u -g%g -F%F -- %E" (or dumping to /home/abel/Desktop/PROJECTS/2026-projects/hms/hospital-management-system/core.116675)
#
# If you would like to submit a bug report, please visit:
#   https://bugs.launchpad.net/ubuntu/+source/openjdk-21
#

---------------  S U M M A R Y ------------

Command Line: -XX:TieredStopAtLevel=1 com.act.hospitalmanagementsystem.HospitalManagementSystemApplication

Host: Intel(R) Core(TM) i7-8650U CPU @ 1.90GHz, 8 cores, 31G, Ubuntu 24.04.4 LTS
Time: Tue Jun 16 13:00:14 2026 EAT elapsed time: 7.721027 seconds (0d 0h 0m 7s)

---------------  T H R E A D  ---------------

Current thread is native thread

Stack: [0x00007ffe93122000,0x00007ffe9391e000],  sp=0x00007ffe93918cc0,  free space=8155k
Native frames: (J=compiled Java code, j=interpreted, Vv=VM code, C=native code)
C  [libc.so.6+0x98d6f]
C  [libc.so.6+0x9e7a3]
C  [libjli.so+0x90b3]  CallJavaMainInNewThread+0x63
C  [libjli.so+0x60a1]  ContinueInNewThread+0x61
C  [libjli.so+0x6b9a]  JLI_Launch+0x8da
C  [java+0x12b1]
C  [libc.so.6+0x2a1ca]
C  [libc.so.6+0x2a28b]  __libc_start_main+0x8b

siginfo: si_signo: 7 (SIGBUS), si_code: 0 (SI_USER), si_pid: 117032, si_uid: 1000

Registers:
RAX=0x00000000000000ca, RBX=0x0000000000000000, RCX=0x0000715715698d71, RDX=0x000000000001c7c4
RSP=0x00007ffe93918cc0, RBP=0x00007ffe93918d00, RSI=0x0000000000000109, RDI=0x0000715713bff990
R8 =0x0000000000000000, R9 =0x00000000ffffffff, R10=0x0000000000000000, R11=0x0000000000000246
R12=0x000000000001c7c4, R13=0x0000000000000000, R14=0x0000715713bff990, R15=0x0000715713bff6c0
RIP=0x0000715715698d6f, EFLAGS=0x0000000000000246, CSGSFS=0x002b000000000033, ERR=0x0000000000000004
  TRAPNO=0x000000000000000e

XMM[0]=0x0000000000000000 0x0000000000000000
XMM[1]=0x0000000000000000 0x0000000000000000
XMM[2]=0x0000003000000030 0x21f27779459a6700
XMM[3]=0x00006322023ba930 0x00007ffe93918d20
XMM[4]=0x0000000000000001 0x0000632202392bc0
XMM[5]=0x00007ffe93918de0 0x000063220238f380
XMM[6]=0x00006322023ba930 0x000071571568fce1
XMM[7]=0x00006322023bdedf 0x00006322023bdede
XMM[8]=0x0000000000002000 0x0000000000002000
XMM[9]=0x0000000000000000 0x0000000000000000
XMM[10]=0x3f3f3f3f3f3f3f3f 0x3f3f3f3f3f3f3f3f
XMM[11]=0x9999999999999999 0x9999999999999999
XMM[12]=0x2020202020202020 0x2020202020202020
XMM[13]=0x0000000000000000 0x0000000000000000
XMM[14]=0x0000000000000000 0x0000000000000000
XMM[15]=0x0000000000000000 0x0000000000000000
  MXCSR=0x00001f80


Top of Stack: (sp=0x00007ffe93918cc0)
0x00007ffe93918cc0:   0000000000000001 0000000000000000   ................
0x00007ffe93918cd0:   0000715713bff990 00000109459a6700   ....Wq...g.E....
0x00007ffe93918ce0:   0000003000000030 0000000000000000   0...0...........
0x00007ffe93918cf0:   0000000000000000 00007ffe93918d98   ................
0x00007ffe93918d00:   00007ffe93918d80 000071571569e7a3   ..........i.Wq..
0x00007ffe93918d10:   00007ffe93918de0 00007ffe93918d20   ........ .......
0x00007ffe93918d20:   000071571569e650 0000715713bffce0   P.i.Wq......Wq..
0x00007ffe93918d30:   00006322023bdedf 0000000000000000   ..;."c..........
0x00007ffe93918d40:   ffffffff00000002 21f27779459a6700   .........g.Eyw.!
0x00007ffe93918d50:   0000632202393d01 00007ffe93918da0   .=9."c..........
0x00007ffe93918d60:   0000000000100000 00007ffe93918e20   ........ .......
0x00007ffe93918d70:   0000000000000001 0000632202392bc8   .........+9."c..
0x00007ffe93918d80:   00007ffe93918e00 00007157158c40b3   .........@..Wq..
0x00007ffe93918d90:   0000715713bff6c0 0000000000000000   ....Wq..........
0x00007ffe93918da0:   0000000000000000 0000000000000000   ................
0x00007ffe93918db0:   0000000000000000 0000000000000000   ................
0x00007ffe93918dc0:   0000000000100000 0000000000000000   ................
0x00007ffe93918dd0:   0000000000000000 0000000000000000   ................
0x00007ffe93918de0:   0000000000000000 00007ffe93918f40   ........@.......
0x00007ffe93918df0:   0000632202392930 0000000000000000   0)9."c..........
0x00007ffe93918e00:   00007ffe93918eb0 00007157158c10a1   ............Wq..
0x00007ffe93918e10:   0000000000000004 00007ffe93918e20   ........ .......
0x00007ffe93918e20:   0000000000000000 0000632202392bc8   .........+9."c..
0x00007ffe93918e30:   0000000000000001 0000632202392930   ........0)9."c..
0x00007ffe93918e40:   00007157149b7200 00007157149b71b0   .r..Wq...q..Wq..
0x00007ffe93918e50:   00007157149b74b0 0000000000000000   .t..Wq..........
0x00007ffe93918e60:   0000000000000000 0000000000000000   ................
0x00007ffe93918e70:   0000000000000000 0000000000000000   ................
0x00007ffe93918e80:   00007ffe93918ec0 0000000000000000   ................
0x00007ffe93918e90:   0000000000000000 0000632202392bc8   .........+9."c..
0x00007ffe93918ea0:   0000000000000001 0000632202392930   ........0)9."c..
0x00007ffe93918eb0:   00007ffe9391cf90 00007157158c1b9a   ............Wq..

Instructions: (pc=0x0000715715698d6f)
0x0000715715698c6f:   7d ff ff 66 0f 1f 44 00 00 b8 16 00 00 00 c3 66
0x0000715715698c7f:   90 48 83 39 00 79 88 b8 6e 00 00 00 c3 0f 1f 40
0x0000715715698c8f:   00 f3 0f 1e fa 55 48 89 e5 41 55 41 54 41 89 f4
0x0000715715698c9f:   53 48 83 ec 28 48 85 c9 0f 85 db 00 00 00 83 fa
0x0000715715698caf:   01 77 5e c1 e2 08 89 d6 81 f6 00 01 00 00 40 80
0x0000715715698cbf:   ce 89 44 31 c6 80 3d 75 23 17 00 00 74 73 41 b9
0x0000715715698ccf:   ff ff ff ff 45 31 c0 49 89 ca 44 89 e2 b8 ca 00
0x0000715715698cdf:   00 00 0f 05 48 89 c3 89 d8 85 db 7f 3e 83 fb ea
0x0000715715698cef:   7c 2f 83 c3 16 ba 01 08 44 00 48 0f a3 da 73 2b
0x0000715715698cff:   f7 d8 48 83 c4 28 5b 41 5c 41 5d 5d c3 0f 1f 40
0x0000715715698d0f:   00 48 83 c4 28 b8 16 00 00 00 5b 41 5c 41 5d 5d
0x0000715715698d1f:   c3 83 fb 92 74 da 83 fb b5 74 d5 48 8d 3d c7 82
0x0000715715698d2f:   13 00 e8 0a 7d ff ff 66 2e 0f 1f 84 00 00 00 00
0x0000715715698d3f:   00 48 89 7d d0 89 75 dc 48 89 4d c8 e8 00 f8 ff
0x0000715715698d4f:   ff 4c 8b 55 c8 8b 75 dc 45 31 c0 41 89 c5 48 8b
0x0000715715698d5f:   7d d0 41 b9 ff ff ff ff 44 89 e2 b8 ca 00 00 00
0x0000715715698d6f:   0f 05 44 89 ef 48 89 c3 e8 54 f8 ff ff e9 65 ff
0x0000715715698d7f:   ff ff 0f 1f 80 00 00 00 00 48 83 39 00 0f 89 1b
0x0000715715698d8f:   ff ff ff b8 6e 00 00 00 e9 65 ff ff ff 0f 1f 40
0x0000715715698d9f:   00 f3 0f 1e fa 89 f0 89 ce 49 89 d2 40 80 f6 86
0x0000715715698daf:   85 c0 74 09 80 f1 8d 48 85 d2 0f 45 f1 31 d2 b8
0x0000715715698dbf:   ca 00 00 00 0f 05 83 f8 da 74 26 83 f8 92 74 18
0x0000715715698dcf:   8d 50 23 83 fa 23 77 1f 48 b9 01 20 00 81 09 00
0x0000715715698ddf:   00 00 48 0f a3 d1 73 0f f7 d8 c3 66 0f 1f 44 00
0x0000715715698def:   00 b8 16 00 00 00 c3 55 48 8d 3d fa 81 13 00 48
0x0000715715698dff:   89 e5 e8 3a 7c ff ff 66 2e 0f 1f 84 00 00 00 00
0x0000715715698e0f:   00 f3 0f 1e fa 64 48 8b 04 25 10 00 00 00 64 48
0x0000715715698e1f:   8b 14 25 f8 02 00 00 48 89 57 18 48 8d 90 08 03
0x0000715715698e2f:   00 00 8b 80 08 03 00 00 a8 02 75 15 d1 f8 83 e0
0x0000715715698e3f:   01 89 47 10 64 48 89 3c 25 f8 02 00 00 c3 0f 1f
0x0000715715698e4f:   00 89 c1 83 e1 fd f0 0f b1 0a 74 e0 eb f3 0f 1f
0x0000715715698e5f:   00 f3 0f 1e fa 64 48 8b 14 25 10 00 00 00 48 8b



---------------  P R O C E S S  ---------------

VM state: at safepoint (normal execution)

VM Mutex/Monitor currently owned by a thread:  ([mutex/lock_event])
[0x0000715715529ed8] Threads_lock - owner thread: 0x000071570c119a90
[0x0000715715529dd8] Heap_lock - owner thread: 0x000071570c01cc20

Heap address: 0x000000060c800000, size: 7992 MB, Compressed Oops mode: Zero based, Oop shift amount: 3

CDS archive(s) mapped at: [0x000071569b000000-0x000071569bc9c000-0x000071569bc9c000), size 13221888, SharedBaseAddress: 0x000071569b000000, ArchiveRelocationMode: 1.
Compressed class space mapped at: 0x000071569c000000-0x00007156dc000000, reserved size: 1073741824
Narrow klass base: 0x000071569b000000, Narrow klass shift: 0, Narrow klass range: 0x100000000

GC Precious Log:
<Skipped>

Heap:
 garbage-first heap   total 208896K, used 171243K [0x000000060c800000, 0x0000000800000000)
  region size 4096K, 24 young (98304K), 3 survivors (12288K)
 Metaspace       used 85798K, committed 86592K, reserved 1179648K
  class space    used 12453K, committed 12800K, reserved 1048576K

Heap Regions: E=young(eden), S=young(survivor), O=old, HS=humongous(starts), HC=humongous(continues), CS=collection set, F=free, TAMS=top-at-mark-start, PB=parsable bottom
|   0|0x000000060c800000, 0x000000060cc00000, 0x000000060cc00000|100%| O|  |TAMS 0x000000060cc00000| PB 0x000000060c800000| Untracked 
|   1|0x000000060cc00000, 0x000000060d000000, 0x000000060d000000|100%| O|  |TAMS 0x000000060d000000| PB 0x000000060cc00000| Untracked 
|   2|0x000000060d000000, 0x000000060d400000, 0x000000060d400000|100%| O|  |TAMS 0x000000060d000000| PB 0x000000060d000000| Untracked 
|   3|0x000000060d400000, 0x000000060d800000, 0x000000060d800000|100%| O|  |TAMS 0x000000060d800000| PB 0x000000060d400000| Untracked 
|   4|0x000000060d800000, 0x000000060dc00000, 0x000000060dc00000|100%| O|  |TAMS 0x000000060dc00000| PB 0x000000060d800000| Untracked 
|   5|0x000000060dc00000, 0x000000060e000000, 0x000000060e000000|100%| O|  |TAMS 0x000000060e000000| PB 0x000000060dc00000| Untracked 
|   6|0x000000060e000000, 0x000000060e400000, 0x000000060e400000|100%| O|  |TAMS 0x000000060e400000| PB 0x000000060e000000| Untracked 
|   7|0x000000060e400000, 0x000000060e800000, 0x000000060e800000|100%| O|  |TAMS 0x000000060e800000| PB 0x000000060e400000| Untracked 
|   8|0x000000060e800000, 0x000000060e800000, 0x000000060ec00000|  0%| F|  |TAMS 0x000000060e800000| PB 0x000000060e800000| Untracked 
|   9|0x000000060ec00000, 0x000000060f000000, 0x000000060f000000|100%| O|  |TAMS 0x000000060f000000| PB 0x000000060ec00000| Untracked 
|  10|0x000000060f000000, 0x000000060f400000, 0x000000060f400000|100%| O|  |TAMS 0x000000060f400000| PB 0x000000060f000000| Untracked 
|  11|0x000000060f400000, 0x000000060f400000, 0x000000060f800000|  0%| F|  |TAMS 0x000000060f400000| PB 0x000000060f400000| Untracked 
|  12|0x000000060f800000, 0x000000060f800000, 0x000000060fc00000|  0%| F|  |TAMS 0x000000060f800000| PB 0x000000060f800000| Untracked 
|  13|0x000000060fc00000, 0x0000000610000000, 0x0000000610000000|100%| O|  |TAMS 0x0000000610000000| PB 0x000000060fc00000| Untracked 
|  14|0x0000000610000000, 0x0000000610400000, 0x0000000610400000|100%| O|  |TAMS 0x0000000610400000| PB 0x0000000610000000| Untracked 
|  15|0x0000000610400000, 0x0000000610800000, 0x0000000610800000|100%| O|  |TAMS 0x0000000610800000| PB 0x0000000610400000| Untracked 
|  16|0x0000000610800000, 0x0000000610c00000, 0x0000000610c00000|100%| O|  |TAMS 0x0000000610c00000| PB 0x0000000610800000| Untracked 
|  17|0x0000000610c00000, 0x0000000611000000, 0x0000000611000000|100%| O|  |TAMS 0x0000000611000000| PB 0x0000000610c00000| Untracked 
|  18|0x0000000611000000, 0x0000000611400000, 0x0000000611400000|100%| E|CS|TAMS 0x0000000611000000| PB 0x0000000611000000| Complete 
|  19|0x0000000611400000, 0x0000000611400000, 0x0000000611800000|  0%| F|  |TAMS 0x0000000611400000| PB 0x0000000611400000| Untracked 
|  20|0x0000000611800000, 0x0000000611800000, 0x0000000611c00000|  0%| F|  |TAMS 0x0000000611800000| PB 0x0000000611800000| Untracked 
|  21|0x0000000611c00000, 0x0000000611fe68a0, 0x0000000612000000| 97%| S|  |TAMS 0x0000000611c00000| PB 0x0000000611c00000| Complete 
|  22|0x0000000612000000, 0x0000000612400000, 0x0000000612400000|100%| S|  |TAMS 0x0000000612000000| PB 0x0000000612000000| Complete 
|  23|0x0000000612400000, 0x0000000612800000, 0x0000000612800000|100%| S|  |TAMS 0x0000000612400000| PB 0x0000000612400000| Complete 
|  24|0x0000000612800000, 0x0000000612c00000, 0x0000000612c00000|100%| E|CS|TAMS 0x0000000612800000| PB 0x0000000612800000| Complete 
|  25|0x0000000612c00000, 0x0000000613000000, 0x0000000613000000|100%| E|CS|TAMS 0x0000000612c00000| PB 0x0000000612c00000| Complete 
|  26|0x0000000613000000, 0x0000000613400000, 0x0000000613400000|100%| E|CS|TAMS 0x0000000613000000| PB 0x0000000613000000| Complete 
|  27|0x0000000613400000, 0x0000000613800000, 0x0000000613800000|100%| E|CS|TAMS 0x0000000613400000| PB 0x0000000613400000| Complete 
|  28|0x0000000613800000, 0x0000000613c00000, 0x0000000613c00000|100%| E|CS|TAMS 0x0000000613800000| PB 0x0000000613800000| Complete 
|  29|0x0000000613c00000, 0x0000000614000000, 0x0000000614000000|100%| E|CS|TAMS 0x0000000613c00000| PB 0x0000000613c00000| Complete 
|  30|0x0000000614000000, 0x0000000614400000, 0x0000000614400000|100%| E|CS|TAMS 0x0000000614000000| PB 0x0000000614000000| Complete 
|  31|0x0000000614400000, 0x0000000614800000, 0x0000000614800000|100%| E|CS|TAMS 0x0000000614400000| PB 0x0000000614400000| Complete 
|  32|0x0000000614800000, 0x0000000614c00000, 0x0000000614c00000|100%| E|CS|TAMS 0x0000000614800000| PB 0x0000000614800000| Complete 
|  33|0x0000000614c00000, 0x0000000615000000, 0x0000000615000000|100%| E|CS|TAMS 0x0000000614c00000| PB 0x0000000614c00000| Complete 
|  34|0x0000000615000000, 0x0000000615400000, 0x0000000615400000|100%| E|CS|TAMS 0x0000000615000000| PB 0x0000000615000000| Complete 
|  35|0x0000000615400000, 0x0000000615800000, 0x0000000615800000|100%| E|CS|TAMS 0x0000000615400000| PB 0x0000000615400000| Complete 
|  36|0x0000000615800000, 0x0000000615c00000, 0x0000000615c00000|100%| E|CS|TAMS 0x0000000615800000| PB 0x0000000615800000| Complete 
|  37|0x0000000615c00000, 0x0000000616000000, 0x0000000616000000|100%| E|CS|TAMS 0x0000000615c00000| PB 0x0000000615c00000| Complete 
|  38|0x0000000616000000, 0x0000000616400000, 0x0000000616400000|100%| E|CS|TAMS 0x0000000616000000| PB 0x0000000616000000| Complete 
|  39|0x0000000616400000, 0x0000000616800000, 0x0000000616800000|100%| E|CS|TAMS 0x0000000616400000| PB 0x0000000616400000| Complete 
|  40|0x0000000616800000, 0x0000000616c00000, 0x0000000616c00000|100%| E|CS|TAMS 0x0000000616800000| PB 0x0000000616800000| Complete 
|  41|0x0000000616c00000, 0x0000000617000000, 0x0000000617000000|100%| E|CS|TAMS 0x0000000616c00000| PB 0x0000000616c00000| Complete 
|  42|0x0000000617000000, 0x0000000617400000, 0x0000000617400000|100%| E|CS|TAMS 0x0000000617000000| PB 0x0000000617000000| Complete 
|  43|0x0000000617400000, 0x0000000617800000, 0x0000000617800000|100%| E|CS|TAMS 0x0000000617400000| PB 0x0000000617400000| Complete 
|  44|0x0000000617800000, 0x0000000617c00000, 0x0000000617c00000|100%| E|CS|TAMS 0x0000000617800000| PB 0x0000000617800000| Complete 
| 124|0x000000062b800000, 0x000000062bc00000, 0x000000062bc00000|100%| E|CS|TAMS 0x000000062b800000| PB 0x000000062b800000| Complete 
|1993|0x00000007fec00000, 0x00000007ff000000, 0x00000007ff000000|100%| O|  |TAMS 0x00000007fef3af80| PB 0x00000007fec00000| Untracked 
|1994|0x00000007ff000000, 0x00000007ff400000, 0x00000007ff400000|100%| O|  |TAMS 0x00000007ff400000| PB 0x00000007ff000000| Untracked 
|1995|0x00000007ff400000, 0x00000007ff800000, 0x00000007ff800000|100%| O|  |TAMS 0x00000007ff800000| PB 0x00000007ff400000| Untracked 
|1996|0x00000007ff800000, 0x00000007ffc00000, 0x00000007ffc00000|100%| O|  |TAMS 0x00000007ffc00000| PB 0x00000007ff800000| Untracked 
|1997|0x00000007ffc00000, 0x0000000800000000, 0x0000000800000000|100%| E|CS|TAMS 0x00000007ffc00000| PB 0x00000007ffc00000| Complete 

Card table byte_map: [0x00007157018c8000,0x0000715702864000] _byte_map_base: 0x00007156fe864000

Marking Bits: (CMBitMap*) 0x000071570c048080
 Bits: [0x00007156f9be8000, 0x00007157018c8000)

Polling page: 0x00007157158f8000

Metaspace:

Usage:
  Non-class:     71.63 MB used.
      Class:     12.16 MB used.
       Both:     83.79 MB used.

Virtual space:
  Non-class space:      128.00 MB reserved,      72.06 MB ( 56%) committed,  2 nodes.
      Class space:        1.00 GB reserved,      12.50 MB (  1%) committed,  1 nodes.
             Both:        1.12 GB reserved,      84.56 MB (  7%) committed. 

Chunk freelists:
   Non-Class:  7.48 MB
       Class:  3.53 MB
        Both:  11.02 MB

MaxMetaspaceSize: unlimited
CompressedClassSpaceSize: 1.00 GB
Initial GC threshold: 21.00 MB
Current GC threshold: 126.56 MB
CDS: on
 - commit_granule_bytes: 65536.
 - commit_granule_words: 8192.
 - virtual_space_node_default_size: 8388608.
 - enlarge_chunks_in_place: 1.
 - use_allocation_guard: 0.


Internal statistics:

num_allocs_failed_limit: 15.
num_arena_births: 1032.
num_arena_deaths: 0.
num_vsnodes_births: 3.
num_vsnodes_deaths: 0.
num_space_committed: 1353.
num_space_uncommitted: 0.
num_chunks_returned_to_freelist: 15.
num_chunks_taken_from_freelist: 4083.
num_chunk_merges: 15.
num_chunk_splits: 3065.
num_chunks_enlarged: 2469.
num_inconsistent_stats: 0.

CodeCache: size=49152Kb used=17603Kb max_used=17603Kb free=31549Kb
 bounds [0x0000715710a00000, 0x0000715711b40000, 0x0000715713a00000]
 total_blobs=10101, nmethods=9358, adapters=663, full_count=0
Compilation: enabled, stopped_count=0, restarted_count=0

Compilation events (20 events):
Event: 7.293 Thread 0x000071570c129c20 9434       1       org.antlr.v4.runtime.misc.FlexibleHashMap::values (95 bytes)
Event: 7.293 Thread 0x000071570c129c20 nmethod 9434 0x0000715711b23190 code [0x0000715711b233a0, 0x0000715711b23978]
Event: 7.295 Thread 0x00007156700cb450 9435       1       org.antlr.v4.runtime.BufferedTokenStream::consume (119 bytes)
Event: 7.295 Thread 0x00007156700cb450 nmethod 9435 0x0000715711b23d90 code [0x0000715711b23f80, 0x0000715711b24298]
Event: 7.566 Thread 0x000071570c129c20 9436       1       org.antlr.v4.runtime.atn.PredictionMode::getConflictingAltSubsets (81 bytes)
Event: 7.567 Thread 0x000071570c129c20 nmethod 9436 0x0000715711b24490 code [0x0000715711b246a0, 0x0000715711b24c08]
Event: 7.647 Thread 0x000071566c001970 9437       1       org.antlr.v4.runtime.BufferedTokenStream::seek (14 bytes)
Event: 7.647 Thread 0x000071566c001970 nmethod 9437 0x0000715711b24f10 code [0x0000715711b250c0, 0x0000715711b25240]
Event: 7.683 Thread 0x000071570c129c20 9438       1       org.antlr.v4.runtime.atn.PredictionMode::hasConflictingAltSet (41 bytes)
Event: 7.684 Thread 0x000071570c129c20 nmethod 9438 0x0000715711b25390 code [0x0000715711b25580, 0x0000715711b257e8]
Event: 7.684 Thread 0x000071567c05b9b0 9439   !   1       org.antlr.v4.runtime.atn.ParserATNSimulator::adaptivePredict (406 bytes)
Event: 7.684 Thread 0x000071570c129c20 9440       1       org.antlr.v4.runtime.atn.ParserATNSimulator::execATN (584 bytes)
Event: 7.684 Thread 0x000071566c001970 9441       1       org.antlr.v4.runtime.BufferedTokenStream::release (1 bytes)
Event: 7.684 Thread 0x000071566c001970 nmethod 9441 0x0000715711b25990 code [0x0000715711b25b20, 0x0000715711b25be0]
Event: 7.694 Thread 0x000071570c129c20 nmethod 9440 0x0000715711b25c90 code [0x0000715711b262a0, 0x0000715711b27e70]
Event: 7.697 Thread 0x000071567c05b9b0 nmethod 9439 0x0000715711b29210 code [0x0000715711b296c0, 0x0000715711b2aeb8]
Event: 7.698 Thread 0x000071570c129c20 9442   !   1       org.antlr.v4.runtime.atn.ParserATNSimulator::addDFAState (173 bytes)
Event: 7.699 Thread 0x000071570c129c20 nmethod 9442 0x0000715711b2c110 code [0x0000715711b2c3e0, 0x0000715711b2cc90]
Event: 7.712 Thread 0x000071570c129c20 9443       1       org.antlr.v4.runtime.misc.FlexibleHashMap::createEntryListArray (7 bytes)
Event: 7.712 Thread 0x000071570c129c20 nmethod 9443 0x0000715711b2d490 code [0x0000715711b2d620, 0x0000715711b2d750]

GC Heap History (20 events):
Event: 2.663 GC heap before
{Heap before GC invocations=7 (full 0):
 garbage-first heap   total 315392K, used 31459K [0x000000060c800000, 0x0000000800000000)
  region size 4096K, 5 young (20480K), 4 survivors (16384K)
 Metaspace       used 32396K, committed 32768K, reserved 1114112K
  class space    used 4494K, committed 4672K, reserved 1048576K
}
Event: 2.670 GC heap after
{Heap after GC invocations=8 (full 0):
 garbage-first heap   total 315392K, used 31667K [0x000000060c800000, 0x0000000800000000)
  region size 4096K, 3 young (12288K), 3 survivors (12288K)
 Metaspace       used 32396K, committed 32768K, reserved 1114112K
  class space    used 4494K, committed 4672K, reserved 1048576K
}
Event: 3.372 GC heap before
{Heap before GC invocations=9 (full 0):
 garbage-first heap   total 122880K, used 93107K [0x000000060c800000, 0x0000000800000000)
  region size 4096K, 18 young (73728K), 3 survivors (12288K)
 Metaspace       used 41144K, committed 41728K, reserved 1114112K
  class space    used 5705K, committed 5952K, reserved 1048576K
}
Event: 3.387 GC heap after
{Heap after GC invocations=10 (full 0):
 garbage-first heap   total 122880K, used 36199K [0x000000060c800000, 0x0000000800000000)
  region size 4096K, 3 young (12288K), 3 survivors (12288K)
 Metaspace       used 41144K, committed 41728K, reserved 1114112K
  class space    used 5705K, committed 5952K, reserved 1048576K
}
Event: 4.209 GC heap before
{Heap before GC invocations=10 (full 0):
 garbage-first heap   total 122880K, used 93543K [0x000000060c800000, 0x0000000800000000)
  region size 4096K, 17 young (69632K), 3 survivors (12288K)
 Metaspace       used 54147K, committed 54720K, reserved 1114112K
  class space    used 7391K, committed 7616K, reserved 1048576K
}
Event: 4.224 GC heap after
{Heap after GC invocations=11 (full 0):
 garbage-first heap   total 122880K, used 39971K [0x000000060c800000, 0x0000000800000000)
  region size 4096K, 3 young (12288K), 3 survivors (12288K)
 Metaspace       used 54147K, committed 54720K, reserved 1114112K
  class space    used 7391K, committed 7616K, reserved 1048576K
}
Event: 4.244 GC heap before
{Heap before GC invocations=11 (full 0):
 garbage-first heap   total 122880K, used 39971K [0x000000060c800000, 0x0000000800000000)
  region size 4096K, 4 young (16384K), 3 survivors (12288K)
 Metaspace       used 54555K, committed 55168K, reserved 1114112K
  class space    used 7459K, committed 7744K, reserved 1048576K
}
Event: 4.258 GC heap after
{Heap after GC invocations=12 (full 0):
 garbage-first heap   total 319488K, used 40114K [0x000000060c800000, 0x0000000800000000)
  region size 4096K, 1 young (4096K), 1 survivors (4096K)
 Metaspace       used 54555K, committed 55168K, reserved 1114112K
  class space    used 7459K, committed 7744K, reserved 1048576K
}
Event: 5.149 GC heap before
{Heap before GC invocations=13 (full 0):
 garbage-first heap   total 151552K, used 126130K [0x000000060c800000, 0x0000000800000000)
  region size 4096K, 22 young (90112K), 1 survivors (4096K)
 Metaspace       used 65625K, committed 66304K, reserved 1114112K
  class space    used 9179K, committed 9472K, reserved 1048576K
}
Event: 5.162 GC heap after
{Heap after GC invocations=14 (full 0):
 garbage-first heap   total 151552K, used 47839K [0x000000060c800000, 0x0000000800000000)
  region size 4096K, 3 young (12288K), 3 survivors (12288K)
 Metaspace       used 65625K, committed 66304K, reserved 1114112K
  class space    used 9179K, committed 9472K, reserved 1048576K
}
Event: 5.753 GC heap before
{Heap before GC invocations=14 (full 0):
 garbage-first heap   total 151552K, used 125663K [0x000000060c800000, 0x0000000800000000)
  region size 4096K, 22 young (90112K), 3 survivors (12288K)
 Metaspace       used 72879K, committed 73600K, reserved 1114112K
  class space    used 10338K, committed 10688K, reserved 1048576K
}
Event: 5.767 GC heap after
{Heap after GC invocations=15 (full 0):
 garbage-first heap   total 151552K, used 50707K [0x000000060c800000, 0x0000000800000000)
  region size 4096K, 1 young (4096K), 1 survivors (4096K)
 Metaspace       used 72879K, committed 73600K, reserved 1114112K
  class space    used 10338K, committed 10688K, reserved 1048576K
}
Event: 6.061 GC heap before
{Heap before GC invocations=15 (full 0):
 garbage-first heap   total 151552K, used 128531K [0x000000060c800000, 0x0000000800000000)
  region size 4096K, 20 young (81920K), 1 survivors (4096K)
 Metaspace       used 73482K, committed 74176K, reserved 1114112K
  class space    used 10392K, committed 10752K, reserved 1048576K
}
Event: 6.064 GC heap after
{Heap after GC invocations=16 (full 0):
 garbage-first heap   total 151552K, used 50569K [0x000000060c800000, 0x0000000800000000)
  region size 4096K, 1 young (4096K), 1 survivors (4096K)
 Metaspace       used 73482K, committed 74176K, reserved 1114112K
  class space    used 10392K, committed 10752K, reserved 1048576K
}
Event: 6.495 GC heap before
{Heap before GC invocations=16 (full 0):
 garbage-first heap   total 151552K, used 120201K [0x000000060c800000, 0x0000000800000000)
  region size 4096K, 19 young (77824K), 1 survivors (4096K)
 Metaspace       used 76643K, committed 77376K, reserved 1179648K
  class space    used 10850K, committed 11200K, reserved 1048576K
}
Event: 6.501 GC heap after
{Heap after GC invocations=17 (full 0):
 garbage-first heap   total 151552K, used 53703K [0x000000060c800000, 0x0000000800000000)
  region size 4096K, 2 young (8192K), 2 survivors (8192K)
 Metaspace       used 76643K, committed 77376K, reserved 1179648K
  class space    used 10850K, committed 11200K, reserved 1048576K
}
Event: 7.124 GC heap before
{Heap before GC invocations=18 (full 0):
 garbage-first heap   total 151552K, used 131527K [0x000000060c800000, 0x0000000800000000)
  region size 4096K, 21 young (86016K), 2 survivors (8192K)
 Metaspace       used 85786K, committed 86528K, reserved 1179648K
  class space    used 12452K, committed 12800K, reserved 1048576K
}
Event: 7.137 GC heap after
{Heap after GC invocations=19 (full 0):
 garbage-first heap   total 151552K, used 60996K [0x000000060c800000, 0x0000000800000000)
  region size 4096K, 3 young (12288K), 3 survivors (12288K)
 Metaspace       used 85786K, committed 86528K, reserved 1179648K
  class space    used 12452K, committed 12800K, reserved 1048576K
}
Event: 7.334 GC heap before
{Heap before GC invocations=19 (full 0):
 garbage-first heap   total 151552K, used 130628K [0x000000060c800000, 0x0000000800000000)
  region size 4096K, 20 young (81920K), 3 survivors (12288K)
 Metaspace       used 85788K, committed 86528K, reserved 1179648K
  class space    used 12452K, committed 12800K, reserved 1048576K
}
Event: 7.380 GC heap after
{Heap after GC invocations=20 (full 0):
 garbage-first heap   total 208896K, used 85227K [0x000000060c800000, 0x0000000800000000)
  region size 4096K, 3 young (12288K), 3 survivors (12288K)
 Metaspace       used 85788K, committed 86528K, reserved 1179648K
  class space    used 12452K, committed 12800K, reserved 1048576K
}

Dll operation events (9 events):
Event: 0.005 Loaded shared library /usr/lib/jvm/java-21-openjdk-amd64/lib/libjava.so
Event: 0.050 Loaded shared library /usr/lib/jvm/java-21-openjdk-amd64/lib/libnio.so
Event: 0.055 Loaded shared library /usr/lib/jvm/java-21-openjdk-amd64/lib/libzip.so
Event: 0.177 Loaded shared library /usr/lib/jvm/java-21-openjdk-amd64/lib/libjimage.so
Event: 0.972 Loaded shared library /usr/lib/jvm/java-21-openjdk-amd64/lib/libnet.so
Event: 2.833 Loaded shared library /usr/lib/jvm/java-21-openjdk-amd64/lib/libverify.so
Event: 3.275 Loaded shared library /usr/lib/jvm/java-21-openjdk-amd64/lib/libmanagement.so
Event: 3.277 Loaded shared library /usr/lib/jvm/java-21-openjdk-amd64/lib/libmanagement_ext.so
Event: 3.703 Loaded shared library /usr/lib/jvm/java-21-openjdk-amd64/lib/libextnet.so

Deoptimization events (4 events):
Event: 5.537 Thread 0x000071570c01cc20 DEOPT PACKING pc=0x000071571185325c sp=0x0000715713bf8760
Event: 5.537 Thread 0x000071570c01cc20 DEOPT UNPACKING pc=0x0000715710a5472f sp=0x0000715713bf7c18 mode 0
Event: 6.629 Thread 0x000071570c01cc20 DEOPT PACKING pc=0x00007157114c53fc sp=0x0000715713bfab00
Event: 6.629 Thread 0x000071570c01cc20 DEOPT UNPACKING pc=0x0000715710a5472f sp=0x0000715713bf9fe8 mode 0

Classes loaded (20 events):
Event: 6.778 Loading class java/lang/invoke/WrongMethodTypeException
Event: 6.778 Loading class java/lang/invoke/WrongMethodTypeException done
Event: 6.786 Loading class java/util/regex/Pattern$Neg
Event: 6.786 Loading class java/util/regex/Pattern$Neg done
Event: 6.787 Loading class java/util/regex/Pattern$SliceU
Event: 6.787 Loading class java/util/regex/Pattern$SliceU done
Event: 6.787 Loading class java/util/regex/Pattern$Bound
Event: 6.787 Loading class java/util/regex/Pattern$Bound done
Event: 6.788 Loading class java/util/regex/Pattern$Behind
Event: 6.788 Loading class java/util/regex/Pattern$Behind done
Event: 6.798 Loading class java/util/EmptyStackException
Event: 6.798 Loading class java/util/EmptyStackException done
Event: 6.861 Loading class java/io/InvalidClassException
Event: 6.861 Loading class java/io/InvalidClassException done
Event: 7.090 Loading class java/lang/Character$UnicodeBlock
Event: 7.091 Loading class java/lang/Character$Subset
Event: 7.091 Loading class java/lang/Character$Subset done
Event: 7.091 Loading class java/lang/Character$UnicodeBlock done
Event: 7.434 Loading class jdk/internal/misc/Signal$1
Event: 7.434 Loading class jdk/internal/misc/Signal$1 done

Classes unloaded (0 events):
No events

Classes redefined (0 events):
No events

Internal exceptions (20 events):
Event: 5.273 Thread 0x000071570c01cc20 Exception <a 'java/lang/NoSuchMethodError'{0x0000000614325658}: 'java.lang.Object java.lang.invoke.DirectMethodHandle$Holder.invokeStatic(java.lang.Object, java.lang.Object, int, java.lang.Object)'> (0x0000000614325658) 
thrown [./src/hotspot/share/interpreter/linkResolver.cpp, line 772]
Event: 5.274 Thread 0x000071570c01cc20 Exception <a 'java/lang/NoSuchMethodError'{0x00000006143296a0}: 'java.lang.Object java.lang.invoke.DirectMethodHandle$Holder.invokeStaticInit(java.lang.Object, java.lang.Object, int, java.lang.Object)'> (0x00000006143296a0) 
thrown [./src/hotspot/share/interpreter/linkResolver.cpp, line 772]
Event: 6.281 Thread 0x000071570c01cc20 Exception <a 'java/lang/NoSuchMethodError'{0x00000006121225a0}: 'void java.lang.invoke.DirectMethodHandle$Holder.invokeStaticInit(java.lang.Object, int, java.lang.Object, java.lang.Object, java.lang.Object, java.lang.Object)'> (0x00000006121225a0) 
thrown [./src/hotspot/share/interpreter/linkResolver.cpp, line 772]
Event: 6.317 Thread 0x000071570c01cc20 Exception <a 'java/lang/NoSuchMethodError'{0x0000000612321180}: 'int java.lang.invoke.DirectMethodHandle$Holder.invokeStatic(java.lang.Object, java.lang.Object, java.lang.Object, java.lang.Object, java.lang.Object, java.lang.Object)'> (0x0000000612321180) 
thrown [./src/hotspot/share/interpreter/linkResolver.cpp, line 772]
Event: 6.362 Thread 0x000071570c01cc20 Exception <a 'java/lang/NoSuchMethodError'{0x0000000611ef7560}: 'void java.lang.invoke.DirectMethodHandle$Holder.invokeInterface(java.lang.Object, java.lang.Object, int, java.lang.Object)'> (0x0000000611ef7560) 
thrown [./src/hotspot/share/interpreter/linkResolver.cpp, line 772]
Event: 6.365 Thread 0x000071570c01cc20 Exception <a 'java/lang/NoSuchMethodError'{0x0000000611f1d6f0}: 'java.lang.Object java.lang.invoke.DirectMethodHandle$Holder.newInvokeSpecial(java.lang.Object, java.lang.Object, int, java.lang.Object)'> (0x0000000611f1d6f0) 
thrown [./src/hotspot/share/interpreter/linkResolver.cpp, line 772]
Event: 6.365 Thread 0x000071570c01cc20 Exception <a 'java/lang/NoSuchMethodError'{0x0000000611f218a0}: 'java.lang.Object java.lang.invoke.Invokers$Holder.linkToTargetMethod(java.lang.Object, int, java.lang.Object, java.lang.Object)'> (0x0000000611f218a0) 
thrown [./src/hotspot/share/interpreter/linkResolver.cpp, line 772]
Event: 6.372 Thread 0x000071570c01cc20 Exception <a 'java/lang/NoSuchMethodError'{0x0000000611faa5f0}: 'void java.lang.invoke.DirectMethodHandle$Holder.invokeSpecial(java.lang.Object, java.lang.Object, java.lang.Object, java.lang.Object, java.lang.Object, java.lang.Object, java.lang.Object, java.lang.Object)'> (0x0000000611faa5f0) 
thrown [./src/hotspot/share/interpreter/linkResolver.cpp, line 772]
Event: 6.376 Thread 0x000071570c01cc20 Exception <a 'java/lang/NoSuchMethodError'{0x0000000611fe89a8}: 'void java.lang.invoke.DirectMethodHandle$Holder.invokeSpecial(java.lang.Object, java.lang.Object, int, java.lang.Object)'> (0x0000000611fe89a8) 
thrown [./src/hotspot/share/interpreter/linkResolver.cpp, line 772]
Event: 6.376 Thread 0x000071570c01cc20 Exception <a 'java/lang/IncompatibleClassChangeError'{0x0000000611fef840}: Found class java.lang.Object, but interface was expected> (0x0000000611fef840) 
thrown [./src/hotspot/share/interpreter/linkResolver.cpp, line 840]
Event: 6.396 Thread 0x000071570c01cc20 Exception <a 'java/lang/NoSuchMethodError'{0x000000061194ef08}: 'int java.lang.invoke.DirectMethodHandle$Holder.invokeStatic(java.lang.Object, int, java.lang.Object)'> (0x000000061194ef08) 
thrown [./src/hotspot/share/interpreter/linkResolver.cpp, line 772]
Event: 6.397 Thread 0x000071570c01cc20 Exception <a 'java/lang/NoSuchMethodError'{0x000000061196ab60}: 'java.lang.Object java.lang.invoke.DirectMethodHandle$Holder.newInvokeSpecial(java.lang.Object, java.lang.Object, java.lang.Object, java.lang.Object, java.lang.Object, int, java.lang.Object)'> (0x000000061196ab60) 
thrown [./src/hotspot/share/interpreter/linkResolver.cpp, line 772]
Event: 6.400 Thread 0x000071570c01cc20 Exception <a 'java/lang/NoSuchMethodError'{0x00000006119a9608}: 'java.lang.Object java.lang.invoke.Invokers$Holder.linkToTargetMethod(java.lang.Object, java.lang.Object, java.lang.Object, java.lang.Object, java.lang.Object, java.lang.Object, java.lang.Object, java.lang.Object, java.lang.Object, java.lang.Object, java.lang.Object, java.lang.Object)'> (0x00000006119a9608) 
thrown [./src/hotspot/share/interpreter/linkResolver.cpp, line 772]
Event: 6.458 Thread 0x000071570c01cc20 Exception <a 'java/lang/IncompatibleClassChangeError'{0x00000006110116f8}: Found class java.lang.Object, but interface was expected> (0x00000006110116f8) 
thrown [./src/hotspot/share/interpreter/linkResolver.cpp, line 840]
Event: 6.477 Thread 0x000071570c01cc20 Exception <a 'java/lang/NoSuchMethodError'{0x000000061117db20}: 'java.lang.Object java.lang.invoke.DirectMethodHandle$Holder.newInvokeSpecial(java.lang.Object, java.lang.Object, int, java.lang.Object, int, java.lang.Object, java.lang.Object)'> (0x000000061117db20) 
thrown [./src/hotspot/share/interpreter/linkResolver.cpp, line 772]
Event: 6.642 Thread 0x000071570c01cc20 Exception <a 'java/lang/IncompatibleClassChangeError'{0x0000000614a88c00}: Found class java.lang.Object, but interface was expected> (0x0000000614a88c00) 
thrown [./src/hotspot/share/interpreter/linkResolver.cpp, line 840]
Event: 6.667 Thread 0x000071570c01cc20 Exception <a 'java/lang/IncompatibleClassChangeError'{0x00000006144a9a90}: Found class java.lang.Object, but interface was expected> (0x00000006144a9a90) 
thrown [./src/hotspot/share/interpreter/linkResolver.cpp, line 840]
Event: 6.726 Thread 0x000071570c01cc20 Exception <a 'java/lang/IncompatibleClassChangeError'{0x00000006142b50f0}: Found class java.lang.Object, but interface was expected> (0x00000006142b50f0) 
thrown [./src/hotspot/share/interpreter/linkResolver.cpp, line 840]
Event: 7.098 Thread 0x000071570c01cc20 Exception <a 'java/lang/IncompatibleClassChangeError'{0x0000000611261060}: Found class java.lang.Object, but interface was expected> (0x0000000611261060) 
thrown [./src/hotspot/share/interpreter/linkResolver.cpp, line 840]
Event: 7.098 Thread 0x000071570c01cc20 Exception <a 'java/lang/IncompatibleClassChangeError'{0x0000000611266c28}: Found class java.lang.Object, but interface was expected> (0x0000000611266c28) 
thrown [./src/hotspot/share/interpreter/linkResolver.cpp, line 840]

ZGC Phase Switch (0 events):
No events

VM Operations (20 events):
Event: 6.540 Executing safepoint VM operation: G1PauseRemark
Event: 6.546 Executing safepoint VM operation: G1PauseRemark done
Event: 6.560 Executing safepoint VM operation: G1PauseCleanup
Event: 6.560 Executing safepoint VM operation: G1PauseCleanup done
Event: 6.663 Executing non-safepoint VM operation: HandshakeAllThreads (Deoptimize)
Event: 6.663 Executing non-safepoint VM operation: HandshakeAllThreads (Deoptimize) done
Event: 6.733 Executing non-safepoint VM operation: HandshakeAllThreads (Deoptimize)
Event: 6.733 Executing non-safepoint VM operation: HandshakeAllThreads (Deoptimize) done
Event: 6.734 Executing non-safepoint VM operation: HandshakeAllThreads (Deoptimize)
Event: 6.734 Executing non-safepoint VM operation: HandshakeAllThreads (Deoptimize) done
Event: 6.871 Executing non-safepoint VM operation: HandshakeAllThreads (Deoptimize)
Event: 6.871 Executing non-safepoint VM operation: HandshakeAllThreads (Deoptimize) done
Event: 6.926 Executing non-safepoint VM operation: HandshakeAllThreads (Deoptimize)
Event: 6.926 Executing non-safepoint VM operation: HandshakeAllThreads (Deoptimize) done
Event: 7.051 Executing non-safepoint VM operation: HandshakeAllThreads (Deoptimize)
Event: 7.051 Executing non-safepoint VM operation: HandshakeAllThreads (Deoptimize) done
Event: 7.124 Executing safepoint VM operation: G1CollectForAllocation (G1 Evacuation Pause)
Event: 7.137 Executing safepoint VM operation: G1CollectForAllocation (G1 Evacuation Pause) done
Event: 7.334 Executing safepoint VM operation: G1CollectForAllocation (G1 Evacuation Pause)
Event: 7.380 Executing safepoint VM operation: G1CollectForAllocation (G1 Evacuation Pause) done

Memory protections (20 events):
Event: 0.004 Protecting memory [0x0000715713b00000,0x0000715713b04000] with protection modes 0
Event: 0.035 Protecting memory [0x00007156f8ddb000,0x00007156f8ddf000] with protection modes 0
Event: 0.035 Protecting memory [0x00007156f8700000,0x00007156f8704000] with protection modes 0
Event: 0.035 Protecting memory [0x00007156f8600000,0x00007156f8604000] with protection modes 0
Event: 0.035 Protecting memory [0x00007156f8500000,0x00007156f8504000] with protection modes 0
Event: 0.035 Protecting memory [0x00007156f8400000,0x00007156f8404000] with protection modes 0
Event: 0.035 Protecting memory [0x00007156f8300000,0x00007156f8304000] with protection modes 0
Event: 0.046 Protecting memory [0x00007156f8200000,0x00007156f8204000] with protection modes 0
Event: 0.047 Protecting memory [0x00007156f8100000,0x00007156f8104000] with protection modes 0
Event: 0.048 Protecting memory [0x00007156f8000000,0x00007156f8004000] with protection modes 0
Event: 0.234 Protecting memory [0x00007156e9f00000,0x00007156e9f04000] with protection modes 0
Event: 0.234 Protecting memory [0x00007156e9e00000,0x00007156e9e04000] with protection modes 0
Event: 0.755 Protecting memory [0x00007156e95f9000,0x00007156e95fd000] with protection modes 0
Event: 1.248 Protecting memory [0x00007156e95f9000,0x00007156e95fd000] with protection modes 0
Event: 3.908 Protecting memory [0x00007156e95f9000,0x00007156e95fd000] with protection modes 0
Event: 3.917 Protecting memory [0x00007156e93f8000,0x00007156e93fc000] with protection modes 0
Event: 4.007 Protecting memory [0x00007156e92f8000,0x00007156e92fc000] with protection modes 0
Event: 7.434 Protecting memory [0x00007156e91f8000,0x00007156e91fc000] with protection modes 0
Event: 7.435 Protecting memory [0x00007156e90f8000,0x00007156e90fc000] with protection modes 0
Event: 7.435 Protecting memory [0x00007156e8ff8000,0x00007156e8ffc000] with protection modes 0

Nmethod flushes (20 events):
Event: 4.295 Thread 0x000071570c119a90 flushing  nmethod 0x0000715711283990
Event: 6.544 Thread 0x000071570c119a90 flushing  nmethod 0x0000715710c4cf90
Event: 6.544 Thread 0x000071570c119a90 flushing  nmethod 0x0000715710eff690
Event: 6.544 Thread 0x000071570c119a90 flushing  nmethod 0x0000715711051810
Event: 6.544 Thread 0x000071570c119a90 flushing  nmethod 0x0000715710e16690
Event: 6.544 Thread 0x000071570c119a90 flushing  nmethod 0x0000715710f37f90
Event: 6.544 Thread 0x000071570c119a90 flushing  nmethod 0x0000715711091a90
Event: 6.544 Thread 0x000071570c119a90 flushing  nmethod 0x0000715711128f90
Event: 6.544 Thread 0x000071570c119a90 flushing  nmethod 0x000071571119e510
Event: 6.544 Thread 0x000071570c119a90 flushing  nmethod 0x00007157111a0690
Event: 6.544 Thread 0x000071570c119a90 flushing  nmethod 0x00007157112db210
Event: 6.544 Thread 0x000071570c119a90 flushing  nmethod 0x00007157112ef990
Event: 6.544 Thread 0x000071570c119a90 flushing  nmethod 0x0000715711342110
Event: 6.544 Thread 0x000071570c119a90 flushing  nmethod 0x0000715711489010
Event: 6.544 Thread 0x000071570c119a90 flushing  nmethod 0x0000715711489c10
Event: 6.544 Thread 0x000071570c119a90 flushing  nmethod 0x0000715710dfb210
Event: 6.544 Thread 0x000071570c119a90 flushing  nmethod 0x00007157110b7890
Event: 6.544 Thread 0x000071570c119a90 flushing  nmethod 0x000071571112ff10
Event: 6.544 Thread 0x000071570c119a90 flushing  nmethod 0x000071571116b610
Event: 6.544 Thread 0x000071570c119a90 flushing  nmethod 0x0000715711495110

Events (20 events):
Event: 0.035 Thread 0x000071570c01cc20 Thread added: 0x000071570c125910
Event: 0.035 Thread 0x000071570c01cc20 Thread added: 0x000071570c126f60
Event: 0.035 Thread 0x000071570c01cc20 Thread added: 0x000071570c128510
Event: 0.035 Thread 0x000071570c01cc20 Thread added: 0x000071570c129c20
Event: 0.046 Thread 0x000071570c129c20 Thread added: 0x000071567c05b9b0
Event: 0.046 Thread 0x000071570c01cc20 Thread added: 0x000071570c136740
Event: 0.048 Thread 0x000071570c01cc20 Thread added: 0x000071570c139860
Event: 0.234 Thread 0x000071567c05b9b0 Thread added: 0x00007156700cb450
Event: 0.234 Thread 0x00007156700cb450 Thread added: 0x000071566c001970
Event: 0.755 Thread 0x000071570c01cc20 Thread added: 0x000071570ca96960
Event: 1.215 Thread 0x000071570ca96960 Thread exited: 0x000071570ca96960
Event: 1.248 Thread 0x000071570c01cc20 Thread added: 0x000071570cc824c0
Event: 1.284 Thread 0x000071570cc824c0 Thread exited: 0x000071570cc824c0
Event: 3.908 Thread 0x000071570c01cc20 Thread added: 0x000071570da48db0
Event: 3.917 Thread 0x000071570c01cc20 Thread added: 0x000071570da598e0
Event: 4.007 Thread 0x000071570c01cc20 Thread added: 0x000071570dad6230
Event: 7.434 Thread 0x000071570c125910 Thread added: 0x0000715680001120
Event: 7.435 Thread 0x0000715680001120 Thread added: 0x000071562c001800
Event: 7.435 Thread 0x0000715680001120 Thread added: 0x000071562c002c00
Event: 7.435 Thread 0x000071562c002c00 Thread exited: 0x000071562c002c00


Dynamic libraries:
60c800000-617c00000 rw-p 00000000 00:00 0 
617c00000-62b800000 ---p 00000000 00:00 0 
62b800000-62bc00000 rw-p 00000000 00:00 0 
62bc00000-7fec00000 ---p 00000000 00:00 0 
7fec00000-7ffc00000 rw-p 00000000 00:00 0 
7ffc00000-7ffd0d000 rw-p 00cdb000 08:02 27140273                         /usr/lib/jvm/java-21-openjdk-amd64/lib/server/classes.jsa
7ffd0d000-800000000 rw-p 00000000 00:00 0 
6321c73cc000-6321c73cd000 r--p 00000000 08:02 27140197                   /usr/lib/jvm/java-21-openjdk-amd64/bin/java
6321c73cd000-6321c73ce000 r-xp 00001000 08:02 27140197                   /usr/lib/jvm/java-21-openjdk-amd64/bin/java
6321c73ce000-6321c73cf000 r--p 00002000 08:02 27140197                   /usr/lib/jvm/java-21-openjdk-amd64/bin/java
6321c73cf000-6321c73d0000 r--p 00002000 08:02 27140197                   /usr/lib/jvm/java-21-openjdk-amd64/bin/java
6321c73d0000-6321c73d1000 rw-p 00003000 08:02 27140197                   /usr/lib/jvm/java-21-openjdk-amd64/bin/java
63220238f000-6322023d9000 rw-p 00000000 00:00 0                          [heap]
715624000000-715624021000 rw-p 00000000 00:00 0 
715624021000-715628000000 ---p 00000000 00:00 0 
71562c000000-71562c021000 rw-p 00000000 00:00 0 
71562c021000-715630000000 ---p 00000000 00:00 0 
715630000000-715630021000 rw-p 00000000 00:00 0 
715630021000-715634000000 ---p 00000000 00:00 0 
715634000000-715634890000 rw-p 00000000 00:00 0 
715634890000-715638000000 ---p 00000000 00:00 0 
715638000000-715638021000 rw-p 00000000 00:00 0 
715638021000-71563c000000 ---p 00000000 00:00 0 
71563c000000-71563c021000 rw-p 00000000 00:00 0 
71563c021000-715640000000 ---p 00000000 00:00 0 
715640000000-715640484000 rw-p 00000000 00:00 0 
715640484000-715644000000 ---p 00000000 00:00 0 
715644000000-715644021000 rw-p 00000000 00:00 0 
715644021000-715648000000 ---p 00000000 00:00 0 
715648000000-715648021000 rw-p 00000000 00:00 0 
715648021000-71564c000000 ---p 00000000 00:00 0 
71564c000000-71564c021000 rw-p 00000000 00:00 0 
71564c021000-715650000000 ---p 00000000 00:00 0 
715650000000-715650021000 rw-p 00000000 00:00 0 
715650021000-715654000000 ---p 00000000 00:00 0 
715654000000-715654021000 rw-p 00000000 00:00 0 
715654021000-715658000000 ---p 00000000 00:00 0 
715658000000-715658021000 rw-p 00000000 00:00 0 
715658021000-71565c000000 ---p 00000000 00:00 0 
71565c000000-71565c021000 rw-p 00000000 00:00 0 
71565c021000-715660000000 ---p 00000000 00:00 0 
715660000000-71566014f000 rw-p 00000000 00:00 0 
71566014f000-715664000000 ---p 00000000 00:00 0 
715664000000-715664021000 rw-p 00000000 00:00 0 
715664021000-715668000000 ---p 00000000 00:00 0 
715668000000-715668021000 rw-p 00000000 00:00 0 
715668021000-71566c000000 ---p 00000000 00:00 0 
71566c000000-71566c1a1000 rw-p 00000000 00:00 0 
71566c1a1000-715670000000 ---p 00000000 00:00 0 
715670000000-715670215000 rw-p 00000000 00:00 0 
715670215000-715674000000 ---p 00000000 00:00 0 
715674000000-715674021000 rw-p 00000000 00:00 0 
715674021000-715678000000 ---p 00000000 00:00 0 
715678000000-715678021000 rw-p 00000000 00:00 0 
715678021000-71567c000000 ---p 00000000 00:00 0 
71567c000000-71567c1e2000 rw-p 00000000 00:00 0 
71567c1e2000-715680000000 ---p 00000000 00:00 0 
715680000000-715680021000 rw-p 00000000 00:00 0 
715680021000-715684000000 ---p 00000000 00:00 0 
715684000000-715684021000 rw-p 00000000 00:00 0 
715684021000-715688000000 ---p 00000000 00:00 0 
715688000000-715688021000 rw-p 00000000 00:00 0 
715688021000-71568c000000 ---p 00000000 00:00 0 
71568c000000-71568c021000 rw-p 00000000 00:00 0 
71568c021000-715690000000 ---p 00000000 00:00 0 
715690000000-715690021000 rw-p 00000000 00:00 0 
715690021000-715694000000 ---p 00000000 00:00 0 
715697000000-715697400000 rw-p 00000000 00:00 0 
715697400000-715698f00000 rw-p 00000000 00:00 0 
715698f00000-715699000000 rw-p 00000000 00:00 0 
715699000000-7156996c0000 rw-p 00000000 00:00 0 
7156996c0000-715699700000 rw-p 00000000 00:00 0 
715699700000-715699900000 rw-p 00000000 00:00 0 
715699900000-715699940000 rw-p 00000000 00:00 0 
715699940000-715699980000 rw-p 00000000 00:00 0 
715699980000-715699b00000 rw-p 00000000 00:00 0 
715699b00000-715699b80000 rw-p 00000000 00:00 0 
715699b80000-715699c00000 ---p 00000000 00:00 0 
715699c00000-71569b000000 rw-p 00000000 00:00 0 
71569b000000-71569bc9c000 rw-p 00001000 08:02 27140273                   /usr/lib/jvm/java-21-openjdk-amd64/lib/server/classes.jsa
71569bc9c000-71569c000000 ---p 00000000 00:00 0 
71569c000000-71569c040000 rw-p 00000000 00:00 0 
71569c040000-71569c080000 rw-p 00000000 00:00 0 
71569c080000-71569c100000 rw-p 00000000 00:00 0 
71569c100000-71569c2e0000 rw-p 00000000 00:00 0 
71569c2e0000-71569c300000 rw-p 00000000 00:00 0 
71569c300000-71569c5c0000 rw-p 00000000 00:00 0 
71569c5c0000-71569c600000 rw-p 00000000 00:00 0 
71569c600000-71569c6c0000 rw-p 00000000 00:00 0 
71569c6c0000-71569cc80000 rw-p 00000000 00:00 0 
71569cc80000-7156dc000000 ---p 00000000 00:00 0 
7156dc000000-7156dc021000 rw-p 00000000 00:00 0 
7156dc021000-7156e0000000 ---p 00000000 00:00 0 
7156e0000000-7156e0021000 rw-p 00000000 00:00 0 
7156e0021000-7156e4000000 ---p 00000000 00:00 0 
7156e4000000-7156e4021000 rw-p 00000000 00:00 0 
7156e4021000-7156e8000000 ---p 00000000 00:00 0 
7156e8ff8000-7156e8ffc000 ---p 00000000 00:00 0 
7156e8ffc000-7156e90f8000 rw-p 00000000 00:00 0 
7156e90f8000-7156e90fc000 ---p 00000000 00:00 0 
7156e90fc000-7156e91f8000 rw-p 00000000 00:00 0 
7156e91f8000-7156e91fc000 ---p 00000000 00:00 0 
7156e91fc000-7156e92f8000 rw-p 00000000 00:00 0 
7156e92f8000-7156e92fc000 ---p 00000000 00:00 0 
7156e92fc000-7156e93f8000 rw-p 00000000 00:00 0 
7156e93f8000-7156e93fc000 ---p 00000000 00:00 0 
7156e93fc000-7156e94f8000 rw-p 00000000 00:00 0 
7156e94f8000-7156e94f9000 ---p 00000000 00:00 0 
7156e94f9000-7156e95f9000 rw-p 00000000 00:00 0 
7156e95f9000-7156e95fd000 ---p 00000000 00:00 0 
7156e95fd000-7156e96f9000 rw-p 00000000 00:00 0 
7156e96f9000-7156e96fa000 ---p 00000000 00:00 0 
7156e96fa000-7156e97fa000 rw-p 00000000 00:00 0 
7156e97fa000-7156e97fb000 ---p 00000000 00:00 0 
7156e97fb000-7156e98fb000 rw-p 00000000 00:00 0 
7156e98fb000-7156e98fc000 ---p 00000000 00:00 0 
7156e98fc000-7156e99fc000 rw-p 00000000 00:00 0 
7156e99fc000-7156e99fd000 ---p 00000000 00:00 0 
7156e99fd000-7156e9afd000 rw-p 00000000 00:00 0 
7156e9afd000-7156e9afe000 ---p 00000000 00:00 0 
7156e9afe000-7156e9bfe000 rw-p 00000000 00:00 0 
7156e9bfe000-7156e9bff000 ---p 00000000 00:00 0 
7156e9bff000-7156e9cff000 rw-p 00000000 00:00 0 
7156e9cff000-7156e9d00000 ---p 00000000 00:00 0 
7156e9d00000-7156e9e00000 rw-p 00000000 00:00 0 
7156e9e00000-7156e9e04000 ---p 00000000 00:00 0 
7156e9e04000-7156e9f00000 rw-p 00000000 00:00 0 
7156e9f00000-7156e9f04000 ---p 00000000 00:00 0 
7156e9f04000-7156ea000000 rw-p 00000000 00:00 0 
7156ea000000-7156ec021000 rw-p 00000000 00:00 0 
7156ec021000-7156f0000000 ---p 00000000 00:00 0 
7156f0000000-7156f0021000 rw-p 00000000 00:00 0 
7156f0021000-7156f4000000 ---p 00000000 00:00 0 
7156f4000000-7156f4021000 rw-p 00000000 00:00 0 
7156f4021000-7156f8004000 ---p 00000000 00:00 0 
7156f8004000-7156f8100000 rw-p 00000000 00:00 0 
7156f8100000-7156f8104000 ---p 00000000 00:00 0 
7156f8104000-7156f8200000 rw-p 00000000 00:00 0 
7156f8200000-7156f8204000 ---p 00000000 00:00 0 
7156f8204000-7156f8300000 rw-p 00000000 00:00 0 
7156f8300000-7156f8304000 ---p 00000000 00:00 0 
7156f8304000-7156f8400000 rw-p 00000000 00:00 0 
7156f8400000-7156f8404000 ---p 00000000 00:00 0 
7156f8404000-7156f8500000 rw-p 00000000 00:00 0 
7156f8500000-7156f8504000 ---p 00000000 00:00 0 
7156f8504000-7156f8600000 rw-p 00000000 00:00 0 
7156f8600000-7156f8604000 ---p 00000000 00:00 0 
7156f8604000-7156f8700000 rw-p 00000000 00:00 0 
7156f8700000-7156f8704000 ---p 00000000 00:00 0 
7156f8704000-7156f8800000 rw-p 00000000 00:00 0 
7156f8800000-7156f8d75000 r--p 00000000 08:02 26479172                   /usr/lib/locale/locale-archive
7156f8ddb000-7156f8ddf000 ---p 00000000 00:00 0 
7156f8ddf000-7156f8edb000 rw-p 00000000 00:00 0 
7156f8edb000-7156f8edc000 ---p 00000000 00:00 0 
7156f8edc000-7156f8fdc000 rw-p 00000000 00:00 0 
7156f8fdc000-7156f8fdd000 ---p 00000000 00:00 0 
7156f8fdd000-7156f90dd000 rw-p 00000000 00:00 0 
7156f90dd000-7156f90de000 ---p 00000000 00:00 0 
7156f90de000-7156f91de000 rw-p 00000000 00:00 0 
7156f91de000-7156f91df000 ---p 00000000 00:00 0 
7156f91df000-7156f92df000 rw-p 00000000 00:00 0 
7156f92df000-7156f9ae7000 rw-p 00000000 00:00 0 
7156f9ae7000-7156f9ae8000 ---p 00000000 00:00 0 
7156f9ae8000-7156f9be8000 rw-p 00000000 00:00 0 
7156f9be8000-7156f9eb8000 rw-p 00000000 00:00 0 
7156f9eb8000-7156fa3a8000 ---p 00000000 00:00 0 
7156fa3a8000-7156fa3b8000 rw-p 00000000 00:00 0 
7156fa3b8000-715701878000 ---p 00000000 00:00 0 
715701878000-715701922000 rw-p 00000000 00:00 0 
715701922000-7157019c0000 ---p 00000000 00:00 0 
7157019c0000-7157019c2000 rw-p 00000000 00:00 0 
7157019c2000-71570285a000 ---p 00000000 00:00 0 
71570285a000-7157028be000 rw-p 00000000 00:00 0 
7157028be000-71570295c000 ---p 00000000 00:00 0 
71570295c000-71570295e000 rw-p 00000000 00:00 0 
71570295e000-7157037f6000 ---p 00000000 00:00 0 
7157037f6000-715703800000 rw-p 00000000 00:00 0 
715703800000-71570be51000 r--s 00000000 08:02 27140272                   /usr/lib/jvm/java-21-openjdk-amd64/lib/modules
71570beff000-71570bf00000 ---p 00000000 00:00 0 
71570bf00000-71570c000000 rw-p 00000000 00:00 0 
71570c000000-71570eabe000 rw-p 00000000 00:00 0 
71570eabe000-715710000000 ---p 00000000 00:00 0 
715710076000-7157100f7000 rw-p 00000000 00:00 0 
7157100f7000-7157100f8000 ---p 00000000 00:00 0 
7157100f8000-7157101f8000 rw-p 00000000 00:00 0 
7157101f8000-715710a00000 rw-p 00000000 00:00 0 
715710a00000-715711b40000 rwxp 00000000 00:00 0 
715711b40000-715713a00000 ---p 00000000 00:00 0 
715713a3d000-715713a44000 r--s 00000000 08:02 26479060                   /usr/lib/x86_64-linux-gnu/gconv/gconv-modules.cache
715713a44000-715713a45000 r--p 00000000 08:02 27140240                   /usr/lib/jvm/java-21-openjdk-amd64/lib/libextnet.so
715713a45000-715713a46000 r-xp 00001000 08:02 27140240                   /usr/lib/jvm/java-21-openjdk-amd64/lib/libextnet.so
715713a46000-715713a47000 r--p 00002000 08:02 27140240                   /usr/lib/jvm/java-21-openjdk-amd64/lib/libextnet.so
715713a47000-715713a48000 r--p 00002000 08:02 27140240                   /usr/lib/jvm/java-21-openjdk-amd64/lib/libextnet.so
715713a48000-715713a49000 rw-p 00003000 08:02 27140240                   /usr/lib/jvm/java-21-openjdk-amd64/lib/libextnet.so
715713a49000-715713a4d000 r--p 00000000 08:02 27140270                   /usr/lib/jvm/java-21-openjdk-amd64/lib/libverify.so
715713a4d000-715713a54000 r-xp 00004000 08:02 27140270                   /usr/lib/jvm/java-21-openjdk-amd64/lib/libverify.so
715713a54000-715713a56000 r--p 0000b000 08:02 27140270                   /usr/lib/jvm/java-21-openjdk-amd64/lib/libverify.so
715713a56000-715713a58000 r--p 0000c000 08:02 27140270                   /usr/lib/jvm/java-21-openjdk-amd64/lib/libverify.so
715713a58000-715713a59000 rw-p 0000e000 08:02 27140270                   /usr/lib/jvm/java-21-openjdk-amd64/lib/libverify.so
715713a59000-715713a5b000 r--p 00000000 08:02 27140271                   /usr/lib/jvm/java-21-openjdk-amd64/lib/libzip.so
715713a5b000-715713a60000 r-xp 00002000 08:02 27140271                   /usr/lib/jvm/java-21-openjdk-amd64/lib/libzip.so
715713a60000-715713a62000 r--p 00007000 08:02 27140271                   /usr/lib/jvm/java-21-openjdk-amd64/lib/libzip.so
715713a62000-715713a63000 r--p 00008000 08:02 27140271                   /usr/lib/jvm/java-21-openjdk-amd64/lib/libzip.so
715713a63000-715713a64000 rw-p 00009000 08:02 27140271                   /usr/lib/jvm/java-21-openjdk-amd64/lib/libzip.so
715713a64000-715713b00000 rw-p 00000000 00:00 0 
715713b00000-715713b04000 ---p 00000000 00:00 0 
715713b04000-715713c00000 rw-p 00000000 00:00 0 
715713c00000-715713c9d000 r--p 00000000 08:02 26513345                   /usr/lib/x86_64-linux-gnu/libstdc++.so.6.0.33
715713c9d000-715713de5000 r-xp 0009d000 08:02 26513345                   /usr/lib/x86_64-linux-gnu/libstdc++.so.6.0.33
715713de5000-715713e6c000 r--p 001e5000 08:02 26513345                   /usr/lib/x86_64-linux-gnu/libstdc++.so.6.0.33
715713e6c000-715713e77000 r--p 0026b000 08:02 26513345                   /usr/lib/x86_64-linux-gnu/libstdc++.so.6.0.33
715713e77000-715713e7a000 rw-p 00276000 08:02 26513345                   /usr/lib/x86_64-linux-gnu/libstdc++.so.6.0.33
715713e7a000-715713e7e000 rw-p 00000000 00:00 0 
715713e7f000-715713e81000 r--p 00000000 08:02 27140260                   /usr/lib/jvm/java-21-openjdk-amd64/lib/libmanagement_ext.so
715713e81000-715713e84000 r-xp 00002000 08:02 27140260                   /usr/lib/jvm/java-21-openjdk-amd64/lib/libmanagement_ext.so
715713e84000-715713e85000 r--p 00005000 08:02 27140260                   /usr/lib/jvm/java-21-openjdk-amd64/lib/libmanagement_ext.so
715713e85000-715713e86000 r--p 00006000 08:02 27140260                   /usr/lib/jvm/java-21-openjdk-amd64/lib/libmanagement_ext.so
715713e86000-715713e87000 rw-p 00007000 08:02 27140260                   /usr/lib/jvm/java-21-openjdk-amd64/lib/libmanagement_ext.so
715713e87000-715713e8a000 r--p 00000000 08:02 27140263                   /usr/lib/jvm/java-21-openjdk-amd64/lib/libnet.so
715713e8a000-715713e92000 r-xp 00003000 08:02 27140263                   /usr/lib/jvm/java-21-openjdk-amd64/lib/libnet.so
715713e92000-715713e94000 r--p 0000b000 08:02 27140263                   /usr/lib/jvm/java-21-openjdk-amd64/lib/libnet.so
715713e94000-715713e95000 r--p 0000c000 08:02 27140263                   /usr/lib/jvm/java-21-openjdk-amd64/lib/libnet.so
715713e95000-715713e96000 rw-p 0000d000 08:02 27140263                   /usr/lib/jvm/java-21-openjdk-amd64/lib/libnet.so
715713e96000-715713f17000 rw-p 00000000 00:00 0 
715713f17000-715713f27000 r--p 00000000 08:02 26479105                   /usr/lib/x86_64-linux-gnu/libm.so.6
715713f27000-715713fa6000 r-xp 00010000 08:02 26479105                   /usr/lib/x86_64-linux-gnu/libm.so.6
715713fa6000-715713ffe000 r--p 0008f000 08:02 26479105                   /usr/lib/x86_64-linux-gnu/libm.so.6
715713ffe000-715713fff000 r--p 000e7000 08:02 26479105                   /usr/lib/x86_64-linux-gnu/libm.so.6
715713fff000-715714000000 rw-p 000e8000 08:02 26479105                   /usr/lib/x86_64-linux-gnu/libm.so.6
715714000000-7157142a2000 r--p 00000000 08:02 27140276                   /usr/lib/jvm/java-21-openjdk-amd64/lib/server/libjvm.so
7157142a2000-715715119000 r-xp 002a2000 08:02 27140276                   /usr/lib/jvm/java-21-openjdk-amd64/lib/server/libjvm.so
715715119000-7157153f4000 r--p 01119000 08:02 27140276                   /usr/lib/jvm/java-21-openjdk-amd64/lib/server/libjvm.so
7157153f4000-7157154c8000 r--p 013f3000 08:02 27140276                   /usr/lib/jvm/java-21-openjdk-amd64/lib/server/libjvm.so
7157154c8000-7157154f8000 rw-p 014c7000 08:02 27140276                   /usr/lib/jvm/java-21-openjdk-amd64/lib/server/libjvm.so
7157154f8000-71571555e000 rw-p 00000000 00:00 0 
715715561000-7157155c3000 rw-p 00000000 00:00 0 
7157155c3000-715715600000 ---p 00000000 00:00 0 
715715600000-715715628000 r--p 00000000 08:02 26479102                   /usr/lib/x86_64-linux-gnu/libc.so.6
715715628000-7157157b0000 r-xp 00028000 08:02 26479102                   /usr/lib/x86_64-linux-gnu/libc.so.6
7157157b0000-7157157ff000 r--p 001b0000 08:02 26479102                   /usr/lib/x86_64-linux-gnu/libc.so.6
7157157ff000-715715803000 r--p 001fe000 08:02 26479102                   /usr/lib/x86_64-linux-gnu/libc.so.6
715715803000-715715805000 rw-p 00202000 08:02 26479102                   /usr/lib/x86_64-linux-gnu/libc.so.6
715715805000-715715812000 rw-p 00000000 00:00 0 
715715812000-715715819000 r--p 00000000 08:02 27140264                   /usr/lib/jvm/java-21-openjdk-amd64/lib/libnio.so
715715819000-715715822000 r-xp 00007000 08:02 27140264                   /usr/lib/jvm/java-21-openjdk-amd64/lib/libnio.so
715715822000-715715826000 r--p 00010000 08:02 27140264                   /usr/lib/jvm/java-21-openjdk-amd64/lib/libnio.so
715715826000-715715827000 r--p 00014000 08:02 27140264                   /usr/lib/jvm/java-21-openjdk-amd64/lib/libnio.so
715715827000-715715828000 rw-p 00015000 08:02 27140264                   /usr/lib/jvm/java-21-openjdk-amd64/lib/libnio.so
715715828000-715715867000 rw-p 00000000 00:00 0 
715715867000-715715874000 r--p 00000000 08:02 27140247                   /usr/lib/jvm/java-21-openjdk-amd64/lib/libjava.so
715715874000-715715883000 r-xp 0000d000 08:02 27140247                   /usr/lib/jvm/java-21-openjdk-amd64/lib/libjava.so
715715883000-715715888000 r--p 0001c000 08:02 27140247                   /usr/lib/jvm/java-21-openjdk-amd64/lib/libjava.so
715715888000-715715889000 r--p 00021000 08:02 27140247                   /usr/lib/jvm/java-21-openjdk-amd64/lib/libjava.so
715715889000-71571588a000 rw-p 00022000 08:02 27140247                   /usr/lib/jvm/java-21-openjdk-amd64/lib/libjava.so
71571588a000-71571588b000 rw-p 00000000 00:00 0 
71571588b000-71571588f000 r--p 00000000 08:02 26505278                   /usr/lib/x86_64-linux-gnu/libgcc_s.so.1
71571588f000-7157158b3000 r-xp 00004000 08:02 26505278                   /usr/lib/x86_64-linux-gnu/libgcc_s.so.1
7157158b3000-7157158b7000 r--p 00028000 08:02 26505278                   /usr/lib/x86_64-linux-gnu/libgcc_s.so.1
7157158b7000-7157158b8000 r--p 0002b000 08:02 26505278                   /usr/lib/x86_64-linux-gnu/libgcc_s.so.1
7157158b8000-7157158b9000 rw-p 0002c000 08:02 26505278                   /usr/lib/x86_64-linux-gnu/libgcc_s.so.1
7157158b9000-7157158bb000 rw-p 00000000 00:00 0 
7157158bb000-7157158bd000 r--p 00000000 08:02 27140251                   /usr/lib/jvm/java-21-openjdk-amd64/lib/libjli.so
7157158bd000-7157158c7000 r-xp 00002000 08:02 27140251                   /usr/lib/jvm/java-21-openjdk-amd64/lib/libjli.so
7157158c7000-7157158ca000 r--p 0000c000 08:02 27140251                   /usr/lib/jvm/java-21-openjdk-amd64/lib/libjli.so
7157158ca000-7157158cb000 r--p 0000f000 08:02 27140251                   /usr/lib/jvm/java-21-openjdk-amd64/lib/libjli.so
7157158cb000-7157158cc000 rw-p 00010000 08:02 27140251                   /usr/lib/jvm/java-21-openjdk-amd64/lib/libjli.so
7157158cc000-7157158ce000 r--p 00000000 08:02 26492779                   /usr/lib/x86_64-linux-gnu/libz.so.1.3
7157158ce000-7157158e0000 r-xp 00002000 08:02 26492779                   /usr/lib/x86_64-linux-gnu/libz.so.1.3
7157158e0000-7157158e6000 r--p 00014000 08:02 26492779                   /usr/lib/x86_64-linux-gnu/libz.so.1.3
7157158e6000-7157158e7000 r--p 0001a000 08:02 26492779                   /usr/lib/x86_64-linux-gnu/libz.so.1.3
7157158e7000-7157158e8000 rw-p 0001b000 08:02 26492779                   /usr/lib/x86_64-linux-gnu/libz.so.1.3
7157158ea000-7157158ec000 r--p 00000000 08:02 27140258                   /usr/lib/jvm/java-21-openjdk-amd64/lib/libmanagement.so
7157158ec000-7157158ed000 r-xp 00002000 08:02 27140258                   /usr/lib/jvm/java-21-openjdk-amd64/lib/libmanagement.so
7157158ed000-7157158ee000 r--p 00003000 08:02 27140258                   /usr/lib/jvm/java-21-openjdk-amd64/lib/libmanagement.so
7157158ee000-7157158ef000 r--p 00003000 08:02 27140258                   /usr/lib/jvm/java-21-openjdk-amd64/lib/libmanagement.so
7157158ef000-7157158f0000 rw-p 00004000 08:02 27140258                   /usr/lib/jvm/java-21-openjdk-amd64/lib/libmanagement.so
7157158f0000-7157158f8000 rw-s 00000000 08:02 23855692                   /tmp/hsperfdata_abel/116675
7157158f8000-7157158f9000 ---p 00000000 00:00 0 
7157158f9000-7157158fa000 r--p 00000000 00:00 0 
7157158fa000-7157158fb000 ---p 00000000 00:00 0 
7157158fb000-7157158fd000 r--p 00000000 08:02 27140250                   /usr/lib/jvm/java-21-openjdk-amd64/lib/libjimage.so
7157158fd000-715715900000 r-xp 00002000 08:02 27140250                   /usr/lib/jvm/java-21-openjdk-amd64/lib/libjimage.so
715715900000-715715901000 r--p 00005000 08:02 27140250                   /usr/lib/jvm/java-21-openjdk-amd64/lib/libjimage.so
715715901000-715715902000 r--p 00006000 08:02 27140250                   /usr/lib/jvm/java-21-openjdk-amd64/lib/libjimage.so
715715902000-715715903000 rw-p 00007000 08:02 27140250                   /usr/lib/jvm/java-21-openjdk-amd64/lib/libjimage.so
715715903000-715715905000 rw-p 00000000 00:00 0 
715715905000-715715909000 r--p 00000000 00:00 0                          [vvar]
715715909000-71571590b000 r--p 00000000 00:00 0                          [vvar_vclock]
71571590b000-71571590d000 r-xp 00000000 00:00 0                          [vdso]
71571590d000-71571590e000 r--p 00000000 08:02 26479099                   /usr/lib/x86_64-linux-gnu/ld-linux-x86-64.so.2
71571590e000-715715939000 r-xp 00001000 08:02 26479099                   /usr/lib/x86_64-linux-gnu/ld-linux-x86-64.so.2
715715939000-715715943000 r--p 0002c000 08:02 26479099                   /usr/lib/x86_64-linux-gnu/ld-linux-x86-64.so.2
715715943000-715715945000 r--p 00036000 08:02 26479099                   /usr/lib/x86_64-linux-gnu/ld-linux-x86-64.so.2
715715945000-715715947000 rw-p 00038000 08:02 26479099                   /usr/lib/x86_64-linux-gnu/ld-linux-x86-64.so.2
7ffe938fd000-7ffe93922000 rw-p 00000000 00:00 0                          [stack]
ffffffffff600000-ffffffffff601000 --xp 00000000 00:00 0                  [vsyscall]
Total number of mappings: 296

JVMTI agents: none


VM Arguments:
jvm_args: -XX:TieredStopAtLevel=1 
java_command: com.act.hospitalmanagementsystem.HospitalManagementSystemApplication
java_class_path (initial): /home/abel/Desktop/PROJECTS/2026-projects/hms/hospital-management-system/target/classes:/home/abel/.m2/repository/org/springframework/boot/spring-boot/3.5.14/spring-boot-3.5.14.jar:/home/abel/.m2/repository/org/springframework/boot/spring-boot-autoconfigure/3.5.14/spring-boot-autoconfigure-3.5.14.jar:/home/abel/.m2/repository/org/apache/logging/log4j/log4j-to-slf4j/2.24.3/log4j-to-slf4j-2.24.3.jar:/home/abel/.m2/repository/org/apache/logging/log4j/log4j-api/2.24.3/log4j-api-2.24.3.jar:/home/abel/.m2/repository/org/slf4j/jul-to-slf4j/2.0.17/jul-to-slf4j-2.0.17.jar:/home/abel/.m2/repository/jakarta/annotation/jakarta.annotation-api/2.1.1/jakarta.annotation-api-2.1.1.jar:/home/abel/.m2/repository/org/yaml/snakeyaml/2.4/snakeyaml-2.4.jar:/home/abel/.m2/repository/com/fasterxml/jackson/datatype/jackson-datatype-jdk8/2.21.2/jackson-datatype-jdk8-2.21.2.jar:/home/abel/.m2/repository/com/fasterxml/jackson/module/jackson-module-parameter-names/2.21.2/jackson-module-parameter-names-2.21.2.jar:/home/abel/.m2/repository/org/apache/tomcat/embed/tomcat-embed-core/10.1.54/tomcat-embed-core-10.1.54.jar:/home/abel/.m2/repository/org/apache/tomcat/embed/tomcat-embed-websocket/10.1.54/tomcat-embed-websocket-10.1.54.jar:/home/abel/.m2/repository/org/springframework/spring-web/6.2.18/spring-web-6.2.18.jar:/home/abel/.m2/repository/org/springframework/spring-beans/6.2.18/spring-beans-6.2.18.jar:/home/abel/.m2/repository/org/springframework/spring-webmvc/6.2.18/spring-webmvc-6.2.18.jar:/home/abel/.m2/repository/org/springframework/spring-expression/6.2.18/spring-expression-6.2.18.jar:/home/abel/.m2/repository/org/apache/tomcat/embed/tomcat-embed-el/10.1.54/tomcat-embed-el-10.1.54.jar:/home/abel/.m2/repository/org/hibernate/validator/hibernate-validator/8.0.3.Final/hibernate-validator-8.0.3.Final.jar:/home/abel/.m2/repository/jakarta/validation/jakarta.validation-api/3.0.2/jakarta.validation-api-3.0.2.jar:/home/abel/.m2/repository/org/jboss/logging/jboss-logging/3.6.3.Final/jboss-logging-3.6.3.Final.jar:/home/abel/.m2/repository/com/fasterxml/classmate/1.7.3/classmate-1.7.3.jar:/home/abel/.m2/repository/org/springframework/spring-aop/6.2.18/spring-aop-6.2.18.jar:/home/abel/.m2/repository/org/aspectj/aspectjweaver/1.9.25.1/aspectjweaver-1.9.25.1.jar:/home/abel/.m2/repository/org/springframework/security/spring-security-config/6.5.10/spring-security-config-6.5.10.jar:/home/abel/.m2/repository/org/springframework/security/spring-security-web/6.5.10/spring-security-web-6.5.10.jar:/home/abel/.m2/repository/com/zaxxer/HikariCP/6.3.3/HikariCP-6.3.3.jar:/home/abel/.m2/repository/org/springframework/spring-jdbc/6.2.18/spring-jdbc-6.2.18.jar:/home/abel/.m2/repository/org/hibernate/orm/hibernate-core/6.6.49.Final/hibernate-core-6.6.49.Final.jar:/home/abel/.m2/repository/jakarta/persistence/jakarta.persistence-api/3.1.0/jakarta.persistence-api-3.1.0.jar:/home/abel/.m2/repository/jakarta/transaction/jakarta.transaction-api/2.0.1/jakarta.transaction-api-2.0.1.jar:/home/abel/.m2/repository/org/hibernate/common/hibernate-commons-annotations/7.0.3.Final/hibernate-commons-annotations-7.0.3.Final.jar:/home/abel/.m2/repository/io/smallrye/jandex/3.2.0/jandex-3.2.0.jar:/home/abel/.m2/repository/net/bytebuddy/byte-buddy/1.17.8/byte-buddy-1.17.8.jar:/home/abel/.m2/repository/org/glassfish/jaxb/jaxb-runtime/4.0.6/jaxb-runtime-4.0.6.jar:/home/abel/.m2/repository/org/glassfish/jaxb/jaxb-core/4.0.6/jaxb-core-4.0.6.jar:/home/abel/.m2/repository/org/glassfish/jaxb/txw2/4.0.6/txw2-4.0.6.jar:/home/abel/.m2/repository/com/sun/istack/istack-commons-runtime/4.1.2/istack-commons-runtime-4.1.2.jar:/home/abel/.m2/repository/jakarta/inject/jakarta.inject-api/2.0.1/jakarta.inject-api-2.0.1.jar:/home/abel/.m2/repository/org/antlr/antlr4-runtime/4.13.0/antlr4-runtime-4.13.0.jar:/home/abel/.m2/repository/org/springframework/data/spring-data-jpa/3.5.11/spring-data-jpa-3.5.11.jar:/home/abel/.m2/repository/org/springframework/data/spring-data-commons/3.5.11/spring-data-commons-3.5.11.jar:/home/abel/.m2/repository/org/springframework/spring-orm/6.2.18/spring-orm-6.2.18.jar:/home/abel/.m2/repository/org/springframework/spring-aspects/6.2.18/spring-aspects-6.2.18.jar:/home/abel/.m2/repository/org/postgresql/postgresql/42.7.10/postgresql-42.7.10.jar:/home/abel/.m2/repository/org/checkerframework/checker-qual/3.52.0/checker-qual-3.52.0.jar:/home/abel/.m2/repository/org/flywaydb/flyway-core/11.7.2/flyway-core-11.7.2.jar:/home/abel/.m2/repository/com/fasterxml/jackson/dataformat/jackson-dataformat-toml/2.21.2/jackson-dataformat-toml-2.21.2.jar:/home/abel/.m2/repository/com/fasterxml/jackson/datatype/jackson-datatype-jsr310/2.21.2/jackson-datatype-jsr310-2.21.2.jar:/home/abel/.m2/repository/org/flywaydb/flyway-database-postgresql/11.7.2/flyway-database-postgresql-11.7.2.jar:/home/abel/.m2/repository/io/lettuce/lettuce-core/6.6.0.RELEASE/lettuce-core-6.6.0.RELEASE.jar:/home/abel/.m2/repository/redis/clients/authentication/redis-authx-core/0.1.1-beta2/redis-authx-core-0.1.1-beta2.jar:/home/abel/.m2/repository/io/netty/netty-common/4.1.132.Final/netty-common-4.1.132.Final.jar:/home/abel/.m2/repository/io/netty/netty-handler/4.1.132.Final/netty-handler-4.1.132.Final.jar:/home/abel/.m2/repository/io/netty/netty-resolver/4.1.132.Final/netty-resolver-4.1.132.Final.jar:/home/abel/.m2/repository/io/netty/netty-buffer/4.1.132.Final/netty-buffer-4.1.132.Final.jar:/home/abel/.m2/repository/io/netty/netty-transport-native-unix-common/4.1.132.Final/netty-transport-native-unix-common-4.1.132.Final.jar:/home/abel/.m2/repository/io/netty/netty-codec/4.1.132.Final/netty-codec-4.1.132.Final.jar:/home/abel/.m2/repository/io/netty/netty-transport/4.1.132.Final/netty-transport-4.1.132.Final.jar:/home/abel/.m2/repository/io/projectreactor/reactor-core/3.7.18/reactor-core-3.7.18.jar:/home/abel/.m2/repository/org/reactivestreams/reactive-streams/1.0.4/reactive-streams-1.0.4.jar:/home/abel/.m2/repository/org/springframework/data/spring-data-redis/3.5.11/spring-data-redis-3.5.11.jar:/home/abel/.m2/repository/org/springframework/data/spring-data-keyvalue/3.5.11/spring-data-keyvalue-3.5.11.jar:/home/abel/.m2/repository/org/springframework/spring-oxm/6.2.18/spring-oxm-6.2.18.jar:/home/abel/.m2/repository/org/springframework/spring-context-support/6.2.18/spring-context-support-6.2.18.jar:/home/abel/.m2/repository/org/eclipse/angus/jakarta.mail/2.0.5/jakarta.mail-2.0.5.jar:/home/abel/.m2/repository/jakarta/activation/jakarta.activation-api/2.1.4/jakarta.activation-api-2.1.4.jar:/home/abel/.m2/repository/org/eclipse/angus/angus-activation/2.0.3/angus-activation-2.0.3.jar:/home/abel/.m2/repository/org/springframework/kafka/spring-kafka/3.3.15/spring-kafka-3.3.15.jar:/home/abel/.m2/repository/org/springframework/spring-context/6.2.18/spring-context-6.2.18.jar:/home/abel/.m2/repository/org/springframework/spring-messaging/6.2.18/spring-messaging-6.2.18.jar:/home/abel/.m2/repository/org/springframework/spring-tx/6.2.18/spring-tx-6.2.18.jar:/home/abel/.m2/repository/org/springframework/retry/spring-retry/2.0.12/spring-retry-2.0.12.jar:/home/abel/.m2/repository/org/apache/kafka/kafka-clients/3.9.2/kafka-clients-3.9.2.jar:/home/abel/.m2/repository/com/github/luben/zstd-jni/1.5.6-4/zstd-jni-1.5.6-4.jar:/home/abel/.m2/repository/at/yawk/lz4/lz4-java/1.10.1/lz4-java-1.10.1.jar:/home/abel/.m2/repository/io/micrometer/micrometer-observation/1.15.11/micrometer-observation-1.15.11.jar:/home/abel/.m2/repository/io/micrometer/micrometer-commons/1.15.11/micrometer-commons-1.15.11.jar:/home/abel/.m2/repository/org/springdoc/springdoc-openapi-starter-webmvc-ui/2.8.9/springdoc-openapi-starter-webmvc-ui-2.8.9.jar:/home/abel/.m2/repository/org/springdoc/springdoc-openapi-starter-webmvc-api/2.8.9/springdoc-openapi-starter-webmvc-api-2.8.9.jar:/home/abel/.m2/repository/org/springdoc/springdoc-openapi-starter-common/2.8.9/springdoc-openapi-starter-common-2.8.9.jar:/home/abel/.m2/repository/io/swagger/core/v3/swagger-core-jakarta/2.2.30/swagger-core-jakarta-2.2.30.jar:/home/abel/.m2/repository/io/swagger/core/v3/swagger-annotations-jakarta/2.2.30/swagger-annotations-jakarta-2.2.30.jar:/home/abel/.m2/repository/io/swagger/core/v3/swagger-models-jakarta/2.2.30/swagger-models-jakarta-2.2.30.jar:/home/abel/.m2/repository/com/fasterxml/jackson/dataformat/jackson-dataformat-yaml/2.21.2/jackson-dataformat-yaml-2.21.2.jar:/home/abel/.m2/repository/org/webjars/swagger-ui/5.21.0/swagger-ui-5.21.0.jar:/home/abel/.m2/repository/org/webjars/webjars-locator-lite/1.1.3/webjars-locator-lite-1.1.3.jar:/home/abel/.m2/repository/org/jspecify/jspecify/1.0.0/jspecify-1.0.0.jar:/home/abel/.m2/repository/org/springframework/boot/spring-boot-actuator-autoconfigure/3.5.14/spring-boot-actuator-autoconfigure-3.5.14.jar:/home/abel/.m2/repository/org/springframework/boot/spring-boot-actuator/3.5.14/spring-boot-actuator-3.5.14.jar:/home/abel/.m2/repository/io/micrometer/micrometer-jakarta9/1.15.11/micrometer-jakarta9-1.15.11.jar:/home/abel/.m2/repository/io/micrometer/micrometer-registry-prometheus/1.15.11/micrometer-registry-prometheus-1.15.11.jar:/home/abel/.m2/repository/io/micrometer/micrometer-core/1.15.11/micrometer-core-1.15.11.jar:/home/abel/.m2/repository/org/hdrhistogram/HdrHistogram/2.2.2/HdrHistogram-2.2.2.jar:/home/abel/.m2/repository/org/latencyutils/LatencyUtils/2.0.3/LatencyUtils-2.0.3.jar:/home/abel/.m2/repository/io/prometheus/prometheus-metrics-core/1.3.10/prometheus-metrics-core-1.3.10.jar:/home/abel/.m2/repository/io/prometheus/prometheus-metrics-model/1.3.10/prometheus-metrics-model-1.3.10.jar:/home/abel/.m2/repository/io/prometheus/prometheus-metrics-config/1.3.10/prometheus-metrics-config-1.3.10.jar:/home/abel/.m2/repository/io/prometheus/prometheus-metrics-tracer-common/1.3.10/prometheus-metrics-tracer-common-1.3.10.jar:/home/abel/.m2/repository/io/prometheus/prometheus-metrics-exposition-formats/1.3.10/prometheus-metrics-exposition-formats-1.3.10.jar:/home/abel/.m2/repository/io/prometheus/prometheus-metrics-exposition-textformats/1.3.10/prometheus-metrics-exposition-textformats-1.3.10.jar:/home/abel/.m2/repository/io/jsonwebtoken/jjwt-api/0.12.6/jjwt-api-0.12.6.jar:/home/abel/.m2/repository/io/jsonwebtoken/jjwt-impl/0.12.6/jjwt-impl-0.12.6.jar:/home/abel/.m2/repository/io/jsonwebtoken/jjwt-jackson/0.12.6/jjwt-jackson-0.12.6.jar:/home/abel/.m2/repository/com/fasterxml/jackson/core/jackson-databind/2.21.2/jackson-databind-2.21.2.jar:/home/abel/.m2/repository/org/mapstruct/mapstruct/1.6.3/mapstruct-1.6.3.jar:/home/abel/.m2/repository/io/minio/minio/8.5.17/minio-8.5.17.jar:/home/abel/.m2/repository/com/carrotsearch/thirdparty/simple-xml-safe/2.7.1/simple-xml-safe-2.7.1.jar:/home/abel/.m2/repository/com/google/guava/guava/33.3.1-jre/guava-33.3.1-jre.jar:/home/abel/.m2/repository/com/google/guava/failureaccess/1.0.2/failureaccess-1.0.2.jar:/home/abel/.m2/repository/com/google/guava/listenablefuture/9999.0-empty-to-avoid-conflict-with-guava/listenablefuture-9999.0-empty-to-avoid-conflict-with-guava.jar:/home/abel/.m2/repository/com/google/code/findbugs/jsr305/3.0.2/jsr305-3.0.2.jar:/home/abel/.m2/repository/com/google/errorprone/error_prone_annotations/2.28.0/error_prone_annotations-2.28.0.jar:/home/abel/.m2/repository/com/google/j2objc/j2objc-annotations/3.0.0/j2objc-annotations-3.0.0.jar:/home/abel/.m2/repository/com/squareup/okhttp3/okhttp/4.12.0/okhttp-4.12.0.jar:/home/abel/.m2/repository/com/squareup/okio/okio/3.6.0/okio-3.6.0.jar:/home/abel/.m2/repository/com/squareup/okio/okio-jvm/3.6.0/okio-jvm-3.6.0.jar:/home/abel/.m2/repository/org/jetbrains/kotlin/kotlin-stdlib-common/1.9.25/kotlin-stdlib-common-1.9.25.jar:/home/abel/.m2/repository/org/jetbrains/kotlin/kotlin-stdlib-jdk8/1.9.25/kotlin-stdlib-jdk8-1.9.25.jar:/home/abel/.m2/repository/org/jetbrains/kotlin/kotlin-stdlib/1.9.25/kotlin-stdlib-1.9.25.jar:/home/abel/.m2/repository/org/jetbrains/kotlin/kotlin-stdlib-jdk7/1.9.25/kotlin-stdlib-jdk7-1.9.25.jar:/home/abel/.m2/repository/com/fasterxml/jackson/core/jackson-annotations/2.21/jackson-annotations-2.21.jar:/home/abel/.m2/repository/com/fasterxml/jackson/core/jackson-core/2.21.2/jackson-core-2.21.2.jar:/home/abel/.m2/repository/org/bouncycastle/bcprov-jdk18on/1.78.1/bcprov-jdk18on-1.78.1.jar:/home/abel/.m2/repository/org/apache/commons/commons-compress/1.27.1/commons-compress-1.27.1.jar:/home/abel/.m2/repository/commons-codec/commons-codec/1.18.0/commons-codec-1.18.0.jar:/home/abel/.m2/repository/org/xerial/snappy/snappy-java/1.1.10.7/snappy-java-1.1.10.7.jar:/home/abel/.m2/repository/org/apache/commons/commons-lang3/3.17.0/commons-lang3-3.17.0.jar:/home/abel/.m2/repository/commons-io/commons-io/2.18.0/commons-io-2.18.0.jar:/home/abel/.m2/repository/com/bucket4j/bucket4j-core/8.10.1/bucket4j-core-8.10.1.jar:/home/abel/.m2/repository/com/bucket4j/bucket4j-jcache/8.10.1/bucket4j-jcache-8.10.1.jar:/home/abel/.m2/repository/org/projectlombok/lombok/1.18.46/lombok-1.18.46.jar:/home/abel/.m2/repository/jakarta/xml/bind/jakarta.xml.bind-api/4.0.4/jakarta.xml.bind-api-4.0.4.jar:/home/abel/.m2/repository/org/springframework/spring-core/6.2.18/spring-core-6.2.18.jar:/home/abel/.m2/repository/org/springframework/spring-jcl/6.2.18/spring-jcl-6.2.18.jar:/home/abel/.m2/repository/org/springframework/security/spring-security-core/6.5.10/spring-security-core-6.5.10.jar:/home/abel/.m2/repository/org/springframework/security/spring-security-crypto/6.5.10/spring-security-crypto-6.5.10.jar:/home/abel/.m2/repository/ch/qos/logback/logback-core/1.5.32/logback-core-1.5.32.jar:/home/abel/.m2/repository/ch/qos/logback/logback-classic/1.5.32/logback-classic-1.5.32.jar:/home/abel/.m2/repository/org/slf4j/slf4j-api/2.0.17/slf4j-api-2.0.17.jar:/home/abel/.m2/repository/org/jetbrains/annotations/17.0.0/annotations-17.0.0.jar
Launcher Type: SUN_STANDARD

[Global flags]
     intx CICompilerCount                          = 4                                         {product} {ergonomic}
     uint ConcGCThreads                            = 2                                         {product} {ergonomic}
     uint G1ConcRefinementThreads                  = 8                                         {product} {ergonomic}
   size_t G1HeapRegionSize                         = 4194304                                   {product} {ergonomic}
    uintx GCDrainStackTargetSize                   = 64                                        {product} {ergonomic}
   size_t InitialHeapSize                          = 524288000                                 {product} {ergonomic}
   size_t MarkStackSize                            = 4194304                                   {product} {ergonomic}
   size_t MaxHeapSize                              = 8380219392                                {product} {ergonomic}
   size_t MaxNewSize                               = 5024776192                                {product} {ergonomic}
   size_t MinHeapDeltaBytes                        = 4194304                                   {product} {ergonomic}
   size_t MinHeapSize                              = 8388608                                   {product} {ergonomic}
    uintx NonNMethodCodeHeapSize                   = 4096                                   {pd product} {ergonomic}
    uintx NonProfiledCodeHeapSize                  = 0                                      {pd product} {ergonomic}
     bool ProfileInterpreter                       = false                                  {pd product} {command line}
    uintx ProfiledCodeHeapSize                     = 0                                      {pd product} {ergonomic}
   size_t SoftMaxHeapSize                          = 8380219392                             {manageable} {ergonomic}
     intx TieredStopAtLevel                        = 1                                         {product} {command line}
     bool UseCompressedOops                        = true                           {product lp64_product} {ergonomic}
     bool UseG1GC                                  = true                                      {product} {ergonomic}

Logging:
Log output configuration:
 #0: stdout all=warning uptime,level,tags foldmultilines=false
 #1: stderr all=off uptime,level,tags foldmultilines=false

Release file:
IMPLEMENTOR="Ubuntu"
JAVA_RUNTIME_VERSION="21.0.11+10-1-24.04.2-Ubuntu"
JAVA_VERSION="21.0.11"
JAVA_VERSION_DATE="2026-04-21"
LIBC="gnu"
MODULES="java.base java.compiler java.datatransfer java.xml java.prefs java.desktop java.instrument java.logging java.management java.security.sasl java.naming java.rmi java.management.rmi java.net.http java.scripting java.security.jgss java.transaction.xa java.sql java.sql.rowset java.xml.crypto java.se java.smartcardio jdk.accessibility jdk.internal.jvmstat jdk.attach jdk.charsets jdk.internal.opt jdk.zipfs jdk.compiler jdk.crypto.ec jdk.crypto.cryptoki jdk.dynalink jdk.internal.ed jdk.editpad jdk.hotspot.agent jdk.httpserver jdk.incubator.vector jdk.internal.le jdk.internal.vm.ci jdk.internal.vm.compiler jdk.internal.vm.compiler.management jdk.jartool jdk.javadoc jdk.jcmd jdk.management jdk.management.agent jdk.jconsole jdk.jdeps jdk.jdwp.agent jdk.jdi jdk.jfr jdk.jlink jdk.jpackage jdk.jshell jdk.jsobject jdk.jstatd jdk.localedata jdk.management.jfr jdk.naming.dns jdk.naming.rmi jdk.net jdk.nio.mapmode jdk.random jdk.sctp jdk.security.auth jdk.security.jgss jdk.unsupported jdk.unsupported.desktop jdk.xml.dom"
OS_ARCH="x86_64"
OS_NAME="Linux"
SOURCE=""

Environment Variables:
PATH=/home/abel/.local/bin:/usr/local/sbin:/usr/local/bin:/usr/sbin:/usr/bin:/sbin:/bin:/usr/games:/usr/local/games:/snap/bin:/snap/bin:/home/abel/.antigravity/extensions/vscjava.vscode-java-debug-0.59.0-universal/bundled/scripts/noConfigScripts
USERNAME=abel
SHELL=/usr/bin/zsh
DISPLAY=:0
WAYLAND_DISPLAY=wayland-0
LANG=en_US.UTF-8
TERM=xterm-256color

Active Locale:
LC_ALL=en_US.UTF-8
LC_COLLATE=en_US.UTF-8
LC_CTYPE=en_US.UTF-8
LC_MESSAGES=en_US.UTF-8
LC_MONETARY=en_US.UTF-8
LC_NUMERIC=en_US.UTF-8
LC_TIME=en_US.UTF-8

Signal Handlers:
   SIGSEGV: crash_handler in libjvm.so, mask=11100100010111111101111111111110, flags=SA_RESTART|SA_SIGINFO, unblocked
    SIGBUS: crash_handler in libjvm.so, mask=11100100010111111101111111111110, flags=SA_RESTART|SA_SIGINFO, unblocked
    SIGFPE: crash_handler in libjvm.so, mask=11100100010111111101111111111110, flags=SA_RESTART|SA_SIGINFO, unblocked
   SIGPIPE: javaSignalHandler in libjvm.so, mask=11100100010111111101111111111110, flags=SA_RESTART|SA_SIGINFO, blocked
   SIGXFSZ: javaSignalHandler in libjvm.so, mask=11100100010111111101111111111110, flags=SA_RESTART|SA_SIGINFO, blocked
    SIGILL: crash_handler in libjvm.so, mask=11100100010111111101111111111110, flags=SA_RESTART|SA_SIGINFO, unblocked
   SIGUSR2: SR_handler in libjvm.so, mask=00000000000000000000000000000000, flags=SA_RESTART|SA_SIGINFO, blocked
    SIGHUP: UserHandler in libjvm.so, mask=11100100010111111101111111111110, flags=SA_RESTART|SA_SIGINFO, blocked
    SIGINT: UserHandler in libjvm.so, mask=11100100010111111101111111111110, flags=SA_RESTART|SA_SIGINFO, blocked
   SIGTERM: UserHandler in libjvm.so, mask=11100100010111111101111111111110, flags=SA_RESTART|SA_SIGINFO, blocked
   SIGQUIT: UserHandler in libjvm.so, mask=11100100010111111101111111111110, flags=SA_RESTART|SA_SIGINFO, blocked
   SIGTRAP: crash_handler in libjvm.so, mask=11100100010111111101111111111110, flags=SA_RESTART|SA_SIGINFO, unblocked


Periodic native trim disabled

---------------  S Y S T E M  ---------------

OS:
DISTRIB_ID=Ubuntu
DISTRIB_RELEASE=24.04
DISTRIB_CODENAME=noble
DISTRIB_DESCRIPTION="Ubuntu 24.04.4 LTS"
uname: Linux 6.17.0-14-generic #14~24.04.1-Ubuntu SMP PREEMPT_DYNAMIC Thu Jan 15 15:52:10 UTC 2 x86_64
OS uptime: 0 days 3:47 hours
libc: glibc 2.39 NPTL 2.39 
rlimit (soft/hard): STACK 8192k/infinity , CORE 0k/infinity , NPROC 127348/127348 , NOFILE 1048576/1048576 , AS infinity/infinity , CPU infinity/infinity , DATA infinity/infinity , FSIZE infinity/infinity , MEMLOCK 4090296k/4090296k
load average: 3.29 3.62 3.11

/proc/meminfo:
MemTotal:       32722388 kB
MemFree:         4213648 kB
MemAvailable:   16277936 kB
Buffers:          623892 kB
Cached:         12729788 kB
SwapCached:            0 kB
Active:         19347220 kB
Inactive:        7017368 kB
Active(anon):   14372924 kB
Inactive(anon):    65500 kB
Active(file):    4974296 kB
Inactive(file):  6951868 kB
Unevictable:      695716 kB
Mlocked:             136 kB
SwapTotal:       4194300 kB
SwapFree:        4194300 kB
Zswap:                 0 kB
Zswapped:              0 kB
Dirty:              6280 kB
Writeback:             0 kB
AnonPages:      13706816 kB
Mapped:          2952476 kB
Shmem:           1427544 kB
KReclaimable:     675932 kB
Slab:            1053556 kB
SReclaimable:     675932 kB
SUnreclaim:       377624 kB
KernelStack:       39072 kB
PageTables:       139156 kB
SecPageTables:      2788 kB
NFS_Unstable:          0 kB
Bounce:                0 kB
WritebackTmp:          0 kB
CommitLimit:    20555492 kB
Committed_AS:   57931276 kB
VmallocTotal:   34359738367 kB
VmallocUsed:       92764 kB
VmallocChunk:          0 kB
Percpu:            11680 kB
HardwareCorrupted:     0 kB
AnonHugePages:     94208 kB
ShmemHugePages:        0 kB
ShmemPmdMapped:        0 kB
FileHugePages:    391168 kB
FilePmdMapped:         0 kB
CmaTotal:              0 kB
CmaFree:               0 kB
Unaccepted:            0 kB
Balloon:               0 kB
HugePages_Total:       0
HugePages_Free:        0
HugePages_Rsvd:        0
HugePages_Surp:        0
Hugepagesize:       2048 kB
Hugetlb:               0 kB
DirectMap4k:      322916 kB
DirectMap2M:    13166592 kB
DirectMap1G:    19922944 kB

/sys/kernel/mm/transparent_hugepage/enabled: always [madvise] never
/sys/kernel/mm/transparent_hugepage/hpage_pmd_size: 2097152
/sys/kernel/mm/transparent_hugepage/defrag (defrag/compaction efforts parameter): always defer defer+madvise [madvise] never

Process Memory:
Virtual Size: 12013932K (peak: 12074940K)
Resident Set Size: 410448K (peak: 410448K) (anon: 386460K, file: 23988K, shmem: 0K)
Swapped out: 0K
C-Heap outstanding allocations: 78585K, retained: 3326K
glibc malloc tunables: (default)

/proc/sys/kernel/threads-max (system-wide limit on the number of threads): 254696
/proc/sys/vm/max_map_count (maximum number of memory map areas a process may have): 1048576
/proc/sys/vm/swappiness (control to define how aggressively the kernel swaps out anonymous memory): 60
/proc/sys/kernel/pid_max (system-wide limit on number of process identifiers): 4194304

container information not found.
Steal ticks since vm start: 0
Steal ticks percentage since vm start:  0.000

CPU: total 8 (initial active 8) (4 cores per cpu, 2 threads per core) family 6 model 142 stepping 10 microcode 0x84, cx8, cmov, fxsr, ht, mmx, 3dnowpref, sse, sse2, sse3, ssse3, sse4.1, sse4.2, popcnt, lzcnt, tsc, tscinvbit, avx, avx2, aes, erms, clmul, bmi1, bmi2, rtm, adx, fma, vzeroupper, clflush, clflushopt, rdtscp, f16c
CPU Model and flags from /proc/cpuinfo:
model name	: Intel(R) Core(TM) i7-8650U CPU @ 1.90GHz
flags		: fpu vme de pse tsc msr pae mce cx8 apic sep mtrr pge mca cmov pat pse36 clflush dts acpi mmx fxsr sse sse2 ss ht tm pbe syscall nx pdpe1gb rdtscp lm constant_tsc art arch_perfmon pebs bts rep_good nopl xtopology nonstop_tsc cpuid aperfmperf pni pclmulqdq dtes64 monitor ds_cpl vmx smx est tm2 ssse3 sdbg fma cx16 xtpr pdcm pcid sse4_1 sse4_2 x2apic movbe popcnt tsc_deadline_timer aes xsave avx f16c rdrand lahf_lm abm 3dnowprefetch cpuid_fault epb pti ibrs ibpb stibp tpr_shadow flexpriority ept vpid ept_ad fsgsbase tsc_adjust bmi1 hle avx2 smep bmi2 erms invpcid rtm mpx rdseed adx smap clflushopt intel_pt xsaveopt xsavec xgetbv1 xsaves dtherm ida arat pln pts hwp hwp_notify hwp_act_window hwp_epp vnmi

Online cpus: 0-7
Offline cpus: 
BIOS frequency limitation: <Not Available>
Frequency switch latency (ns): 0
Available cpu frequencies: <Not Available>
Current governor: powersave
Core performance/turbo boost: <Not Available>

Memory: 4k page, physical 32722388k(16277936k free), swap 4194300k(4194300k free)
Page Sizes: 4k

vm_info: OpenJDK 64-Bit Server VM (21.0.11+10-1-24.04.2-Ubuntu) for linux-amd64 JRE (21.0.11+10-1-24.04.2-Ubuntu), built on 2026-04-26T09:33:23Z by "buildd" with gcc 13.3.0

END.
