#
# A fatal error has been detected by the Java Runtime Environment:
#
#  SIGBUS (0x7) at pc=0x0000724ebc698d6f (sent by kill), pid=116604, tid=116604
#
# JRE version: OpenJDK Runtime Environment (21.0.11+10) (build 21.0.11+10-1-24.04.2-Ubuntu)
# Java VM: OpenJDK 64-Bit Server VM (21.0.11+10-1-24.04.2-Ubuntu, mixed mode, sharing, tiered, compressed oops, compressed class ptrs, g1 gc, linux-amd64)
# Problematic frame:
# C  [libc.so.6+0x98d6f]
#
# Core dump will be written. Default location: Core dumps may be processed with "/usr/share/apport/apport -p%p -s%s -c%c -d%d -P%P -u%u -g%g -F%F -- %E" (or dumping to /home/abel/Desktop/PROJECTS/2026-projects/hms/hospital-management-system/core.116604)
#
# If you would like to submit a bug report, please visit:
#   https://bugs.launchpad.net/ubuntu/+source/openjdk-21
#

---------------  S U M M A R Y ------------

Command Line: -Djansi.mode=force -Dclassworlds.conf=/usr/share/maven/bin/m2.conf -Dmaven.home=/usr/share/maven -Dlibrary.jansi.path=/usr/share/maven/lib/jansi-native -Dmaven.multiModuleProjectDirectory=/home/abel/Desktop/PROJECTS/2026-projects/hms/hospital-management-system org.codehaus.plexus.classworlds.launcher.Launcher spring-boot:run

Host: Intel(R) Core(TM) i7-8650U CPU @ 1.90GHz, 8 cores, 31G, Ubuntu 24.04.4 LTS
Time: Tue Jun 16 13:00:14 2026 EAT elapsed time: 11.262845 seconds (0d 0h 0m 11s)

---------------  T H R E A D  ---------------

Current thread is native thread

Stack: [0x00007fff729dd000,0x00007fff731db000],  sp=0x00007fff731d6480,  free space=8165k
Native frames: (J=compiled Java code, j=interpreted, Vv=VM code, C=native code)
C  [libc.so.6+0x98d6f]
C  [libc.so.6+0x9e7a3]
C  [libjli.so+0x90b3]  CallJavaMainInNewThread+0x63
C  [libjli.so+0x60a1]  ContinueInNewThread+0x61
C  [libjli.so+0x6b9a]  JLI_Launch+0x8da
C  [java+0x12b1]
C  [libc.so.6+0x2a1ca]
C  [libc.so.6+0x2a28b]  __libc_start_main+0x8b

siginfo: si_signo: 7 (SIGBUS), si_code: 0 (SI_USER), si_pid: 117032, si_uid: 1000

Registers:
RAX=0x00000000000000ca, RBX=0x0000000000000000, RCX=0x0000724ebc698d71, RDX=0x000000000001c790
RSP=0x00007fff731d6480, RBP=0x00007fff731d64c0, RSI=0x0000000000000109, RDI=0x0000724ebafff990
R8 =0x0000000000000000, R9 =0x00000000ffffffff, R10=0x0000000000000000, R11=0x0000000000000246
R12=0x000000000001c790, R13=0x0000000000000000, R14=0x0000724ebafff990, R15=0x0000724ebafff6c0
RIP=0x0000724ebc698d6f, EFLAGS=0x0000000000000246, CSGSFS=0x002b000000000033, ERR=0x0000000000000000
  TRAPNO=0x0000000000000000

XMM[0]=0x0000000000000000 0x0000000000000000
XMM[1]=0x0000000000000000 0x0000000000000000
XMM[2]=0x0000003000000030 0xcb894634b5f80300
XMM[3]=0x0000632561937520 0x00007fff731d64e0
XMM[4]=0x0000000000000006 0x000063256190f790
XMM[5]=0x00007fff731d65a0 0x000063256190f380
XMM[6]=0x0000632561937520 0x0000724ebc68fce1
XMM[7]=0x0000632561937563 0x0000632561937562
XMM[8]=0x0000000000000000 0x0000000000002000
XMM[9]=0x0000000000000000 0x0000000000000000
XMM[10]=0x3f3f3f3f3f3f3f3f 0x3f3f3f3f3f3f3f3f
XMM[11]=0x9999999999999999 0x9999999999999999
XMM[12]=0x2020202020202020 0x2020202020202020
XMM[13]=0x0000000000000000 0x0000000000000000
XMM[14]=0x0000000000000000 0x0000000000000000
XMM[15]=0x0000000000000000 0x0000000000000000
  MXCSR=0x00001f80


Top of Stack: (sp=0x00007fff731d6480)
0x00007fff731d6480:   0000000000000002 0000000000000000   ................
0x00007fff731d6490:   0000724ebafff990 00000109b5f80300   ....Nr..........
0x00007fff731d64a0:   0000003000000030 0000000000000000   0...0...........
0x00007fff731d64b0:   0000000000000000 00007fff731d6558   ........Xe.s....
0x00007fff731d64c0:   00007fff731d6540 0000724ebc69e7a3   @e.s......i.Nr..
0x00007fff731d64d0:   00007fff731d65a0 00007fff731d64e0   .e.s.....d.s....
0x00007fff731d64e0:   0000724ebc69e650 0000724ebafffce0   P.i.Nr......Nr..
0x00007fff731d64f0:   0000632561937563 0000000000000000   cu.a%c..........
0x00007fff731d6500:   ffffffff00000002 cb894634b5f80300   ............4F..
0x00007fff731d6510:   00006325619108d1 00007fff731d6560   ...a%c..`e.s....
0x00007fff731d6520:   0000000000100000 00007fff731d65e0   .........e.s....
0x00007fff731d6530:   0000000000000001 000063256190f7b8   ...........a%c..
0x00007fff731d6540:   00007fff731d65c0 0000724ebc9210b3   .e.s........Nr..
0x00007fff731d6550:   0000724ebafff6c0 0000000000000000   ....Nr..........
0x00007fff731d6560:   0000000000000000 0000000000000000   ................
0x00007fff731d6570:   0000000000000000 0000000000000000   ................
0x00007fff731d6580:   0000000000100000 0000000000000000   ................
0x00007fff731d6590:   0000000000000000 0000000000000000   ................
0x00007fff731d65a0:   0000000000000000 00007fff731d6700   .........g.s....
0x00007fff731d65b0:   000063256190f4f0 0000000000000000   ...a%c..........
0x00007fff731d65c0:   00007fff731d6670 0000724ebc91e0a1   pf.s........Nr..
0x00007fff731d65d0:   0000000100000004 00007fff731d65e0   .........e.s....
0x00007fff731d65e0:   0000000000000001 000063256190f7b8   ...........a%c..
0x00007fff731d65f0:   0000000000000001 000063256190f4f0   ...........a%c..
0x00007fff731d6600:   0000724ebb9b7200 0000724ebb9b71b0   .r..Nr...q..Nr..
0x00007fff731d6610:   0000724ebb9b74b0 0000000000000000   .t..Nr..........
0x00007fff731d6620:   0000000000000000 0000000000000000   ................
0x00007fff731d6630:   0000000000000000 0000000000000000   ................
0x00007fff731d6640:   00007fff731d6680 0000000000000001   .f.s............
0x00007fff731d6650:   0000000000000000 000063256190f7b8   ...........a%c..
0x00007fff731d6660:   0000000000000001 000063256190f4f0   ...........a%c..
0x00007fff731d6670:   00007fff731da750 0000724ebc91eb9a   P..s........Nr..

Instructions: (pc=0x0000724ebc698d6f)
0x0000724ebc698c6f:   7d ff ff 66 0f 1f 44 00 00 b8 16 00 00 00 c3 66
0x0000724ebc698c7f:   90 48 83 39 00 79 88 b8 6e 00 00 00 c3 0f 1f 40
0x0000724ebc698c8f:   00 f3 0f 1e fa 55 48 89 e5 41 55 41 54 41 89 f4
0x0000724ebc698c9f:   53 48 83 ec 28 48 85 c9 0f 85 db 00 00 00 83 fa
0x0000724ebc698caf:   01 77 5e c1 e2 08 89 d6 81 f6 00 01 00 00 40 80
0x0000724ebc698cbf:   ce 89 44 31 c6 80 3d 75 23 17 00 00 74 73 41 b9
0x0000724ebc698ccf:   ff ff ff ff 45 31 c0 49 89 ca 44 89 e2 b8 ca 00
0x0000724ebc698cdf:   00 00 0f 05 48 89 c3 89 d8 85 db 7f 3e 83 fb ea
0x0000724ebc698cef:   7c 2f 83 c3 16 ba 01 08 44 00 48 0f a3 da 73 2b
0x0000724ebc698cff:   f7 d8 48 83 c4 28 5b 41 5c 41 5d 5d c3 0f 1f 40
0x0000724ebc698d0f:   00 48 83 c4 28 b8 16 00 00 00 5b 41 5c 41 5d 5d
0x0000724ebc698d1f:   c3 83 fb 92 74 da 83 fb b5 74 d5 48 8d 3d c7 82
0x0000724ebc698d2f:   13 00 e8 0a 7d ff ff 66 2e 0f 1f 84 00 00 00 00
0x0000724ebc698d3f:   00 48 89 7d d0 89 75 dc 48 89 4d c8 e8 00 f8 ff
0x0000724ebc698d4f:   ff 4c 8b 55 c8 8b 75 dc 45 31 c0 41 89 c5 48 8b
0x0000724ebc698d5f:   7d d0 41 b9 ff ff ff ff 44 89 e2 b8 ca 00 00 00
0x0000724ebc698d6f:   0f 05 44 89 ef 48 89 c3 e8 54 f8 ff ff e9 65 ff
0x0000724ebc698d7f:   ff ff 0f 1f 80 00 00 00 00 48 83 39 00 0f 89 1b
0x0000724ebc698d8f:   ff ff ff b8 6e 00 00 00 e9 65 ff ff ff 0f 1f 40
0x0000724ebc698d9f:   00 f3 0f 1e fa 89 f0 89 ce 49 89 d2 40 80 f6 86
0x0000724ebc698daf:   85 c0 74 09 80 f1 8d 48 85 d2 0f 45 f1 31 d2 b8
0x0000724ebc698dbf:   ca 00 00 00 0f 05 83 f8 da 74 26 83 f8 92 74 18
0x0000724ebc698dcf:   8d 50 23 83 fa 23 77 1f 48 b9 01 20 00 81 09 00
0x0000724ebc698ddf:   00 00 48 0f a3 d1 73 0f f7 d8 c3 66 0f 1f 44 00
0x0000724ebc698def:   00 b8 16 00 00 00 c3 55 48 8d 3d fa 81 13 00 48
0x0000724ebc698dff:   89 e5 e8 3a 7c ff ff 66 2e 0f 1f 84 00 00 00 00
0x0000724ebc698e0f:   00 f3 0f 1e fa 64 48 8b 04 25 10 00 00 00 64 48
0x0000724ebc698e1f:   8b 14 25 f8 02 00 00 48 89 57 18 48 8d 90 08 03
0x0000724ebc698e2f:   00 00 8b 80 08 03 00 00 a8 02 75 15 d1 f8 83 e0
0x0000724ebc698e3f:   01 89 47 10 64 48 89 3c 25 f8 02 00 00 c3 0f 1f
0x0000724ebc698e4f:   00 89 c1 83 e1 fd f0 0f b1 0a 74 e0 eb f3 0f 1f
0x0000724ebc698e5f:   00 f3 0f 1e fa 64 48 8b 14 25 10 00 00 00 48 8b



---------------  P R O C E S S  ---------------

VM state: not at safepoint (normal execution)

VM Mutex/Monitor currently owned by a thread: None

Heap address: 0x000000060c800000, size: 7992 MB, Compressed Oops mode: Zero based, Oop shift amount: 3

CDS archive(s) mapped at: [0x0000724e37000000-0x0000724e37c9c000-0x0000724e37c9c000), size 13221888, SharedBaseAddress: 0x0000724e37000000, ArchiveRelocationMode: 1.
Compressed class space mapped at: 0x0000724e38000000-0x0000724e78000000, reserved size: 1073741824
Narrow klass base: 0x0000724e37000000, Narrow klass shift: 0, Narrow klass range: 0x100000000

GC Precious Log:
<Skipped>

Heap:
 garbage-first heap   total 516096K, used 42575K [0x000000060c800000, 0x0000000800000000)
  region size 4096K, 11 young (45056K), 7 survivors (28672K)
 Metaspace       used 19010K, committed 19456K, reserved 1114112K
  class space    used 1965K, committed 2176K, reserved 1048576K

Heap Regions: E=young(eden), S=young(survivor), O=old, HS=humongous(starts), HC=humongous(continues), CS=collection set, F=free, TAMS=top-at-mark-start, PB=parsable bottom
|   0|0x000000060c800000, 0x000000060c800000, 0x000000060cc00000|  0%| F|  |TAMS 0x000000060c800000| PB 0x000000060c800000| Untracked 
|   1|0x000000060cc00000, 0x000000060cc00000, 0x000000060d000000|  0%| F|  |TAMS 0x000000060cc00000| PB 0x000000060cc00000| Untracked 
|   2|0x000000060d000000, 0x000000060d000000, 0x000000060d400000|  0%| F|  |TAMS 0x000000060d000000| PB 0x000000060d000000| Untracked 
|   3|0x000000060d400000, 0x000000060d400000, 0x000000060d800000|  0%| F|  |TAMS 0x000000060d400000| PB 0x000000060d400000| Untracked 
|   4|0x000000060d800000, 0x000000060d800000, 0x000000060dc00000|  0%| F|  |TAMS 0x000000060d800000| PB 0x000000060d800000| Untracked 
|   5|0x000000060dc00000, 0x000000060dc00000, 0x000000060e000000|  0%| F|  |TAMS 0x000000060dc00000| PB 0x000000060dc00000| Untracked 
|   6|0x000000060e000000, 0x000000060e000000, 0x000000060e400000|  0%| F|  |TAMS 0x000000060e000000| PB 0x000000060e000000| Untracked 
|   7|0x000000060e400000, 0x000000060e400000, 0x000000060e800000|  0%| F|  |TAMS 0x000000060e400000| PB 0x000000060e400000| Untracked 
|   8|0x000000060e800000, 0x000000060e800000, 0x000000060ec00000|  0%| F|  |TAMS 0x000000060e800000| PB 0x000000060e800000| Untracked 
|   9|0x000000060ec00000, 0x000000060ec00000, 0x000000060f000000|  0%| F|  |TAMS 0x000000060ec00000| PB 0x000000060ec00000| Untracked 
|  10|0x000000060f000000, 0x000000060f000000, 0x000000060f400000|  0%| F|  |TAMS 0x000000060f000000| PB 0x000000060f000000| Untracked 
|  11|0x000000060f400000, 0x000000060f400000, 0x000000060f800000|  0%| F|  |TAMS 0x000000060f400000| PB 0x000000060f400000| Untracked 
|  12|0x000000060f800000, 0x000000060f800000, 0x000000060fc00000|  0%| F|  |TAMS 0x000000060f800000| PB 0x000000060f800000| Untracked 
|  13|0x000000060fc00000, 0x000000060fc00000, 0x0000000610000000|  0%| F|  |TAMS 0x000000060fc00000| PB 0x000000060fc00000| Untracked 
|  14|0x0000000610000000, 0x0000000610000000, 0x0000000610400000|  0%| F|  |TAMS 0x0000000610000000| PB 0x0000000610000000| Untracked 
|  15|0x0000000610400000, 0x0000000610400000, 0x0000000610800000|  0%| F|  |TAMS 0x0000000610400000| PB 0x0000000610400000| Untracked 
|  16|0x0000000610800000, 0x0000000610800000, 0x0000000610c00000|  0%| F|  |TAMS 0x0000000610800000| PB 0x0000000610800000| Untracked 
|  17|0x0000000610c00000, 0x0000000610c00000, 0x0000000611000000|  0%| F|  |TAMS 0x0000000610c00000| PB 0x0000000610c00000| Untracked 
|  18|0x0000000611000000, 0x0000000611000000, 0x0000000611400000|  0%| F|  |TAMS 0x0000000611000000| PB 0x0000000611000000| Untracked 
|  19|0x0000000611400000, 0x0000000611400000, 0x0000000611800000|  0%| F|  |TAMS 0x0000000611400000| PB 0x0000000611400000| Untracked 
|  20|0x0000000611800000, 0x0000000611800000, 0x0000000611c00000|  0%| F|  |TAMS 0x0000000611800000| PB 0x0000000611800000| Untracked 
|  21|0x0000000611c00000, 0x0000000611c00000, 0x0000000612000000|  0%| F|  |TAMS 0x0000000611c00000| PB 0x0000000611c00000| Untracked 
|  22|0x0000000612000000, 0x0000000612000000, 0x0000000612400000|  0%| F|  |TAMS 0x0000000612000000| PB 0x0000000612000000| Untracked 
|  23|0x0000000612400000, 0x0000000612400000, 0x0000000612800000|  0%| F|  |TAMS 0x0000000612400000| PB 0x0000000612400000| Untracked 
|  24|0x0000000612800000, 0x0000000612800000, 0x0000000612c00000|  0%| F|  |TAMS 0x0000000612800000| PB 0x0000000612800000| Untracked 
|  25|0x0000000612c00000, 0x0000000612c00000, 0x0000000613000000|  0%| F|  |TAMS 0x0000000612c00000| PB 0x0000000612c00000| Untracked 
|  26|0x0000000613000000, 0x0000000613000000, 0x0000000613400000|  0%| F|  |TAMS 0x0000000613000000| PB 0x0000000613000000| Untracked 
|  27|0x0000000613400000, 0x0000000613400000, 0x0000000613800000|  0%| F|  |TAMS 0x0000000613400000| PB 0x0000000613400000| Untracked 
|  28|0x0000000613800000, 0x0000000613800000, 0x0000000613c00000|  0%| F|  |TAMS 0x0000000613800000| PB 0x0000000613800000| Untracked 
|  29|0x0000000613c00000, 0x0000000613c00000, 0x0000000614000000|  0%| F|  |TAMS 0x0000000613c00000| PB 0x0000000613c00000| Untracked 
|  30|0x0000000614000000, 0x0000000614000000, 0x0000000614400000|  0%| F|  |TAMS 0x0000000614000000| PB 0x0000000614000000| Untracked 
|  31|0x0000000614400000, 0x0000000614400000, 0x0000000614800000|  0%| F|  |TAMS 0x0000000614400000| PB 0x0000000614400000| Untracked 
|  32|0x0000000614800000, 0x0000000614800000, 0x0000000614c00000|  0%| F|  |TAMS 0x0000000614800000| PB 0x0000000614800000| Untracked 
|  33|0x0000000614c00000, 0x0000000614c00000, 0x0000000615000000|  0%| F|  |TAMS 0x0000000614c00000| PB 0x0000000614c00000| Untracked 
|  34|0x0000000615000000, 0x0000000615000000, 0x0000000615400000|  0%| F|  |TAMS 0x0000000615000000| PB 0x0000000615000000| Untracked 
|  35|0x0000000615400000, 0x0000000615400000, 0x0000000615800000|  0%| F|  |TAMS 0x0000000615400000| PB 0x0000000615400000| Untracked 
|  36|0x0000000615800000, 0x0000000615800000, 0x0000000615c00000|  0%| F|  |TAMS 0x0000000615800000| PB 0x0000000615800000| Untracked 
|  37|0x0000000615c00000, 0x0000000615c00000, 0x0000000616000000|  0%| F|  |TAMS 0x0000000615c00000| PB 0x0000000615c00000| Untracked 
|  38|0x0000000616000000, 0x0000000616000000, 0x0000000616400000|  0%| F|  |TAMS 0x0000000616000000| PB 0x0000000616000000| Untracked 
|  39|0x0000000616400000, 0x0000000616400000, 0x0000000616800000|  0%| F|  |TAMS 0x0000000616400000| PB 0x0000000616400000| Untracked 
|  40|0x0000000616800000, 0x0000000616800000, 0x0000000616c00000|  0%| F|  |TAMS 0x0000000616800000| PB 0x0000000616800000| Untracked 
|  41|0x0000000616c00000, 0x0000000616c00000, 0x0000000617000000|  0%| F|  |TAMS 0x0000000616c00000| PB 0x0000000616c00000| Untracked 
|  42|0x0000000617000000, 0x0000000617000000, 0x0000000617400000|  0%| F|  |TAMS 0x0000000617000000| PB 0x0000000617000000| Untracked 
|  43|0x0000000617400000, 0x0000000617400000, 0x0000000617800000|  0%| F|  |TAMS 0x0000000617400000| PB 0x0000000617400000| Untracked 
|  44|0x0000000617800000, 0x00000006179b3f80, 0x0000000617c00000| 42%| S|CS|TAMS 0x0000000617800000| PB 0x0000000617800000| Complete 
|  45|0x0000000617c00000, 0x0000000618000000, 0x0000000618000000|100%| S|CS|TAMS 0x0000000617c00000| PB 0x0000000617c00000| Complete 
|  46|0x0000000618000000, 0x0000000618400000, 0x0000000618400000|100%| S|CS|TAMS 0x0000000618000000| PB 0x0000000618000000| Complete 
|  47|0x0000000618400000, 0x0000000618800000, 0x0000000618800000|100%| S|CS|TAMS 0x0000000618400000| PB 0x0000000618400000| Complete 
|  48|0x0000000618800000, 0x0000000618c00000, 0x0000000618c00000|100%| S|CS|TAMS 0x0000000618800000| PB 0x0000000618800000| Complete 
|  49|0x0000000618c00000, 0x0000000619000000, 0x0000000619000000|100%| S|CS|TAMS 0x0000000618c00000| PB 0x0000000618c00000| Complete 
|  50|0x0000000619000000, 0x0000000619400000, 0x0000000619400000|100%| S|CS|TAMS 0x0000000619000000| PB 0x0000000619000000| Complete 
|  51|0x0000000619400000, 0x0000000619400000, 0x0000000619800000|  0%| F|  |TAMS 0x0000000619400000| PB 0x0000000619400000| Untracked 
|  52|0x0000000619800000, 0x0000000619800000, 0x0000000619c00000|  0%| F|  |TAMS 0x0000000619800000| PB 0x0000000619800000| Untracked 
|  53|0x0000000619c00000, 0x0000000619c00000, 0x000000061a000000|  0%| F|  |TAMS 0x0000000619c00000| PB 0x0000000619c00000| Untracked 
|  54|0x000000061a000000, 0x000000061a000000, 0x000000061a400000|  0%| F|  |TAMS 0x000000061a000000| PB 0x000000061a000000| Untracked 
|  55|0x000000061a400000, 0x000000061a400000, 0x000000061a800000|  0%| F|  |TAMS 0x000000061a400000| PB 0x000000061a400000| Untracked 
|  56|0x000000061a800000, 0x000000061a800000, 0x000000061ac00000|  0%| F|  |TAMS 0x000000061a800000| PB 0x000000061a800000| Untracked 
|  57|0x000000061ac00000, 0x000000061ac00000, 0x000000061b000000|  0%| F|  |TAMS 0x000000061ac00000| PB 0x000000061ac00000| Untracked 
|  58|0x000000061b000000, 0x000000061b000000, 0x000000061b400000|  0%| F|  |TAMS 0x000000061b000000| PB 0x000000061b000000| Untracked 
|  59|0x000000061b400000, 0x000000061b400000, 0x000000061b800000|  0%| F|  |TAMS 0x000000061b400000| PB 0x000000061b400000| Untracked 
|  60|0x000000061b800000, 0x000000061b800000, 0x000000061bc00000|  0%| F|  |TAMS 0x000000061b800000| PB 0x000000061b800000| Untracked 
|  61|0x000000061bc00000, 0x000000061bc00000, 0x000000061c000000|  0%| F|  |TAMS 0x000000061bc00000| PB 0x000000061bc00000| Untracked 
|  62|0x000000061c000000, 0x000000061c000000, 0x000000061c400000|  0%| F|  |TAMS 0x000000061c000000| PB 0x000000061c000000| Untracked 
|  63|0x000000061c400000, 0x000000061c400000, 0x000000061c800000|  0%| F|  |TAMS 0x000000061c400000| PB 0x000000061c400000| Untracked 
|  64|0x000000061c800000, 0x000000061c800000, 0x000000061cc00000|  0%| F|  |TAMS 0x000000061c800000| PB 0x000000061c800000| Untracked 
|  65|0x000000061cc00000, 0x000000061cc00000, 0x000000061d000000|  0%| F|  |TAMS 0x000000061cc00000| PB 0x000000061cc00000| Untracked 
|  66|0x000000061d000000, 0x000000061d000000, 0x000000061d400000|  0%| F|  |TAMS 0x000000061d000000| PB 0x000000061d000000| Untracked 
|  67|0x000000061d400000, 0x000000061d400000, 0x000000061d800000|  0%| F|  |TAMS 0x000000061d400000| PB 0x000000061d400000| Untracked 
|  68|0x000000061d800000, 0x000000061d800000, 0x000000061dc00000|  0%| F|  |TAMS 0x000000061d800000| PB 0x000000061d800000| Untracked 
|  69|0x000000061dc00000, 0x000000061dc00000, 0x000000061e000000|  0%| F|  |TAMS 0x000000061dc00000| PB 0x000000061dc00000| Untracked 
|  70|0x000000061e000000, 0x000000061e000000, 0x000000061e400000|  0%| F|  |TAMS 0x000000061e000000| PB 0x000000061e000000| Untracked 
|  71|0x000000061e400000, 0x000000061e400000, 0x000000061e800000|  0%| F|  |TAMS 0x000000061e400000| PB 0x000000061e400000| Untracked 
|  72|0x000000061e800000, 0x000000061e800000, 0x000000061ec00000|  0%| F|  |TAMS 0x000000061e800000| PB 0x000000061e800000| Untracked 
|  73|0x000000061ec00000, 0x000000061ec00000, 0x000000061f000000|  0%| F|  |TAMS 0x000000061ec00000| PB 0x000000061ec00000| Untracked 
|  74|0x000000061f000000, 0x000000061f000000, 0x000000061f400000|  0%| F|  |TAMS 0x000000061f000000| PB 0x000000061f000000| Untracked 
|  75|0x000000061f400000, 0x000000061f400000, 0x000000061f800000|  0%| F|  |TAMS 0x000000061f400000| PB 0x000000061f400000| Untracked 
|  76|0x000000061f800000, 0x000000061f800000, 0x000000061fc00000|  0%| F|  |TAMS 0x000000061f800000| PB 0x000000061f800000| Untracked 
|  77|0x000000061fc00000, 0x000000061fc00000, 0x0000000620000000|  0%| F|  |TAMS 0x000000061fc00000| PB 0x000000061fc00000| Untracked 
|  78|0x0000000620000000, 0x0000000620000000, 0x0000000620400000|  0%| F|  |TAMS 0x0000000620000000| PB 0x0000000620000000| Untracked 
|  79|0x0000000620400000, 0x0000000620400000, 0x0000000620800000|  0%| F|  |TAMS 0x0000000620400000| PB 0x0000000620400000| Untracked 
|  80|0x0000000620800000, 0x0000000620800000, 0x0000000620c00000|  0%| F|  |TAMS 0x0000000620800000| PB 0x0000000620800000| Untracked 
|  81|0x0000000620c00000, 0x0000000620c00000, 0x0000000621000000|  0%| F|  |TAMS 0x0000000620c00000| PB 0x0000000620c00000| Untracked 
|  82|0x0000000621000000, 0x0000000621000000, 0x0000000621400000|  0%| F|  |TAMS 0x0000000621000000| PB 0x0000000621000000| Untracked 
|  83|0x0000000621400000, 0x0000000621400000, 0x0000000621800000|  0%| F|  |TAMS 0x0000000621400000| PB 0x0000000621400000| Untracked 
|  84|0x0000000621800000, 0x0000000621800000, 0x0000000621c00000|  0%| F|  |TAMS 0x0000000621800000| PB 0x0000000621800000| Untracked 
|  85|0x0000000621c00000, 0x0000000621c00000, 0x0000000622000000|  0%| F|  |TAMS 0x0000000621c00000| PB 0x0000000621c00000| Untracked 
|  86|0x0000000622000000, 0x0000000622000000, 0x0000000622400000|  0%| F|  |TAMS 0x0000000622000000| PB 0x0000000622000000| Untracked 
|  87|0x0000000622400000, 0x0000000622400000, 0x0000000622800000|  0%| F|  |TAMS 0x0000000622400000| PB 0x0000000622400000| Untracked 
|  88|0x0000000622800000, 0x0000000622800000, 0x0000000622c00000|  0%| F|  |TAMS 0x0000000622800000| PB 0x0000000622800000| Untracked 
|  89|0x0000000622c00000, 0x0000000622c00000, 0x0000000623000000|  0%| F|  |TAMS 0x0000000622c00000| PB 0x0000000622c00000| Untracked 
|  90|0x0000000623000000, 0x0000000623000000, 0x0000000623400000|  0%| F|  |TAMS 0x0000000623000000| PB 0x0000000623000000| Untracked 
|  91|0x0000000623400000, 0x0000000623400000, 0x0000000623800000|  0%| F|  |TAMS 0x0000000623400000| PB 0x0000000623400000| Untracked 
|  92|0x0000000623800000, 0x0000000623800000, 0x0000000623c00000|  0%| F|  |TAMS 0x0000000623800000| PB 0x0000000623800000| Untracked 
|  93|0x0000000623c00000, 0x0000000623c00000, 0x0000000624000000|  0%| F|  |TAMS 0x0000000623c00000| PB 0x0000000623c00000| Untracked 
|  94|0x0000000624000000, 0x0000000624000000, 0x0000000624400000|  0%| F|  |TAMS 0x0000000624000000| PB 0x0000000624000000| Untracked 
|  95|0x0000000624400000, 0x0000000624400000, 0x0000000624800000|  0%| F|  |TAMS 0x0000000624400000| PB 0x0000000624400000| Untracked 
|  96|0x0000000624800000, 0x0000000624800000, 0x0000000624c00000|  0%| F|  |TAMS 0x0000000624800000| PB 0x0000000624800000| Untracked 
|  97|0x0000000624c00000, 0x0000000624c00000, 0x0000000625000000|  0%| F|  |TAMS 0x0000000624c00000| PB 0x0000000624c00000| Untracked 
|  98|0x0000000625000000, 0x0000000625000000, 0x0000000625400000|  0%| F|  |TAMS 0x0000000625000000| PB 0x0000000625000000| Untracked 
|  99|0x0000000625400000, 0x0000000625400000, 0x0000000625800000|  0%| F|  |TAMS 0x0000000625400000| PB 0x0000000625400000| Untracked 
| 100|0x0000000625800000, 0x0000000625800000, 0x0000000625c00000|  0%| F|  |TAMS 0x0000000625800000| PB 0x0000000625800000| Untracked 
| 101|0x0000000625c00000, 0x0000000625c00000, 0x0000000626000000|  0%| F|  |TAMS 0x0000000625c00000| PB 0x0000000625c00000| Untracked 
| 102|0x0000000626000000, 0x0000000626000000, 0x0000000626400000|  0%| F|  |TAMS 0x0000000626000000| PB 0x0000000626000000| Untracked 
| 103|0x0000000626400000, 0x0000000626400000, 0x0000000626800000|  0%| F|  |TAMS 0x0000000626400000| PB 0x0000000626400000| Untracked 
| 104|0x0000000626800000, 0x0000000626800000, 0x0000000626c00000|  0%| F|  |TAMS 0x0000000626800000| PB 0x0000000626800000| Untracked 
| 105|0x0000000626c00000, 0x0000000626c00000, 0x0000000627000000|  0%| F|  |TAMS 0x0000000626c00000| PB 0x0000000626c00000| Untracked 
| 106|0x0000000627000000, 0x0000000627000000, 0x0000000627400000|  0%| F|  |TAMS 0x0000000627000000| PB 0x0000000627000000| Untracked 
| 107|0x0000000627400000, 0x0000000627400000, 0x0000000627800000|  0%| F|  |TAMS 0x0000000627400000| PB 0x0000000627400000| Untracked 
| 108|0x0000000627800000, 0x0000000627800000, 0x0000000627c00000|  0%| F|  |TAMS 0x0000000627800000| PB 0x0000000627800000| Untracked 
| 109|0x0000000627c00000, 0x0000000627c00000, 0x0000000628000000|  0%| F|  |TAMS 0x0000000627c00000| PB 0x0000000627c00000| Untracked 
| 110|0x0000000628000000, 0x0000000628000000, 0x0000000628400000|  0%| F|  |TAMS 0x0000000628000000| PB 0x0000000628000000| Untracked 
| 111|0x0000000628400000, 0x0000000628400000, 0x0000000628800000|  0%| F|  |TAMS 0x0000000628400000| PB 0x0000000628400000| Untracked 
| 112|0x0000000628800000, 0x0000000628800000, 0x0000000628c00000|  0%| F|  |TAMS 0x0000000628800000| PB 0x0000000628800000| Untracked 
| 113|0x0000000628c00000, 0x0000000628c00000, 0x0000000629000000|  0%| F|  |TAMS 0x0000000628c00000| PB 0x0000000628c00000| Untracked 
| 114|0x0000000629000000, 0x0000000629000000, 0x0000000629400000|  0%| F|  |TAMS 0x0000000629000000| PB 0x0000000629000000| Untracked 
| 115|0x0000000629400000, 0x0000000629400000, 0x0000000629800000|  0%| F|  |TAMS 0x0000000629400000| PB 0x0000000629400000| Untracked 
| 116|0x0000000629800000, 0x0000000629800000, 0x0000000629c00000|  0%| F|  |TAMS 0x0000000629800000| PB 0x0000000629800000| Untracked 
| 117|0x0000000629c00000, 0x0000000629c00000, 0x000000062a000000|  0%| F|  |TAMS 0x0000000629c00000| PB 0x0000000629c00000| Untracked 
| 118|0x000000062a000000, 0x000000062a000000, 0x000000062a400000|  0%| F|  |TAMS 0x000000062a000000| PB 0x000000062a000000| Untracked 
| 119|0x000000062a400000, 0x000000062a400000, 0x000000062a800000|  0%| F|  |TAMS 0x000000062a400000| PB 0x000000062a400000| Untracked 
| 120|0x000000062a800000, 0x000000062a800000, 0x000000062ac00000|  0%| F|  |TAMS 0x000000062a800000| PB 0x000000062a800000| Untracked 
| 121|0x000000062ac00000, 0x000000062aed3a58, 0x000000062b000000| 70%| E|  |TAMS 0x000000062ac00000| PB 0x000000062ac00000| Complete 
| 122|0x000000062b000000, 0x000000062b400000, 0x000000062b400000|100%| E|CS|TAMS 0x000000062b000000| PB 0x000000062b000000| Complete 
| 123|0x000000062b400000, 0x000000062b800000, 0x000000062b800000|100%| E|CS|TAMS 0x000000062b400000| PB 0x000000062b400000| Complete 
| 124|0x000000062b800000, 0x000000062bc00000, 0x000000062bc00000|100%| E|CS|TAMS 0x000000062b800000| PB 0x000000062b800000| Complete 
|1997|0x00000007ffc00000, 0x00000007ffd0c610, 0x0000000800000000| 26%| O|  |TAMS 0x00000007ffc00000| PB 0x00000007ffc00000| Untracked 

Card table byte_map: [0x0000724eb82ea000,0x0000724eb9286000] _byte_map_base: 0x0000724eb5286000

Marking Bits: (CMBitMap*) 0x0000724eb4045320
 Bits: [0x0000724e94b20000, 0x0000724e9c800000)

Polling page: 0x0000724ebc955000

Metaspace:

Usage:
  Non-class:     16.65 MB used.
      Class:      1.92 MB used.
       Both:     18.57 MB used.

Virtual space:
  Non-class space:       64.00 MB reserved,      16.88 MB ( 26%) committed,  1 nodes.
      Class space:        1.00 GB reserved,       2.12 MB ( <1%) committed,  1 nodes.
             Both:        1.06 GB reserved,      19.00 MB (  2%) committed. 

Chunk freelists:
   Non-Class:  14.44 MB
       Class:  13.78 MB
        Both:  28.22 MB

MaxMetaspaceSize: unlimited
CompressedClassSpaceSize: 1.00 GB
Initial GC threshold: 21.00 MB
Current GC threshold: 21.00 MB
CDS: on
 - commit_granule_bytes: 65536.
 - commit_granule_words: 8192.
 - virtual_space_node_default_size: 8388608.
 - enlarge_chunks_in_place: 1.
 - use_allocation_guard: 0.


Internal statistics:

num_allocs_failed_limit: 0.
num_arena_births: 314.
num_arena_deaths: 0.
num_vsnodes_births: 2.
num_vsnodes_deaths: 0.
num_space_committed: 304.
num_space_uncommitted: 0.
num_chunks_returned_to_freelist: 0.
num_chunks_taken_from_freelist: 960.
num_chunk_merges: 0.
num_chunk_splits: 690.
num_chunks_enlarged: 534.
num_inconsistent_stats: 0.

CodeHeap 'non-profiled nmethods': size=120028Kb used=3167Kb max_used=3167Kb free=116860Kb
 bounds [0x0000724ea42c9000, 0x0000724ea45e9000, 0x0000724eab800000]
CodeHeap 'profiled nmethods': size=120028Kb used=11328Kb max_used=11328Kb free=108699Kb
 bounds [0x0000724e9c800000, 0x0000724e9d320000, 0x0000724ea3d37000]
CodeHeap 'non-nmethods': size=5704Kb used=1389Kb max_used=1476Kb free=4314Kb
 bounds [0x0000724ea3d37000, 0x0000724ea3fa7000, 0x0000724ea42c9000]
CodeCache: size=245760Kb, used=15884Kb, max_used=15971Kb, free=229873Kb
 total_blobs=5774, nmethods=5275, adapters=404, full_count=0
Compilation: enabled, stopped_count=0, restarted_count=0

Compilation events (20 events):
Event: 3.531 Thread 0x0000724eb4128d60 nmethod 5259 0x0000724e9d309110 code [0x0000724e9d309520, 0x0000724e9d30b050]
Event: 3.531 Thread 0x0000724eb4127690 nmethod 5234 0x0000724ea45cf890 code [0x0000724ea45cfaa0, 0x0000724ea45d0470]
Event: 3.531 Thread 0x0000724eb4127690 5216       4       jdk.internal.ref.PhantomCleanable::<init> (49 bytes)
Event: 3.538 Thread 0x0000724eb4128d60 5261       3       java.lang.invoke.MethodHandleNatives::refKindIsMethod (19 bytes)
Event: 3.538 Thread 0x0000724eb4128d60 nmethod 5261 0x0000724e9d30bb90 code [0x0000724e9d30bd40, 0x0000724e9d30bf60]
Event: 3.540 Thread 0x0000724eb4128d60 5264       3       java.lang.invoke.LambdaForm$Name::<init> (19 bytes)
Event: 3.541 Thread 0x0000724e0c1d51e0 nmethod 5199% 0x0000724ea45d1110 code [0x0000724ea45d1400, 0x0000724ea45d34e0]
Event: 3.541 Thread 0x0000724e0c1d51e0 5229   !   4       java.util.zip.InflaterInputStream::read (129 bytes)
Event: 3.542 Thread 0x0000724eb4128d60 nmethod 5264 0x0000724e9d30c010 code [0x0000724e9d30c240, 0x0000724e9d30cac0]
Event: 3.543 Thread 0x0000724eb4127690 nmethod 5216 0x0000724ea45d4a90 code [0x0000724ea45d4c80, 0x0000724ea45d5870]
Event: 3.556 Thread 0x0000724eb4128d60 5270       3       java.lang.invoke.MethodHandleNatives::findMethodHandleType (7 bytes)
Event: 3.556 Thread 0x0000724eb4128d60 nmethod 5270 0x0000724e9d30ce10 code [0x0000724e9d30cfc0, 0x0000724e9d30d0e0]
Event: 3.557 Thread 0x0000724eb4128d60 5271       3       java.lang.invoke.MethodHandles$Lookup::in (283 bytes)
Event: 3.558 Thread 0x0000724eb4128d60 nmethod 5271 0x0000724e9d30d190 code [0x0000724e9d30d5a0, 0x0000724e9d30ee60]
Event: 3.561 Thread 0x0000724eb4128d60 5274       3       sun.invoke.util.BytecodeDescriptor::unparseMethod (66 bytes)
Event: 3.561 Thread 0x0000724eb4128d60 nmethod 5274 0x0000724e9d30f710 code [0x0000724e9d30f940, 0x0000724e9d30ff18]
Event: 3.574 Thread 0x0000724e0c1d51e0 nmethod 5229 0x0000724ea45d6a90 code [0x0000724ea45d6de0, 0x0000724ea45d9328]
Event: 3.584 Thread 0x0000724e0c14e190 nmethod 5217% 0x0000724ea45da890 code [0x0000724ea45dad00, 0x0000724ea45deaa0]
Event: 10.975 Thread 0x0000724eb4128d60 5275       1       java.util.logging.Logger::getName (5 bytes)
Event: 10.976 Thread 0x0000724eb4128d60 nmethod 5275 0x0000724ea45e0c90 code [0x0000724ea45e0e20, 0x0000724ea45e0ee8]

GC Heap History (6 events):
Event: 0.426 GC heap before
{Heap before GC invocations=0 (full 0):
 garbage-first heap   total 516096K, used 25649K [0x000000060c800000, 0x0000000800000000)
  region size 4096K, 6 young (24576K), 0 survivors (0K)
 Metaspace       used 5620K, committed 5760K, reserved 1114112K
  class space    used 641K, committed 704K, reserved 1048576K
}
Event: 0.430 GC heap after
{Heap after GC invocations=1 (full 0):
 garbage-first heap   total 516096K, used 4175K [0x000000060c800000, 0x0000000800000000)
  region size 4096K, 1 young (4096K), 1 survivors (4096K)
 Metaspace       used 5620K, committed 5760K, reserved 1114112K
  class space    used 641K, committed 704K, reserved 1048576K
}
Event: 1.050 GC heap before
{Heap before GC invocations=1 (full 0):
 garbage-first heap   total 516096K, used 36943K [0x000000060c800000, 0x0000000800000000)
  region size 4096K, 9 young (36864K), 1 survivors (4096K)
 Metaspace       used 12435K, committed 12672K, reserved 1114112K
  class space    used 1472K, committed 1600K, reserved 1048576K
}
Event: 1.056 GC heap after
{Heap after GC invocations=2 (full 0):
 garbage-first heap   total 516096K, used 6984K [0x000000060c800000, 0x0000000800000000)
  region size 4096K, 2 young (8192K), 2 survivors (8192K)
 Metaspace       used 12435K, committed 12672K, reserved 1114112K
  class space    used 1472K, committed 1600K, reserved 1048576K
}
Event: 3.482 GC heap before
{Heap before GC invocations=2 (full 0):
 garbage-first heap   total 516096K, used 330568K [0x000000060c800000, 0x0000000800000000)
  region size 4096K, 74 young (303104K), 2 survivors (8192K)
 Metaspace       used 18579K, committed 19008K, reserved 1114112K
  class space    used 1917K, committed 2112K, reserved 1048576K
}
Event: 3.501 GC heap after
{Heap after GC invocations=3 (full 0):
 garbage-first heap   total 516096K, used 27393K [0x000000060c800000, 0x0000000800000000)
  region size 4096K, 7 young (28672K), 7 survivors (28672K)
 Metaspace       used 18579K, committed 19008K, reserved 1114112K
  class space    used 1917K, committed 2112K, reserved 1048576K
}

Dll operation events (7 events):
Event: 0.002 Loaded shared library /usr/lib/jvm/java-21-openjdk-amd64/lib/libjava.so
Event: 0.030 Loaded shared library /usr/lib/jvm/java-21-openjdk-amd64/lib/libjsvml.so
Event: 0.035 Loaded shared library /usr/lib/jvm/java-21-openjdk-amd64/lib/libnio.so
Event: 0.036 Loaded shared library /usr/lib/jvm/java-21-openjdk-amd64/lib/libzip.so
Event: 0.043 Loaded shared library /usr/lib/jvm/java-21-openjdk-amd64/lib/libnet.so
Event: 0.112 Loaded shared library /usr/lib/jvm/java-21-openjdk-amd64/lib/libjimage.so
Event: 0.163 Loaded shared library /usr/lib/jvm/java-21-openjdk-amd64/lib/libverify.so

Deoptimization events (20 events):
Event: 3.533 Thread 0x0000724eb4019c00 Uncommon trap: trap_request=0xffffffde fr.pc=0x0000724ea448d028 relative=0x0000000000000468
Event: 3.533 Thread 0x0000724eb4019c00 Uncommon trap: reason=class_check action=maybe_recompile pc=0x0000724ea448d028 method=java.util.Collections$UnmodifiableMap$UnmodifiableEntrySet$1.<init>(Ljava/util/Collections$UnmodifiableMap$UnmodifiableEntrySet;)V @ 17 c2
Event: 3.533 Thread 0x0000724eb4019c00 DEOPT PACKING pc=0x0000724ea448d028 sp=0x0000724ebaffd770
Event: 3.533 Thread 0x0000724eb4019c00 DEOPT UNPACKING pc=0x0000724ea3d8af99 sp=0x0000724ebaffd6d8 mode 2
Event: 3.533 Thread 0x0000724eb4019c00 Uncommon trap: trap_request=0xffffffde fr.pc=0x0000724ea442019c relative=0x000000000000007c
Event: 3.533 Thread 0x0000724eb4019c00 Uncommon trap: reason=class_check action=maybe_recompile pc=0x0000724ea442019c method=java.util.Collections$UnmodifiableMap$UnmodifiableEntrySet$1.hasNext()Z @ 4 c2
Event: 3.533 Thread 0x0000724eb4019c00 DEOPT PACKING pc=0x0000724ea442019c sp=0x0000724ebaffd7a0
Event: 3.533 Thread 0x0000724eb4019c00 DEOPT UNPACKING pc=0x0000724ea3d8af99 sp=0x0000724ebaffd750 mode 2
Event: 3.555 Thread 0x0000724eb4e39e70 Uncommon trap: trap_request=0xffffffc6 fr.pc=0x0000724ea457c2c0 relative=0x00000000000002c0
Event: 3.555 Thread 0x0000724eb4e39e70 Uncommon trap: reason=bimorphic_or_optimized_type_check action=maybe_recompile pc=0x0000724ea457c2c0 method=java.util.concurrent.locks.AbstractQueuedSynchronizer.release(I)Z @ 2 c2
Event: 3.555 Thread 0x0000724eb4e39e70 DEOPT PACKING pc=0x0000724ea457c2c0 sp=0x0000724e85dfd760
Event: 3.555 Thread 0x0000724eb4e39e70 DEOPT UNPACKING pc=0x0000724ea3d8af99 sp=0x0000724e85dfd728 mode 2
Event: 10.974 Thread 0x0000724eb4122f40 Uncommon trap: trap_request=0xffffffde fr.pc=0x0000724ea4447b98 relative=0x0000000000000618
Event: 10.974 Thread 0x0000724eb4122f40 Uncommon trap: reason=class_check action=maybe_recompile pc=0x0000724ea4447b98 method=java.util.Hashtable.get(Ljava/lang/Object;)Ljava/lang/Object; @ 6 c2
Event: 10.974 Thread 0x0000724eb4122f40 DEOPT PACKING pc=0x0000724ea4447b98 sp=0x0000724e856fe830
Event: 10.974 Thread 0x0000724eb4122f40 DEOPT UNPACKING pc=0x0000724ea3d8af99 sp=0x0000724e856fe7e0 mode 2
Event: 10.974 Thread 0x0000724eb4122f40 Uncommon trap: trap_request=0xffffffde fr.pc=0x0000724ea4447b98 relative=0x0000000000000618
Event: 10.974 Thread 0x0000724eb4122f40 Uncommon trap: reason=class_check action=maybe_recompile pc=0x0000724ea4447b98 method=java.util.Hashtable.get(Ljava/lang/Object;)Ljava/lang/Object; @ 6 c2
Event: 10.974 Thread 0x0000724eb4122f40 DEOPT PACKING pc=0x0000724ea4447b98 sp=0x0000724e856fe830
Event: 10.974 Thread 0x0000724eb4122f40 DEOPT UNPACKING pc=0x0000724ea3d8af99 sp=0x0000724e856fe7e0 mode 2

Classes loaded (20 events):
Event: 3.557 Loading class jdk/internal/logger/LoggerFinderLoader
Event: 3.557 Loading class jdk/internal/logger/LoggerFinderLoader done
Event: 3.557 Loading class jdk/internal/logger/LoggerFinderLoader$TemporaryLoggerFinder
Event: 3.557 Loading class jdk/internal/logger/LoggerFinderLoader$TemporaryLoggerFinder done
Event: 3.557 Loading class sun/util/logging/internal/LoggingProviderImpl$JULWrapper
Event: 3.557 Loading class sun/util/logging/PlatformLogger$ConfigurableBridge$LoggerConfiguration
Event: 3.557 Loading class sun/util/logging/PlatformLogger$ConfigurableBridge$LoggerConfiguration done
Event: 3.558 Loading class sun/util/logging/internal/LoggingProviderImpl$JULWrapper done
Event: 3.558 Loading class java/lang/System$Logger$Level
Event: 3.558 Loading class java/lang/System$Logger$Level done
Event: 3.559 Loading class sun/misc/Signal
Event: 3.560 Loading class sun/misc/Signal done
Event: 3.560 Loading class sun/misc/SignalHandler
Event: 3.560 Loading class sun/misc/SignalHandler done
Event: 3.561 Loading class sun/misc/Signal$InternalMiscHandler
Event: 3.561 Loading class sun/misc/Signal$InternalMiscHandler done
Event: 3.561 Loading class sun/misc/Signal$SunMiscHandler
Event: 3.561 Loading class sun/misc/Signal$SunMiscHandler done
Event: 10.974 Loading class jdk/internal/misc/Signal$1
Event: 10.974 Loading class jdk/internal/misc/Signal$1 done

Classes unloaded (0 events):
No events

Classes redefined (0 events):
No events

Internal exceptions (20 events):
Event: 1.382 Thread 0x0000724eb4019c00 Implicit null exception at 0x0000724ea4368166 to 0x0000724ea4368212
Event: 2.306 Thread 0x0000724eb4019c00 Implicit null exception at 0x0000724ea43715c0 to 0x0000724ea4371645
Event: 2.349 Thread 0x0000724eb4019c00 Implicit null exception at 0x0000724ea44dca92 to 0x0000724ea44dd914
Event: 2.583 Thread 0x0000724eb4019c00 Implicit null exception at 0x0000724ea44bd960 to 0x0000724ea44be438
Event: 2.613 Thread 0x0000724eb4019c00 Exception <a 'java/lang/NoSuchMethodError'{0x000000061f268ae0}: 'void java.lang.invoke.Invokers$Holder.invokeExact_MT(java.lang.Object, java.lang.Object, int, java.lang.Object)'> (0x000000061f268ae0) 
thrown [./src/hotspot/share/interpreter/linkResolver.cpp, line 772]
Event: 2.619 Thread 0x0000724eb4019c00 Exception <a 'java/lang/NoSuchMethodError'{0x000000061f2ae038}: 'java.lang.Object java.lang.invoke.DirectMethodHandle$Holder.invokeInterface(java.lang.Object, java.lang.Object)'> (0x000000061f2ae038) 
thrown [./src/hotspot/share/interpreter/linkResolver.cpp, line 772]
Event: 3.086 Thread 0x0000724eb4019c00 Exception <a 'java/lang/NoSuchMethodError'{0x000000061cf81670}: 'void java.lang.invoke.DirectMethodHandle$Holder.invokeVirtual(java.lang.Object, java.lang.Object)'> (0x000000061cf81670) 
thrown [./src/hotspot/share/interpreter/linkResolver.cpp, line 772]
Event: 3.354 Thread 0x0000724eb4019c00 Exception <a 'java/lang/NoSuchMethodError'{0x000000061ad69328}: 'int java.lang.invoke.DirectMethodHandle$Holder.invokeStaticInit(java.lang.Object, java.lang.Object)'> (0x000000061ad69328) 
thrown [./src/hotspot/share/interpreter/linkResolver.cpp, line 772]
Event: 3.358 Thread 0x0000724eb4019c00 Exception <a 'java/lang/NoSuchMethodError'{0x000000061ad78770}: 'int java.lang.invoke.DirectMethodHandle$Holder.invokeStatic(java.lang.Object, java.lang.Object, java.lang.Object, java.lang.Object)'> (0x000000061ad78770) 
thrown [./src/hotspot/share/interpreter/linkResolver.cpp, line 772]
Event: 3.358 Thread 0x0000724eb4019c00 Exception <a 'java/lang/NoSuchMethodError'{0x000000061ad7be40}: 'java.lang.Object java.lang.invoke.Invokers$Holder.invokeExact_MT(java.lang.Object, java.lang.Object, java.lang.Object, java.lang.Object, java.lang.Object, java.lang.Object)'> (0x000000061ad7be40) 
thrown [./src/hotspot/share/interpreter/linkResolver.cpp, line 772]
Event: 3.529 Thread 0x0000724eb4019c00 Exception <a 'java/lang/NoSuchMethodError'{0x000000062b6f6dc8}: 'void java.lang.invoke.DirectMethodHandle$Holder.invokeStatic(java.lang.Object, java.lang.Object)'> (0x000000062b6f6dc8) 
thrown [./src/hotspot/share/interpreter/linkResolver.cpp, line 772]
Event: 3.538 Thread 0x0000724eb4019c00 Exception <a 'java/lang/NoSuchMethodError'{0x000000062b71f318}: 'java.lang.Object java.lang.invoke.DirectMethodHandle$Holder.invokeStatic(java.lang.Object, long, java.lang.Object)'> (0x000000062b71f318) 
thrown [./src/hotspot/share/interpreter/linkResolver.cpp, line 772]
Event: 3.539 Thread 0x0000724eb4019c00 Exception <a 'java/lang/NoSuchMethodError'{0x000000062b722ae0}: 'java.lang.Object java.lang.invoke.DirectMethodHandle$Holder.invokeStaticInit(java.lang.Object, long, java.lang.Object)'> (0x000000062b722ae0) 
thrown [./src/hotspot/share/interpreter/linkResolver.cpp, line 772]
Event: 3.539 Thread 0x0000724eb4019c00 Exception <a 'java/lang/NoSuchMethodError'{0x000000062b7284c0}: 'java.lang.Object java.lang.invoke.DirectMethodHandle$Holder.newInvokeSpecial(java.lang.Object, long)'> (0x000000062b7284c0) 
thrown [./src/hotspot/share/interpreter/linkResolver.cpp, line 772]
Event: 3.543 Thread 0x0000724eb4019c00 Exception <a 'java/lang/NoSuchMethodError'{0x000000062b7308c8}: 'java.lang.Object java.lang.invoke.DirectMethodHandle$Holder.newInvokeSpecial(java.lang.Object, java.lang.Object, java.lang.Object, int)'> (0x000000062b7308c8) 
thrown [./src/hotspot/share/interpreter/linkResolver.cpp, line 772]
Event: 3.544 Thread 0x0000724eb4019c00 Exception <a 'java/lang/NoSuchMethodError'{0x000000062b7347d8}: 'java.lang.Object java.lang.invoke.DirectMethodHandle$Holder.invokeSpecial(java.lang.Object, java.lang.Object, java.lang.Object, java.lang.Object, int)'> (0x000000062b7347d8) 
thrown [./src/hotspot/share/interpreter/linkResolver.cpp, line 772]
Event: 3.544 Thread 0x0000724eb4019c00 Exception <a 'java/lang/NoSuchMethodError'{0x000000062b737c80}: 'java.lang.Object java.lang.invoke.Invokers$Holder.linkToTargetMethod(java.lang.Object, java.lang.Object, int, java.lang.Object)'> (0x000000062b737c80) 
thrown [./src/hotspot/share/interpreter/linkResolver.cpp, line 772]
Event: 3.554 Thread 0x0000724eb4019c00 Exception <a 'java/lang/NoSuchMethodError'{0x000000062b7403f0}: 'java.lang.Object java.lang.invoke.DirectMethodHandle$Holder.newInvokeSpecial(java.lang.Object, java.lang.Object, int)'> (0x000000062b7403f0) 
thrown [./src/hotspot/share/interpreter/linkResolver.cpp, line 772]
Event: 3.558 Thread 0x0000724eb4019c00 Exception <a 'java/lang/NoSuchMethodError'{0x000000062b74bfb8}: 'int java.lang.invoke.DirectMethodHandle$Holder.invokeVirtual(java.lang.Object, java.lang.Object)'> (0x000000062b74bfb8) 
thrown [./src/hotspot/share/interpreter/linkResolver.cpp, line 772]
Event: 3.560 Thread 0x0000724eb4019c00 Exception <a 'java/lang/NoSuchMethodError'{0x000000062b755920}: 'void java.lang.invoke.DirectMethodHandle$Holder.invokeStatic(java.lang.Object, java.lang.Object, java.lang.Object)'> (0x000000062b755920) 
thrown [./src/hotspot/share/interpreter/linkResolver.cpp, line 772]

ZGC Phase Switch (0 events):
No events

VM Operations (20 events):
Event: 1.846 Executing non-safepoint VM operation: HandshakeAllThreads (Deoptimize)
Event: 1.846 Executing non-safepoint VM operation: HandshakeAllThreads (Deoptimize) done
Event: 1.847 Executing non-safepoint VM operation: HandshakeAllThreads (Deoptimize)
Event: 1.847 Executing non-safepoint VM operation: HandshakeAllThreads (Deoptimize) done
Event: 1.972 Executing safepoint VM operation: ICBufferFull
Event: 1.973 Executing safepoint VM operation: ICBufferFull done
Event: 2.207 Executing safepoint VM operation: ICBufferFull
Event: 2.207 Executing safepoint VM operation: ICBufferFull done
Event: 2.457 Executing safepoint VM operation: ICBufferFull
Event: 2.457 Executing safepoint VM operation: ICBufferFull done
Event: 2.695 Executing safepoint VM operation: ICBufferFull
Event: 2.695 Executing safepoint VM operation: ICBufferFull done
Event: 3.071 Executing safepoint VM operation: ICBufferFull
Event: 3.071 Executing safepoint VM operation: ICBufferFull done
Event: 3.481 Executing safepoint VM operation: G1CollectForAllocation (G1 Evacuation Pause)
Event: 3.501 Executing safepoint VM operation: G1CollectForAllocation (G1 Evacuation Pause) done
Event: 3.548 Executing non-safepoint VM operation: HandshakeAllThreads (Deoptimize)
Event: 3.548 Executing non-safepoint VM operation: HandshakeAllThreads (Deoptimize) done
Event: 4.549 Executing safepoint VM operation: Cleanup
Event: 4.549 Executing safepoint VM operation: Cleanup done

Memory protections (18 events):
Event: 0.002 Protecting memory [0x0000724ebaf00000,0x0000724ebaf04000] with protection modes 0
Event: 0.027 Protecting memory [0x0000724e85dff000,0x0000724e85e03000] with protection modes 0
Event: 0.028 Protecting memory [0x0000724e85700000,0x0000724e85704000] with protection modes 0
Event: 0.028 Protecting memory [0x0000724e85600000,0x0000724e85604000] with protection modes 0
Event: 0.028 Protecting memory [0x0000724e85500000,0x0000724e85504000] with protection modes 0
Event: 0.028 Protecting memory [0x0000724e85400000,0x0000724e85404000] with protection modes 0
Event: 0.028 Protecting memory [0x0000724e85300000,0x0000724e85304000] with protection modes 0
Event: 0.029 Protecting memory [0x0000724e85200000,0x0000724e85204000] with protection modes 0
Event: 0.032 Protecting memory [0x0000724e8502f000,0x0000724e85033000] with protection modes 0
Event: 0.034 Protecting memory [0x0000724e84f2f000,0x0000724e84f33000] with protection modes 0
Event: 0.111 Protecting memory [0x0000724e84e2f000,0x0000724e84e33000] with protection modes 0
Event: 0.184 Protecting memory [0x0000724e84e2f000,0x0000724e84e33000] with protection modes 0
Event: 0.344 Protecting memory [0x0000724e84d2f000,0x0000724e84d33000] with protection modes 0
Event: 3.555 Protecting memory [0x0000724e85ddd000,0x0000724e85de1000] with protection modes 0
Event: 10.975 Protecting memory [0x0000724e84e2f000,0x0000724e84e33000] with protection modes 0
Event: 10.975 Protecting memory [0x0000724e84d2f000,0x0000724e84d33000] with protection modes 0
Event: 10.975 Protecting memory [0x0000724e84528000,0x0000724e8452c000] with protection modes 0
Event: 10.975 Protecting memory [0x0000724e84428000,0x0000724e8442c000] with protection modes 0

Nmethod flushes (0 events):
No events

Events (20 events):
Event: 0.028 Thread 0x0000724eb4019c00 Thread added: 0x0000724eb4122f40
Event: 0.028 Thread 0x0000724eb4019c00 Thread added: 0x0000724eb4124590
Event: 0.028 Thread 0x0000724eb4019c00 Thread added: 0x0000724eb4125b40
Event: 0.028 Thread 0x0000724eb4019c00 Thread added: 0x0000724eb4127690
Event: 0.029 Thread 0x0000724eb4019c00 Thread added: 0x0000724eb4128d60
Event: 0.032 Thread 0x0000724eb4019c00 Thread added: 0x0000724eb4134c10
Event: 0.034 Thread 0x0000724eb4019c00 Thread added: 0x0000724eb4137f50
Event: 0.111 Thread 0x0000724eb4019c00 Thread added: 0x0000724eb430e000
Event: 0.114 Thread 0x0000724eb430e000 Thread exited: 0x0000724eb430e000
Event: 0.184 Thread 0x0000724eb4128d60 Thread added: 0x0000724e0c14e190
Event: 0.344 Thread 0x0000724eb4128d60 Thread added: 0x0000724e0c1d51e0
Event: 3.555 Thread 0x0000724eb4019c00 Thread added: 0x0000724eb4e39e70
Event: 8.574 Thread 0x0000724e0c1d51e0 Thread exited: 0x0000724e0c1d51e0
Event: 8.584 Thread 0x0000724e0c14e190 Thread exited: 0x0000724e0c14e190
Event: 10.975 Thread 0x0000724eb4122f40 Thread added: 0x0000724e1c009030
Event: 10.975 Thread 0x0000724e1c009030 Thread added: 0x0000724e0800d690
Event: 10.975 Thread 0x0000724e1c009030 Thread added: 0x0000724e080d9bf0
Event: 10.975 Thread 0x0000724e1c009030 Thread added: 0x0000724e080da7c0
Event: 10.975 Thread 0x0000724e080d9bf0 Thread exited: 0x0000724e080d9bf0
Event: 10.975 Thread 0x0000724e080da7c0 Thread exited: 0x0000724e080da7c0


Dynamic libraries:
60c800000-62bc00000 rw-p 00000000 00:00 0 
62bc00000-7ffc00000 ---p 00000000 00:00 0 
7ffc00000-7ffd0d000 rw-p 00cdb000 08:02 27140273                         /usr/lib/jvm/java-21-openjdk-amd64/lib/server/classes.jsa
7ffd0d000-800000000 rw-p 00000000 00:00 0 
632540238000-632540239000 r--p 00000000 08:02 27140197                   /usr/lib/jvm/java-21-openjdk-amd64/bin/java
632540239000-63254023a000 r-xp 00001000 08:02 27140197                   /usr/lib/jvm/java-21-openjdk-amd64/bin/java
63254023a000-63254023b000 r--p 00002000 08:02 27140197                   /usr/lib/jvm/java-21-openjdk-amd64/bin/java
63254023b000-63254023c000 r--p 00002000 08:02 27140197                   /usr/lib/jvm/java-21-openjdk-amd64/bin/java
63254023c000-63254023d000 rw-p 00003000 08:02 27140197                   /usr/lib/jvm/java-21-openjdk-amd64/bin/java
63256190f000-632561956000 rw-p 00000000 00:00 0                          [heap]
724dd4000000-724dd4021000 rw-p 00000000 00:00 0 
724dd4021000-724dd8000000 ---p 00000000 00:00 0 
724ddc000000-724ddc021000 rw-p 00000000 00:00 0 
724ddc021000-724de0000000 ---p 00000000 00:00 0 
724de0000000-724de0021000 rw-p 00000000 00:00 0 
724de0021000-724de4000000 ---p 00000000 00:00 0 
724de4000000-724de4021000 rw-p 00000000 00:00 0 
724de4021000-724de8000000 ---p 00000000 00:00 0 
724de8000000-724de8021000 rw-p 00000000 00:00 0 
724de8021000-724dec000000 ---p 00000000 00:00 0 
724dec000000-724dec021000 rw-p 00000000 00:00 0 
724dec021000-724df0000000 ---p 00000000 00:00 0 
724df0000000-724df0021000 rw-p 00000000 00:00 0 
724df0021000-724df4000000 ---p 00000000 00:00 0 
724df4000000-724df4021000 rw-p 00000000 00:00 0 
724df4021000-724df8000000 ---p 00000000 00:00 0 
724df8000000-724df8021000 rw-p 00000000 00:00 0 
724df8021000-724dfc000000 ---p 00000000 00:00 0 
724dfc000000-724dfcbdb000 rw-p 00000000 00:00 0 
724dfcbdb000-724e00000000 ---p 00000000 00:00 0 
724e00000000-724e00021000 rw-p 00000000 00:00 0 
724e00021000-724e04000000 ---p 00000000 00:00 0 
724e04000000-724e04021000 rw-p 00000000 00:00 0 
724e04021000-724e08000000 ---p 00000000 00:00 0 
724e08000000-724e08e44000 rw-p 00000000 00:00 0 
724e08e44000-724e0c000000 ---p 00000000 00:00 0 
724e0c000000-724e0c949000 rw-p 00000000 00:00 0 
724e0c949000-724e10000000 ---p 00000000 00:00 0 
724e10000000-724e10021000 rw-p 00000000 00:00 0 
724e10021000-724e14000000 ---p 00000000 00:00 0 
724e14000000-724e14021000 rw-p 00000000 00:00 0 
724e14021000-724e18000000 ---p 00000000 00:00 0 
724e18000000-724e18cc8000 rw-p 00000000 00:00 0 
724e18cc8000-724e1c000000 ---p 00000000 00:00 0 
724e1c000000-724e1c021000 rw-p 00000000 00:00 0 
724e1c021000-724e20000000 ---p 00000000 00:00 0 
724e20000000-724e20021000 rw-p 00000000 00:00 0 
724e20021000-724e24000000 ---p 00000000 00:00 0 
724e24000000-724e24021000 rw-p 00000000 00:00 0 
724e24021000-724e28000000 ---p 00000000 00:00 0 
724e28000000-724e28021000 rw-p 00000000 00:00 0 
724e28021000-724e2c000000 ---p 00000000 00:00 0 
724e2c000000-724e2c021000 rw-p 00000000 00:00 0 
724e2c021000-724e30000000 ---p 00000000 00:00 0 
724e33000000-724e33400000 rw-p 00000000 00:00 0 
724e33400000-724e34000000 rw-p 00000000 00:00 0 
724e34000000-724e34090000 rw-p 00000000 00:00 0 
724e34090000-724e34100000 ---p 00000000 00:00 0 
724e34100000-724e34150000 rw-p 00000000 00:00 0 
724e34150000-724e37000000 ---p 00000000 00:00 0 
724e37000000-724e37c9c000 rw-p 00001000 08:02 27140273                   /usr/lib/jvm/java-21-openjdk-amd64/lib/server/classes.jsa
724e37c9c000-724e38000000 ---p 00000000 00:00 0 
724e38000000-724e38040000 rw-p 00000000 00:00 0 
724e38040000-724e38080000 rw-p 00000000 00:00 0 
724e38080000-724e381c0000 rw-p 00000000 00:00 0 
724e381c0000-724e381e0000 rw-p 00000000 00:00 0 
724e381e0000-724e38200000 ---p 00000000 00:00 0 
724e38200000-724e38240000 rw-p 00000000 00:00 0 
724e38240000-724e78000000 ---p 00000000 00:00 0 
724e78000000-724e78021000 rw-p 00000000 00:00 0 
724e78021000-724e7c000000 ---p 00000000 00:00 0 
724e7c000000-724e7c021000 rw-p 00000000 00:00 0 
724e7c021000-724e80000000 ---p 00000000 00:00 0 
724e80000000-724e80021000 rw-p 00000000 00:00 0 
724e80021000-724e84000000 ---p 00000000 00:00 0 
724e84428000-724e8442c000 ---p 00000000 00:00 0 
724e8442c000-724e84528000 rw-p 00000000 00:00 0 
724e84528000-724e8452c000 ---p 00000000 00:00 0 
724e8452c000-724e84628000 rw-p 00000000 00:00 0 
724e84628000-724e84629000 ---p 00000000 00:00 0 
724e84629000-724e84729000 rw-p 00000000 00:00 0 
724e84729000-724e8472a000 ---p 00000000 00:00 0 
724e8472a000-724e8482a000 rw-p 00000000 00:00 0 
724e8482a000-724e8482b000 ---p 00000000 00:00 0 
724e8482b000-724e8492b000 rw-p 00000000 00:00 0 
724e8492b000-724e8492c000 ---p 00000000 00:00 0 
724e8492c000-724e84a2c000 rw-p 00000000 00:00 0 
724e84a2c000-724e84a2d000 ---p 00000000 00:00 0 
724e84a2d000-724e84b2d000 rw-p 00000000 00:00 0 
724e84b2d000-724e84b2e000 ---p 00000000 00:00 0 
724e84b2e000-724e84c2e000 rw-p 00000000 00:00 0 
724e84c2e000-724e84c2f000 ---p 00000000 00:00 0 
724e84c2f000-724e84d2f000 rw-p 00000000 00:00 0 
724e84d2f000-724e84d33000 ---p 00000000 00:00 0 
724e84d33000-724e84e2f000 rw-p 00000000 00:00 0 
724e84e2f000-724e84e33000 ---p 00000000 00:00 0 
724e84e33000-724e84f2f000 rw-p 00000000 00:00 0 
724e84f2f000-724e84f33000 ---p 00000000 00:00 0 
724e84f33000-724e8502f000 rw-p 00000000 00:00 0 
724e8502f000-724e85033000 ---p 00000000 00:00 0 
724e85033000-724e8512f000 rw-p 00000000 00:00 0 
724e8512f000-724e85134000 r--p 00000000 08:02 27140255                   /usr/lib/jvm/java-21-openjdk-amd64/lib/libjsvml.so
724e85134000-724e85175000 r-xp 00005000 08:02 27140255                   /usr/lib/jvm/java-21-openjdk-amd64/lib/libjsvml.so
724e85175000-724e851fe000 r--p 00046000 08:02 27140255                   /usr/lib/jvm/java-21-openjdk-amd64/lib/libjsvml.so
724e851fe000-724e851ff000 r--p 000ce000 08:02 27140255                   /usr/lib/jvm/java-21-openjdk-amd64/lib/libjsvml.so
724e851ff000-724e85200000 rw-p 000cf000 08:02 27140255                   /usr/lib/jvm/java-21-openjdk-amd64/lib/libjsvml.so
724e85200000-724e85204000 ---p 00000000 00:00 0 
724e85204000-724e85300000 rw-p 00000000 00:00 0 
724e85300000-724e85304000 ---p 00000000 00:00 0 
724e85304000-724e85400000 rw-p 00000000 00:00 0 
724e85400000-724e85404000 ---p 00000000 00:00 0 
724e85404000-724e85500000 rw-p 00000000 00:00 0 
724e85500000-724e85504000 ---p 00000000 00:00 0 
724e85504000-724e85600000 rw-p 00000000 00:00 0 
724e85600000-724e85604000 ---p 00000000 00:00 0 
724e85604000-724e85700000 rw-p 00000000 00:00 0 
724e85700000-724e85704000 ---p 00000000 00:00 0 
724e85704000-724e85800000 rw-p 00000000 00:00 0 
724e85800000-724e85d75000 r--p 00000000 08:02 26479172                   /usr/lib/locale/locale-archive
724e85ddd000-724e85de1000 ---p 00000000 00:00 0 
724e85de1000-724e85dff000 rw-p 00000000 00:00 0 
724e85dff000-724e85e03000 ---p 00000000 00:00 0 
724e85e03000-724e85eff000 rw-p 00000000 00:00 0 
724e85eff000-724e85f00000 ---p 00000000 00:00 0 
724e85f00000-724e86000000 rw-p 00000000 00:00 0 
724e86000000-724e88021000 rw-p 00000000 00:00 0 
724e88021000-724e8c000000 ---p 00000000 00:00 0 
724e8c000000-724e8c021000 rw-p 00000000 00:00 0 
724e8c021000-724e90000000 ---p 00000000 00:00 0 
724e90000000-724e90021000 rw-p 00000000 00:00 0 
724e90021000-724e94000000 ---p 00000000 00:00 0 
724e94015000-724e94016000 ---p 00000000 00:00 0 
724e94016000-724e94116000 rw-p 00000000 00:00 0 
724e94116000-724e94117000 ---p 00000000 00:00 0 
724e94117000-724e94217000 rw-p 00000000 00:00 0 
724e94217000-724e94218000 ---p 00000000 00:00 0 
724e94218000-724e94318000 rw-p 00000000 00:00 0 
724e94318000-724e952f0000 rw-p 00000000 00:00 0 
724e952f0000-724e9c7f0000 ---p 00000000 00:00 0 
724e9c7f0000-724e9c800000 rw-p 00000000 00:00 0 
724e9c800000-724e9d320000 rwxp 00000000 00:00 0 
724e9d320000-724ea3d37000 ---p 00000000 00:00 0 
724ea3d37000-724ea3fa7000 rwxp 00000000 00:00 0 
724ea3fa7000-724ea42c9000 ---p 00000000 00:00 0 
724ea42c9000-724ea45e9000 rwxp 00000000 00:00 0 
724ea45e9000-724eab800000 ---p 00000000 00:00 0 
724eab800000-724eb3e51000 r--s 00000000 08:02 27140272                   /usr/lib/jvm/java-21-openjdk-amd64/lib/modules
724eb3e58000-724eb3e5c000 r--p 00000000 08:02 27140270                   /usr/lib/jvm/java-21-openjdk-amd64/lib/libverify.so
724eb3e5c000-724eb3e63000 r-xp 00004000 08:02 27140270                   /usr/lib/jvm/java-21-openjdk-amd64/lib/libverify.so
724eb3e63000-724eb3e65000 r--p 0000b000 08:02 27140270                   /usr/lib/jvm/java-21-openjdk-amd64/lib/libverify.so
724eb3e65000-724eb3e67000 r--p 0000c000 08:02 27140270                   /usr/lib/jvm/java-21-openjdk-amd64/lib/libverify.so
724eb3e67000-724eb3e68000 rw-p 0000e000 08:02 27140270                   /usr/lib/jvm/java-21-openjdk-amd64/lib/libverify.so
724eb3e68000-724eb3e6f000 r--p 00000000 08:02 27140264                   /usr/lib/jvm/java-21-openjdk-amd64/lib/libnio.so
724eb3e6f000-724eb3e78000 r-xp 00007000 08:02 27140264                   /usr/lib/jvm/java-21-openjdk-amd64/lib/libnio.so
724eb3e78000-724eb3e7c000 r--p 00010000 08:02 27140264                   /usr/lib/jvm/java-21-openjdk-amd64/lib/libnio.so
724eb3e7c000-724eb3e7d000 r--p 00014000 08:02 27140264                   /usr/lib/jvm/java-21-openjdk-amd64/lib/libnio.so
724eb3e7d000-724eb3e7e000 rw-p 00015000 08:02 27140264                   /usr/lib/jvm/java-21-openjdk-amd64/lib/libnio.so
724eb3e7e000-724eb3eff000 rw-p 00000000 00:00 0 
724eb3eff000-724eb3f00000 ---p 00000000 00:00 0 
724eb3f00000-724eb4000000 rw-p 00000000 00:00 0 
724eb4000000-724eb4e49000 rw-p 00000000 00:00 0 
724eb4e49000-724eb8000000 ---p 00000000 00:00 0 
724eb800d000-724eb80a9000 rw-p 00000000 00:00 0 
724eb80a9000-724eb80aa000 ---p 00000000 00:00 0 
724eb80aa000-724eb81aa000 rw-p 00000000 00:00 0 
724eb81aa000-724eb81ab000 ---p 00000000 00:00 0 
724eb81ab000-724eb82ab000 rw-p 00000000 00:00 0 
724eb82ab000-724eb83e4000 rw-p 00000000 00:00 0 
724eb83e4000-724eb9284000 ---p 00000000 00:00 0 
724eb9284000-724eb9380000 rw-p 00000000 00:00 0 
724eb9380000-724eba220000 ---p 00000000 00:00 0 
724eba220000-724ebaa31000 rw-p 00000000 00:00 0 
724ebaa31000-724ebab15000 ---p 00000000 00:00 0 
724ebab15000-724ebab2c000 rw-p 00000000 00:00 0 
724ebab2c000-724ebac00000 ---p 00000000 00:00 0 
724ebac00000-724ebac9d000 r--p 00000000 08:02 26513345                   /usr/lib/x86_64-linux-gnu/libstdc++.so.6.0.33
724ebac9d000-724ebade5000 r-xp 0009d000 08:02 26513345                   /usr/lib/x86_64-linux-gnu/libstdc++.so.6.0.33
724ebade5000-724ebae6c000 r--p 001e5000 08:02 26513345                   /usr/lib/x86_64-linux-gnu/libstdc++.so.6.0.33
724ebae6c000-724ebae77000 r--p 0026b000 08:02 26513345                   /usr/lib/x86_64-linux-gnu/libstdc++.so.6.0.33
724ebae77000-724ebae7a000 rw-p 00276000 08:02 26513345                   /usr/lib/x86_64-linux-gnu/libstdc++.so.6.0.33
724ebae7a000-724ebae7e000 rw-p 00000000 00:00 0 
724ebae7f000-724ebaf00000 rw-p 00000000 00:00 0 
724ebaf00000-724ebaf04000 ---p 00000000 00:00 0 
724ebaf04000-724ebb000000 rw-p 00000000 00:00 0 
724ebb000000-724ebb2a2000 r--p 00000000 08:02 27140276                   /usr/lib/jvm/java-21-openjdk-amd64/lib/server/libjvm.so
724ebb2a2000-724ebc119000 r-xp 002a2000 08:02 27140276                   /usr/lib/jvm/java-21-openjdk-amd64/lib/server/libjvm.so
724ebc119000-724ebc3f4000 r--p 01119000 08:02 27140276                   /usr/lib/jvm/java-21-openjdk-amd64/lib/server/libjvm.so
724ebc3f4000-724ebc4c8000 r--p 013f3000 08:02 27140276                   /usr/lib/jvm/java-21-openjdk-amd64/lib/server/libjvm.so
724ebc4c8000-724ebc4f8000 rw-p 014c7000 08:02 27140276                   /usr/lib/jvm/java-21-openjdk-amd64/lib/server/libjvm.so
724ebc4f8000-724ebc55e000 rw-p 00000000 00:00 0 
724ebc564000-724ebc566000 r--p 00000000 08:02 27140271                   /usr/lib/jvm/java-21-openjdk-amd64/lib/libzip.so
724ebc566000-724ebc56b000 r-xp 00002000 08:02 27140271                   /usr/lib/jvm/java-21-openjdk-amd64/lib/libzip.so
724ebc56b000-724ebc56d000 r--p 00007000 08:02 27140271                   /usr/lib/jvm/java-21-openjdk-amd64/lib/libzip.so
724ebc56d000-724ebc56e000 r--p 00008000 08:02 27140271                   /usr/lib/jvm/java-21-openjdk-amd64/lib/libzip.so
724ebc56e000-724ebc56f000 rw-p 00009000 08:02 27140271                   /usr/lib/jvm/java-21-openjdk-amd64/lib/libzip.so
724ebc56f000-724ebc5ae000 rw-p 00000000 00:00 0 
724ebc5ae000-724ebc5bb000 r--p 00000000 08:02 27140247                   /usr/lib/jvm/java-21-openjdk-amd64/lib/libjava.so
724ebc5bb000-724ebc5ca000 r-xp 0000d000 08:02 27140247                   /usr/lib/jvm/java-21-openjdk-amd64/lib/libjava.so
724ebc5ca000-724ebc5cf000 r--p 0001c000 08:02 27140247                   /usr/lib/jvm/java-21-openjdk-amd64/lib/libjava.so
724ebc5cf000-724ebc5d0000 r--p 00021000 08:02 27140247                   /usr/lib/jvm/java-21-openjdk-amd64/lib/libjava.so
724ebc5d0000-724ebc5d1000 rw-p 00022000 08:02 27140247                   /usr/lib/jvm/java-21-openjdk-amd64/lib/libjava.so
724ebc5d1000-724ebc5d2000 rw-p 00000000 00:00 0 
724ebc5d2000-724ebc5d6000 r--p 00000000 08:02 26505278                   /usr/lib/x86_64-linux-gnu/libgcc_s.so.1
724ebc5d6000-724ebc5fa000 r-xp 00004000 08:02 26505278                   /usr/lib/x86_64-linux-gnu/libgcc_s.so.1
724ebc5fa000-724ebc5fe000 r--p 00028000 08:02 26505278                   /usr/lib/x86_64-linux-gnu/libgcc_s.so.1
724ebc5fe000-724ebc5ff000 r--p 0002b000 08:02 26505278                   /usr/lib/x86_64-linux-gnu/libgcc_s.so.1
724ebc5ff000-724ebc600000 rw-p 0002c000 08:02 26505278                   /usr/lib/x86_64-linux-gnu/libgcc_s.so.1
724ebc600000-724ebc628000 r--p 00000000 08:02 26479102                   /usr/lib/x86_64-linux-gnu/libc.so.6
724ebc628000-724ebc7b0000 r-xp 00028000 08:02 26479102                   /usr/lib/x86_64-linux-gnu/libc.so.6
724ebc7b0000-724ebc7ff000 r--p 001b0000 08:02 26479102                   /usr/lib/x86_64-linux-gnu/libc.so.6
724ebc7ff000-724ebc803000 r--p 001fe000 08:02 26479102                   /usr/lib/x86_64-linux-gnu/libc.so.6
724ebc803000-724ebc805000 rw-p 00202000 08:02 26479102                   /usr/lib/x86_64-linux-gnu/libc.so.6
724ebc805000-724ebc812000 rw-p 00000000 00:00 0 
724ebc812000-724ebc815000 r--p 00000000 08:02 27140263                   /usr/lib/jvm/java-21-openjdk-amd64/lib/libnet.so
724ebc815000-724ebc81d000 r-xp 00003000 08:02 27140263                   /usr/lib/jvm/java-21-openjdk-amd64/lib/libnet.so
724ebc81d000-724ebc81f000 r--p 0000b000 08:02 27140263                   /usr/lib/jvm/java-21-openjdk-amd64/lib/libnet.so
724ebc81f000-724ebc820000 r--p 0000c000 08:02 27140263                   /usr/lib/jvm/java-21-openjdk-amd64/lib/libnet.so
724ebc820000-724ebc821000 rw-p 0000d000 08:02 27140263                   /usr/lib/jvm/java-21-openjdk-amd64/lib/libnet.so
724ebc821000-724ebc826000 rw-p 00000000 00:00 0 
724ebc826000-724ebc82d000 ---p 00000000 00:00 0 
724ebc82d000-724ebc83d000 r--p 00000000 08:02 26479105                   /usr/lib/x86_64-linux-gnu/libm.so.6
724ebc83d000-724ebc8bc000 r-xp 00010000 08:02 26479105                   /usr/lib/x86_64-linux-gnu/libm.so.6
724ebc8bc000-724ebc914000 r--p 0008f000 08:02 26479105                   /usr/lib/x86_64-linux-gnu/libm.so.6
724ebc914000-724ebc915000 r--p 000e7000 08:02 26479105                   /usr/lib/x86_64-linux-gnu/libm.so.6
724ebc915000-724ebc916000 rw-p 000e8000 08:02 26479105                   /usr/lib/x86_64-linux-gnu/libm.so.6
724ebc916000-724ebc918000 rw-p 00000000 00:00 0 
724ebc918000-724ebc91a000 r--p 00000000 08:02 27140251                   /usr/lib/jvm/java-21-openjdk-amd64/lib/libjli.so
724ebc91a000-724ebc924000 r-xp 00002000 08:02 27140251                   /usr/lib/jvm/java-21-openjdk-amd64/lib/libjli.so
724ebc924000-724ebc927000 r--p 0000c000 08:02 27140251                   /usr/lib/jvm/java-21-openjdk-amd64/lib/libjli.so
724ebc927000-724ebc928000 r--p 0000f000 08:02 27140251                   /usr/lib/jvm/java-21-openjdk-amd64/lib/libjli.so
724ebc928000-724ebc929000 rw-p 00010000 08:02 27140251                   /usr/lib/jvm/java-21-openjdk-amd64/lib/libjli.so
724ebc929000-724ebc92b000 r--p 00000000 08:02 26492779                   /usr/lib/x86_64-linux-gnu/libz.so.1.3
724ebc92b000-724ebc93d000 r-xp 00002000 08:02 26492779                   /usr/lib/x86_64-linux-gnu/libz.so.1.3
724ebc93d000-724ebc943000 r--p 00014000 08:02 26492779                   /usr/lib/x86_64-linux-gnu/libz.so.1.3
724ebc943000-724ebc944000 r--p 0001a000 08:02 26492779                   /usr/lib/x86_64-linux-gnu/libz.so.1.3
724ebc944000-724ebc945000 rw-p 0001b000 08:02 26492779                   /usr/lib/x86_64-linux-gnu/libz.so.1.3
724ebc946000-724ebc94d000 r--s 00000000 08:02 26479060                   /usr/lib/x86_64-linux-gnu/gconv/gconv-modules.cache
724ebc94d000-724ebc955000 rw-s 00000000 08:02 23855665                   /tmp/hsperfdata_abel/116604
724ebc955000-724ebc956000 ---p 00000000 00:00 0 
724ebc956000-724ebc957000 r--p 00000000 00:00 0 
724ebc957000-724ebc958000 ---p 00000000 00:00 0 
724ebc958000-724ebc95a000 r--p 00000000 08:02 27140250                   /usr/lib/jvm/java-21-openjdk-amd64/lib/libjimage.so
724ebc95a000-724ebc95d000 r-xp 00002000 08:02 27140250                   /usr/lib/jvm/java-21-openjdk-amd64/lib/libjimage.so
724ebc95d000-724ebc95e000 r--p 00005000 08:02 27140250                   /usr/lib/jvm/java-21-openjdk-amd64/lib/libjimage.so
724ebc95e000-724ebc95f000 r--p 00006000 08:02 27140250                   /usr/lib/jvm/java-21-openjdk-amd64/lib/libjimage.so
724ebc95f000-724ebc960000 rw-p 00007000 08:02 27140250                   /usr/lib/jvm/java-21-openjdk-amd64/lib/libjimage.so
724ebc960000-724ebc962000 rw-p 00000000 00:00 0 
724ebc962000-724ebc966000 r--p 00000000 00:00 0                          [vvar]
724ebc966000-724ebc968000 r--p 00000000 00:00 0                          [vvar_vclock]
724ebc968000-724ebc96a000 r-xp 00000000 00:00 0                          [vdso]
724ebc96a000-724ebc96b000 r--p 00000000 08:02 26479099                   /usr/lib/x86_64-linux-gnu/ld-linux-x86-64.so.2
724ebc96b000-724ebc996000 r-xp 00001000 08:02 26479099                   /usr/lib/x86_64-linux-gnu/ld-linux-x86-64.so.2
724ebc996000-724ebc9a0000 r--p 0002c000 08:02 26479099                   /usr/lib/x86_64-linux-gnu/ld-linux-x86-64.so.2
724ebc9a0000-724ebc9a2000 r--p 00036000 08:02 26479099                   /usr/lib/x86_64-linux-gnu/ld-linux-x86-64.so.2
724ebc9a2000-724ebc9a4000 rw-p 00038000 08:02 26479099                   /usr/lib/x86_64-linux-gnu/ld-linux-x86-64.so.2
7fff731bb000-7fff731dd000 rw-p 00000000 00:00 0                          [stack]
ffffffffff600000-ffffffffff601000 --xp 00000000 00:00 0                  [vsyscall]
Total number of mappings: 257

JVMTI agents: none


VM Arguments:
jvm_args: -Djansi.mode=force -Dclassworlds.conf=/usr/share/maven/bin/m2.conf -Dmaven.home=/usr/share/maven -Dlibrary.jansi.path=/usr/share/maven/lib/jansi-native -Dmaven.multiModuleProjectDirectory=/home/abel/Desktop/PROJECTS/2026-projects/hms/hospital-management-system 
java_command: org.codehaus.plexus.classworlds.launcher.Launcher spring-boot:run
java_class_path (initial): /usr/share/maven/boot/plexus-classworlds-2.x.jar
Launcher Type: SUN_STANDARD

[Global flags]
     intx CICompilerCount                          = 4                                         {product} {ergonomic}
     uint ConcGCThreads                            = 2                                         {product} {ergonomic}
     uint G1ConcRefinementThreads                  = 8                                         {product} {ergonomic}
   size_t G1HeapRegionSize                         = 4194304                                   {product} {ergonomic}
    uintx GCDrainStackTargetSize                   = 64                                        {product} {ergonomic}
   size_t InitialHeapSize                          = 524288000                                 {product} {ergonomic}
   size_t MarkStackSize                            = 4194304                                   {product} {ergonomic}
   size_t MaxHeapSize                              = 8380219392                                {product} {ergonomic}
   size_t MaxNewSize                               = 5024776192                                {product} {ergonomic}
   size_t MinHeapDeltaBytes                        = 4194304                                   {product} {ergonomic}
   size_t MinHeapSize                              = 8388608                                   {product} {ergonomic}
    uintx NonNMethodCodeHeapSize                   = 5839372                                {pd product} {ergonomic}
    uintx NonProfiledCodeHeapSize                  = 122909434                              {pd product} {ergonomic}
    uintx ProfiledCodeHeapSize                     = 122909434                              {pd product} {ergonomic}
    uintx ReservedCodeCacheSize                    = 251658240                              {pd product} {ergonomic}
     bool SegmentedCodeCache                       = true                                      {product} {ergonomic}
   size_t SoftMaxHeapSize                          = 8380219392                             {manageable} {ergonomic}
     bool UseCompressedOops                        = true                           {product lp64_product} {ergonomic}
     bool UseG1GC                                  = true                                      {product} {ergonomic}

Logging:
Log output configuration:
 #0: stdout all=warning uptime,level,tags foldmultilines=false
 #1: stderr all=off uptime,level,tags foldmultilines=false

Release file:
IMPLEMENTOR="Ubuntu"
JAVA_RUNTIME_VERSION="21.0.11+10-1-24.04.2-Ubuntu"
JAVA_VERSION="21.0.11"
JAVA_VERSION_DATE="2026-04-21"
LIBC="gnu"
MODULES="java.base java.compiler java.datatransfer java.xml java.prefs java.desktop java.instrument java.logging java.management java.security.sasl java.naming java.rmi java.management.rmi java.net.http java.scripting java.security.jgss java.transaction.xa java.sql java.sql.rowset java.xml.crypto java.se java.smartcardio jdk.accessibility jdk.internal.jvmstat jdk.attach jdk.charsets jdk.internal.opt jdk.zipfs jdk.compiler jdk.crypto.ec jdk.crypto.cryptoki jdk.dynalink jdk.internal.ed jdk.editpad jdk.hotspot.agent jdk.httpserver jdk.incubator.vector jdk.internal.le jdk.internal.vm.ci jdk.internal.vm.compiler jdk.internal.vm.compiler.management jdk.jartool jdk.javadoc jdk.jcmd jdk.management jdk.management.agent jdk.jconsole jdk.jdeps jdk.jdwp.agent jdk.jdi jdk.jfr jdk.jlink jdk.jpackage jdk.jshell jdk.jsobject jdk.jstatd jdk.localedata jdk.management.jfr jdk.naming.dns jdk.naming.rmi jdk.net jdk.nio.mapmode jdk.random jdk.sctp jdk.security.auth jdk.security.jgss jdk.unsupported jdk.unsupported.desktop jdk.xml.dom"
OS_ARCH="x86_64"
OS_NAME="Linux"
SOURCE=""

Environment Variables:
PATH=/home/abel/.local/bin:/usr/local/sbin:/usr/local/bin:/usr/sbin:/usr/bin:/sbin:/bin:/usr/games:/usr/local/games:/snap/bin:/snap/bin:/home/abel/.antigravity/extensions/vscjava.vscode-java-debug-0.59.0-universal/bundled/scripts/noConfigScripts
USERNAME=abel
SHELL=/usr/bin/zsh
DISPLAY=:0
WAYLAND_DISPLAY=wayland-0
LANG=en_US.UTF-8
TERM=xterm-256color

Active Locale:
LC_ALL=en_US.UTF-8
LC_COLLATE=en_US.UTF-8
LC_CTYPE=en_US.UTF-8
LC_MESSAGES=en_US.UTF-8
LC_MONETARY=en_US.UTF-8
LC_NUMERIC=en_US.UTF-8
LC_TIME=en_US.UTF-8

Signal Handlers:
   SIGSEGV: crash_handler in libjvm.so, mask=11100100010111111101111111111110, flags=SA_RESTART|SA_SIGINFO, unblocked
    SIGBUS: crash_handler in libjvm.so, mask=11100100010111111101111111111110, flags=SA_RESTART|SA_SIGINFO, unblocked
    SIGFPE: crash_handler in libjvm.so, mask=11100100010111111101111111111110, flags=SA_RESTART|SA_SIGINFO, unblocked
   SIGPIPE: javaSignalHandler in libjvm.so, mask=11100100010111111101111111111110, flags=SA_RESTART|SA_SIGINFO, blocked
   SIGXFSZ: javaSignalHandler in libjvm.so, mask=11100100010111111101111111111110, flags=SA_RESTART|SA_SIGINFO, blocked
    SIGILL: crash_handler in libjvm.so, mask=11100100010111111101111111111110, flags=SA_RESTART|SA_SIGINFO, unblocked
   SIGUSR2: SR_handler in libjvm.so, mask=00000000000000000000000000000000, flags=SA_RESTART|SA_SIGINFO, blocked
    SIGHUP: UserHandler in libjvm.so, mask=11100100010111111101111111111110, flags=SA_RESTART|SA_SIGINFO, blocked
    SIGINT: UserHandler in libjvm.so, mask=11100100010111111101111111111110, flags=SA_RESTART|SA_SIGINFO, blocked
   SIGTERM: UserHandler in libjvm.so, mask=11100100010111111101111111111110, flags=SA_RESTART|SA_SIGINFO, blocked
   SIGQUIT: UserHandler in libjvm.so, mask=11100100010111111101111111111110, flags=SA_RESTART|SA_SIGINFO, blocked
   SIGTRAP: crash_handler in libjvm.so, mask=11100100010111111101111111111110, flags=SA_RESTART|SA_SIGINFO, unblocked


Periodic native trim disabled

---------------  S Y S T E M  ---------------

OS:
DISTRIB_ID=Ubuntu
DISTRIB_RELEASE=24.04
DISTRIB_CODENAME=noble
DISTRIB_DESCRIPTION="Ubuntu 24.04.4 LTS"
uname: Linux 6.17.0-14-generic #14~24.04.1-Ubuntu SMP PREEMPT_DYNAMIC Thu Jan 15 15:52:10 UTC 2 x86_64
OS uptime: 0 days 3:47 hours
libc: glibc 2.39 NPTL 2.39 
rlimit (soft/hard): STACK 8192k/infinity , CORE 0k/infinity , NPROC 127348/127348 , NOFILE 1048576/1048576 , AS infinity/infinity , CPU infinity/infinity , DATA infinity/infinity , FSIZE infinity/infinity , MEMLOCK 4090296k/4090296k
load average: 3.29 3.62 3.11

/proc/meminfo:
MemTotal:       32722388 kB
MemFree:         4213648 kB
MemAvailable:   16277936 kB
Buffers:          623892 kB
Cached:         12729788 kB
SwapCached:            0 kB
Active:         19347220 kB
Inactive:        7017368 kB
Active(anon):   14372924 kB
Inactive(anon):    65500 kB
Active(file):    4974296 kB
Inactive(file):  6951868 kB
Unevictable:      695716 kB
Mlocked:             136 kB
SwapTotal:       4194300 kB
SwapFree:        4194300 kB
Zswap:                 0 kB
Zswapped:              0 kB
Dirty:              6280 kB
Writeback:             0 kB
AnonPages:      13706816 kB
Mapped:          2952476 kB
Shmem:           1427544 kB
KReclaimable:     675932 kB
Slab:            1053556 kB
SReclaimable:     675932 kB
SUnreclaim:       377624 kB
KernelStack:       39072 kB
PageTables:       139156 kB
SecPageTables:      2788 kB
NFS_Unstable:          0 kB
Bounce:                0 kB
WritebackTmp:          0 kB
CommitLimit:    20555492 kB
Committed_AS:   57925620 kB
VmallocTotal:   34359738367 kB
VmallocUsed:       92764 kB
VmallocChunk:          0 kB
Percpu:            11680 kB
HardwareCorrupted:     0 kB
AnonHugePages:     94208 kB
ShmemHugePages:        0 kB
ShmemPmdMapped:        0 kB
FileHugePages:    391168 kB
FilePmdMapped:         0 kB
CmaTotal:              0 kB
CmaFree:               0 kB
Unaccepted:            0 kB
Balloon:               0 kB
HugePages_Total:       0
HugePages_Free:        0
HugePages_Rsvd:        0
HugePages_Surp:        0
Hugepagesize:       2048 kB
Hugetlb:               0 kB
DirectMap4k:      322916 kB
DirectMap2M:    13166592 kB
DirectMap1G:    19922944 kB

/sys/kernel/mm/transparent_hugepage/enabled: always [madvise] never
/sys/kernel/mm/transparent_hugepage/hpage_pmd_size: 2097152
/sys/kernel/mm/transparent_hugepage/defrag (defrag/compaction efforts parameter): always defer defer+madvise [madvise] never

Process Memory:
Virtual Size: 11880264K (peak: 11941160K)
Resident Set Size: 491900K (peak: 491900K) (anon: 466792K, file: 25108K, shmem: 0K)
Swapped out: 0K
C-Heap outstanding allocations: 38520K, retained: 44331K
glibc malloc tunables: (default)

/proc/sys/kernel/threads-max (system-wide limit on the number of threads): 254696
/proc/sys/vm/max_map_count (maximum number of memory map areas a process may have): 1048576
/proc/sys/vm/swappiness (control to define how aggressively the kernel swaps out anonymous memory): 60
/proc/sys/kernel/pid_max (system-wide limit on number of process identifiers): 4194304

container information not found.
Steal ticks since vm start: 0
Steal ticks percentage since vm start:  0.000

CPU: total 8 (initial active 8) (4 cores per cpu, 2 threads per core) family 6 model 142 stepping 10 microcode 0x84, cx8, cmov, fxsr, ht, mmx, 3dnowpref, sse, sse2, sse3, ssse3, sse4.1, sse4.2, popcnt, lzcnt, tsc, tscinvbit, avx, avx2, aes, erms, clmul, bmi1, bmi2, rtm, adx, fma, vzeroupper, clflush, clflushopt, rdtscp, f16c
CPU Model and flags from /proc/cpuinfo:
model name	: Intel(R) Core(TM) i7-8650U CPU @ 1.90GHz
flags		: fpu vme de pse tsc msr pae mce cx8 apic sep mtrr pge mca cmov pat pse36 clflush dts acpi mmx fxsr sse sse2 ss ht tm pbe syscall nx pdpe1gb rdtscp lm constant_tsc art arch_perfmon pebs bts rep_good nopl xtopology nonstop_tsc cpuid aperfmperf pni pclmulqdq dtes64 monitor ds_cpl vmx smx est tm2 ssse3 sdbg fma cx16 xtpr pdcm pcid sse4_1 sse4_2 x2apic movbe popcnt tsc_deadline_timer aes xsave avx f16c rdrand lahf_lm abm 3dnowprefetch cpuid_fault epb pti ibrs ibpb stibp tpr_shadow flexpriority ept vpid ept_ad fsgsbase tsc_adjust bmi1 hle avx2 smep bmi2 erms invpcid rtm mpx rdseed adx smap clflushopt intel_pt xsaveopt xsavec xgetbv1 xsaves dtherm ida arat pln pts hwp hwp_notify hwp_act_window hwp_epp vnmi

Online cpus: 0-7
Offline cpus: 
BIOS frequency limitation: <Not Available>
Frequency switch latency (ns): 0
Available cpu frequencies: <Not Available>
Current governor: powersave
Core performance/turbo boost: <Not Available>

Memory: 4k page, physical 32722388k(16277936k free), swap 4194300k(4194300k free)
Page Sizes: 4k

vm_info: OpenJDK 64-Bit Server VM (21.0.11+10-1-24.04.2-Ubuntu) for linux-amd64 JRE (21.0.11+10-1-24.04.2-Ubuntu), built on 2026-04-26T09:33:23Z by "buildd" with gcc 13.3.0

END.
